#-----------------------------------------------------------
# Vivado v2020.2 (64-bit)
# SW Build 3064766 on Wed Nov 18 09:12:45 MST 2020
# IP Build 3064653 on Wed Nov 18 14:17:31 MST 2020
# Start of session at: Sun Apr  2 02:48:54 2023
# Process ID: 17920
# Current directory: C:/Users/zeyne/Desktop/Spring22-23/ee102/lab2/Lab2_VHDL
# Command line: vivado.exe -gui_launcher_event rodinguilauncherevent11516 C:\Users\zeyne\Desktop\Spring22-23\ee102\lab2\Lab2_VHDL\Lab2_VHDL.xpr
# Log file: C:/Users/zeyne/Desktop/Spring22-23/ee102/lab2/Lab2_VHDL/vivado.log
# Journal file: C:/Users/zeyne/Desktop/Spring22-23/ee102/lab2/Lab2_VHDL\vivado.jou
#-----------------------------------------------------------
start_gui
open_project C:/Users/zeyne/Desktop/Spring22-23/ee102/lab2/Lab2_VHDL/Lab2_VHDL.xpr
WARNING: [filemgmt 56-3] Default IP Output Path : Could not find the directory 'C:/Users/zeyne/Desktop/Spring22-23/ee102/lab2/Lab2_VHDL/Lab2_VHDL.gen/sources_1'.
Scanning sources...
Finished scanning sources
INFO: [IP_Flow 19-234] Refreshing IP repositories
INFO: [IP_Flow 19-1704] No user IP repositories specified
INFO: [IP_Flow 19-2313] Loaded Vivado IP repository 'C:/Xilinx/Vivado/2020.2/data/ip'.
open_project: Time (s): cpu = 00:00:04 ; elapsed = 00:00:06 . Memory (MB): peak = 1019.230 ; gain = 0.000
update_compile_order -fileset sources_1
synth_design -rtl -rtl_skip_mlo -name rtl_1
Command: synth_design -rtl -rtl_skip_mlo -name rtl_1
Starting synth_design
Using part: xc7a35tcpg236-1
Top: Lab2_VHDL
INFO: [Device 21-403] Loading part xc7a35tcpg236-1
---------------------------------------------------------------------------------
Starting RTL Elaboration : Time (s): cpu = 00:00:03 ; elapsed = 00:00:04 . Memory (MB): peak = 1327.281 ; gain = 252.102
---------------------------------------------------------------------------------
INFO: [Synth 8-638] synthesizing module 'Lab2_VHDL' [C:/Users/zeyne/Desktop/Spring22-23/ee102/lab2/Lab2_VHDL/Lab2_VHDL.srcs/sources_1/new/Lab2_VHDL.vhd:26]
WARNING: [Synth 8-614] signal 'sig1' is read in the process but is not in the sensitivity list [C:/Users/zeyne/Desktop/Spring22-23/ee102/lab2/Lab2_VHDL/Lab2_VHDL.srcs/sources_1/new/Lab2_VHDL.vhd:29]
WARNING: [Synth 8-614] signal 's3' is read in the process but is not in the sensitivity list [C:/Users/zeyne/Desktop/Spring22-23/ee102/lab2/Lab2_VHDL/Lab2_VHDL.srcs/sources_1/new/Lab2_VHDL.vhd:29]
WARNING: [Synth 8-614] signal 'sig4' is read in the process but is not in the sensitivity list [C:/Users/zeyne/Desktop/Spring22-23/ee102/lab2/Lab2_VHDL/Lab2_VHDL.srcs/sources_1/new/Lab2_VHDL.vhd:29]
WARNING: [Synth 8-614] signal 'sig3' is read in the process but is not in the sensitivity list [C:/Users/zeyne/Desktop/Spring22-23/ee102/lab2/Lab2_VHDL/Lab2_VHDL.srcs/sources_1/new/Lab2_VHDL.vhd:29]
WARNING: [Synth 8-614] signal 'sig2' is read in the process but is not in the sensitivity list [C:/Users/zeyne/Desktop/Spring22-23/ee102/lab2/Lab2_VHDL/Lab2_VHDL.srcs/sources_1/new/Lab2_VHDL.vhd:29]
INFO: [Synth 8-256] done synthesizing module 'Lab2_VHDL' (1#1) [C:/Users/zeyne/Desktop/Spring22-23/ee102/lab2/Lab2_VHDL/Lab2_VHDL.srcs/sources_1/new/Lab2_VHDL.vhd:26]
---------------------------------------------------------------------------------
Finished RTL Elaboration : Time (s): cpu = 00:00:03 ; elapsed = 00:00:05 . Memory (MB): peak = 1380.324 ; gain = 305.145
---------------------------------------------------------------------------------
---------------------------------------------------------------------------------
Start Handling Custom Attributes
---------------------------------------------------------------------------------
---------------------------------------------------------------------------------
Finished Handling Custom Attributes : Time (s): cpu = 00:00:03 ; elapsed = 00:00:05 . Memory (MB): peak = 1380.324 ; gain = 305.145
---------------------------------------------------------------------------------
---------------------------------------------------------------------------------
Finished RTL Optimization Phase 1 : Time (s): cpu = 00:00:03 ; elapsed = 00:00:05 . Memory (MB): peak = 1380.324 ; gain = 305.145
---------------------------------------------------------------------------------
Netlist sorting complete. Time (s): cpu = 00:00:00 ; elapsed = 00:00:00 . Memory (MB): peak = 1380.324 ; gain = 0.000
INFO: [Project 1-570] Preparing netlist for logic optimization

Processing XDC Constraints
Initializing timing engine
Parsing XDC File [C:/Users/zeyne/Desktop/Spring22-23/ee102/lab2/Lab2_VHDL/Lab2_VHDL.srcs/constrs_1/new/constraint.xdc]
Finished Parsing XDC File [C:/Users/zeyne/Desktop/Spring22-23/ee102/lab2/Lab2_VHDL/Lab2_VHDL.srcs/constrs_1/new/constraint.xdc]
Completed Processing XDC Constraints

Netlist sorting complete. Time (s): cpu = 00:00:00 ; elapsed = 00:00:00 . Memory (MB): peak = 1418.902 ; gain = 0.000
INFO: [Project 1-111] Unisim Transformation Summary:
No Unisim elements were transformed.

RTL Elaboration Complete:  : Time (s): cpu = 00:00:07 ; elapsed = 00:00:09 . Memory (MB): peak = 1540.871 ; gain = 465.691
5 Infos, 5 Warnings, 0 Critical Warnings and 0 Errors encountered.
synth_design completed successfully
synth_design: Time (s): cpu = 00:00:09 ; elapsed = 00:00:15 . Memory (MB): peak = 1540.871 ; gain = 521.641
launch_simulation
Command: launch_simulation 
INFO: [Vivado 12-5682] Launching behavioral simulation in 'C:/Users/zeyne/Desktop/Spring22-23/ee102/lab2/Lab2_VHDL/Lab2_VHDL.sim/sim_1/behav/xsim'
INFO: [SIM-utils-51] Simulation object is 'sim_1'
INFO: [SIM-utils-54] Inspecting design source files for 'testBench' in fileset 'sim_1'...
INFO: [USF-XSim-97] Finding global include files...
INFO: [USF-XSim-98] Fetching design files from 'sim_1'...
INFO: [USF-XSim-2] XSim::Compile design
INFO: [USF-XSim-61] Executing 'COMPILE and ANALYZE' step in 'C:/Users/zeyne/Desktop/Spring22-23/ee102/lab2/Lab2_VHDL/Lab2_VHDL.sim/sim_1/behav/xsim'
"xvhdl --incr --relax -prj testBench_vhdl.prj"
INFO: [USF-XSim-69] 'compile' step finished in '1' seconds
INFO: [USF-XSim-3] XSim::Elaborate design
INFO: [USF-XSim-61] Executing 'ELABORATE' step in 'C:/Users/zeyne/Desktop/Spring22-23/ee102/lab2/Lab2_VHDL/Lab2_VHDL.sim/sim_1/behav/xsim'
"xelab -wto 7812ad18c49c4adaa12064d82a53d50e --incr --debug typical --relax --mt 2 -L xil_defaultlib -L secureip --snapshot testBench_behav xil_defaultlib.testBench -log elaborate.log"
Vivado Simulator 2020.2
Copyright 1986-1999, 2001-2020 Xilinx, Inc. All Rights Reserved.
Running: C:/Xilinx/Vivado/2020.2/bin/unwrapped/win64.o/xelab.exe -wto 7812ad18c49c4adaa12064d82a53d50e --incr --debug typical --relax --mt 2 -L xil_defaultlib -L secureip --snapshot testBench_behav xil_defaultlib.testBench -log elaborate.log 
Using 2 slave threads.
Starting static elaboration
Completed static elaboration
INFO: [XSIM 43-4323] No Change in HDL. Linking previously generated obj files to create kernel
INFO: [USF-XSim-69] 'elaborate' step finished in '2' seconds
INFO: [USF-XSim-4] XSim::Simulate design
INFO: [USF-XSim-61] Executing 'SIMULATE' step in 'C:/Users/zeyne/Desktop/Spring22-23/ee102/lab2/Lab2_VHDL/Lab2_VHDL.sim/sim_1/behav/xsim'
INFO: [USF-XSim-98] *** Running xsim
   with args "testBench_behav -key {Behavioral:sim_1:Functional:testBench} -tclbatch {testBench.tcl} -log {simulate.log}"
INFO: [USF-XSim-8] Loading simulator feature
Vivado Simulator 2020.2
Time resolution is 1 ps
source testBench.tcl
# set curr_wave [current_wave_config]
# if { [string length $curr_wave] == 0 } {
#   if { [llength [get_objects]] > 0} {
#     add_wave /
#     set_property needs_save false [current_wave_config]
#   } else {
#      send_msg_id Add_Wave-1 WARNING "No top level signals found. Simulator will start without a wave window. If you want to open a wave window go to 'File->New Waveform Configuration' or type 'create_wave_config' in the TCL console."
#   }
# }
# run 1000ns
INFO: [USF-XSim-96] XSim completed. Design snapshot 'testBench_behav' loaded.
INFO: [USF-XSim-97] XSim simulation ran for 1000ns
launch_simulation: Time (s): cpu = 00:00:03 ; elapsed = 00:00:07 . Memory (MB): peak = 1584.500 ; gain = 37.641
reset_run synth_1
WARNING: [Vivado 12-1017] Problems encountered:
1. Failed to delete one or more files in run directory C:/Users/zeyne/Desktop/Spring22-23/ee102/lab2/Lab2_VHDL/Lab2_VHDL.runs/synth_1

launch_runs impl_1 -to_step write_bitstream -jobs 4
[Sun Apr  2 03:43:54 2023] Launched synth_1...
Run output will be captured here: C:/Users/zeyne/Desktop/Spring22-23/ee102/lab2/Lab2_VHDL/Lab2_VHDL.runs/synth_1/runme.log
[Sun Apr  2 03:43:54 2023] Launched impl_1...
Run output will be captured here: C:/Users/zeyne/Desktop/Spring22-23/ee102/lab2/Lab2_VHDL/Lab2_VHDL.runs/impl_1/runme.log
open_hw_manager
connect_hw_server -allow_non_jtag
INFO: [Labtools 27-2285] Connecting to hw_server url TCP:localhost:3121
INFO: [Labtools 27-2222] Launching hw_server...
INFO: [Labtools 27-2221] Launch Output:

****** Xilinx hw_server v2020.2
  **** Build date : Nov 18 2020 at 10:01:48
    ** Copyright 1986-2020 Xilinx, Inc. All Rights Reserved.


INFO: [Labtools 27-3415] Connecting to cs_server url TCP:localhost:3042
INFO: [Labtools 27-3417] Launching cs_server...
INFO: [Labtools 27-2221] Launch Output:


******** Xilinx cs_server v2020.2
  ****** Build date   : Nov 04 2020-00:02:56
    **** Build number : 2020.2.1604437376
      ** Copyright 2017-2020 Xilinx, Inc. All Rights Reserved.



connect_hw_server: Time (s): cpu = 00:00:00 ; elapsed = 00:00:09 . Memory (MB): peak = 1673.527 ; gain = 1.152
open_hw_target
INFO: [Labtoolstcl 44-466] Opening hw_target localhost:3121/xilinx_tcf/Digilent/210183AA1409A
set_property PROGRAM.FILE {C:/Users/zeyne/Desktop/Spring22-23/ee102/lab2/Lab2_VHDL/Lab2_VHDL.runs/impl_1/Lab2_VHDL.bit} [get_hw_devices xc7a35t_0]
current_hw_device [get_hw_devices xc7a35t_0]
refresh_hw_device -update_hw_probes false [lindex [get_hw_devices xc7a35t_0] 0]
INFO: [Labtools 27-1434] Device xc7a35t (JTAG device index = 0) is programmed with a design that has no supported debug core(s) in it.
set_property PROBES.FILE {} [get_hw_devices xc7a35t_0]
set_property FULL_PROBES.FILE {} [get_hw_devices xc7a35t_0]
set_property PROGRAM.FILE {C:/Users/zeyne/Desktop/Spring22-23/ee102/lab2/Lab2_VHDL/Lab2_VHDL.runs/impl_1/Lab2_VHDL.bit} [get_hw_devices xc7a35t_0]
program_hw_devices [get_hw_devices xc7a35t_0]
INFO: [Labtools 27-3164] End of startup status: HIGH
refresh_hw_device [lindex [get_hw_devices xc7a35t_0] 0]
INFO: [Labtools 27-1434] Device xc7a35t (JTAG device index = 0) is programmed with a design that has no supported debug core(s) in it.
ERROR: [Labtoolstcl 44-513] HW Target shutdown. Closing target: localhost:3121/xilinx_tcf/Digilent/210183AA1409A
disconnect_hw_server localhost:3121
connect_hw_server -allow_non_jtag
INFO: [Labtools 27-2285] Connecting to hw_server url TCP:localhost:3121
INFO: [Labtools 27-3415] Connecting to cs_server url TCP:localhost:3042
INFO: [Labtools 27-3414] Connected to existing cs_server.
open_hw_target
INFO: [Labtoolstcl 44-466] Opening hw_target localhost:3121/xilinx_tcf/Digilent/210183AA1409A
set_property PROGRAM.FILE {C:/Users/zeyne/Desktop/Spring22-23/ee102/lab2/Lab2_VHDL/Lab2_VHDL.runs/impl_1/Lab2_VHDL.bit} [get_hw_devices xc7a35t_0]
current_hw_device [get_hw_devices xc7a35t_0]
refresh_hw_device -update_hw_probes false [lindex [get_hw_devices xc7a35t_0] 0]
INFO: [Labtools 27-1434] Device xc7a35t (JTAG device index = 0) is programmed with a design that has no supported debug core(s) in it.
set_property PROBES.FILE {} [get_hw_devices xc7a35t_0]
set_property FULL_PROBES.FILE {} [get_hw_devices xc7a35t_0]
set_property PROGRAM.FILE {C:/Users/zeyne/Desktop/Spring22-23/ee102/lab2/Lab2_VHDL/Lab2_VHDL.runs/impl_1/Lab2_VHDL.bit} [get_hw_devices xc7a35t_0]
program_hw_devices [get_hw_devices xc7a35t_0]
INFO: [Labtools 27-3164] End of startup status: HIGH
refresh_hw_device [lindex [get_hw_devices xc7a35t_0] 0]
INFO: [Labtools 27-1434] Device xc7a35t (JTAG device index = 0) is programmed with a design that has no supported debug core(s) in it.
close_sim
INFO: [Simtcl 6-16] Simulation closed
close_sim: Time (s): cpu = 00:00:00 ; elapsed = 00:00:07 . Memory (MB): peak = 3257.449 ; gain = 0.000
exit
INFO: [Common 17-206] Exiting Vivado at Tue Apr  4 21:31:12 2023...
