#-----------------------------------------------------------
# Vivado v2020.2 (64-bit)
# SW Build 3064766 on Wed Nov 18 09:12:45 MST 2020
# IP Build 3064653 on Wed Nov 18 14:17:31 MST 2020
# Start of session at: Fri Mar 31 13:52:12 2023
# Process ID: 5968
# Current directory: C:/Users/zeyne/Desktop/Spring22-23/ee102/lab2/Lab2_VHDL
# Command line: vivado.exe -gui_launcher_event rodinguilauncherevent12076 C:\Users\zeyne\Desktop\Spring22-23\ee102\lab2\Lab2_VHDL\Lab2_VHDL.xpr
# Log file: C:/Users/zeyne/Desktop/Spring22-23/ee102/lab2/Lab2_VHDL/vivado.log
# Journal file: C:/Users/zeyne/Desktop/Spring22-23/ee102/lab2/Lab2_VHDL\vivado.jou
#-----------------------------------------------------------
start_gui
open_project C:/Users/zeyne/Desktop/Spring22-23/ee102/lab2/Lab2_VHDL/Lab2_VHDL.xpr
WARNING: [filemgmt 56-3] Default IP Output Path : Could not find the directory 'C:/Users/zeyne/Desktop/Spring22-23/ee102/lab2/Lab2_VHDL/Lab2_VHDL.gen/sources_1'.
Scanning sources...
Finished scanning sources
INFO: [IP_Flow 19-234] Refreshing IP repositories
INFO: [IP_Flow 19-1704] No user IP repositories specified
INFO: [IP_Flow 19-2313] Loaded Vivado IP repository 'C:/Xilinx/Vivado/2020.2/data/ip'.
update_compile_order -fileset sources_1
launch_simulation
Command: launch_simulation 
INFO: [Vivado 12-5682] Launching behavioral simulation in 'C:/Users/zeyne/Desktop/Spring22-23/ee102/lab2/Lab2_VHDL/Lab2_VHDL.sim/sim_1/behav/xsim'
INFO: [SIM-utils-51] Simulation object is 'sim_1'
INFO: [SIM-utils-54] Inspecting design source files for 'testBench' in fileset 'sim_1'...
INFO: [USF-XSim-97] Finding global include files...
INFO: [USF-XSim-98] Fetching design files from 'sim_1'...
INFO: [USF-XSim-2] XSim::Compile design
INFO: [USF-XSim-61] Executing 'COMPILE and ANALYZE' step in 'C:/Users/zeyne/Desktop/Spring22-23/ee102/lab2/Lab2_VHDL/Lab2_VHDL.sim/sim_1/behav/xsim'
"xvhdl --incr --relax -prj testBench_vhdl.prj"
INFO: [VRFC 10-163] Analyzing VHDL file "C:/Users/zeyne/Desktop/Spring22-23/ee102/lab2/Lab2_VHDL/Lab2_VHDL.srcs/sim_1/new/testBench.vhd" into library xil_defaultlib
INFO: [VRFC 10-3107] analyzing entity 'testBench'
INFO: [USF-XSim-69] 'compile' step finished in '1' seconds
INFO: [USF-XSim-3] XSim::Elaborate design
INFO: [USF-XSim-61] Executing 'ELABORATE' step in 'C:/Users/zeyne/Desktop/Spring22-23/ee102/lab2/Lab2_VHDL/Lab2_VHDL.sim/sim_1/behav/xsim'
"xelab -wto 7812ad18c49c4adaa12064d82a53d50e --incr --debug typical --relax --mt 2 -L xil_defaultlib -L secureip --snapshot testBench_behav xil_defaultlib.testBench -log elaborate.log"
Vivado Simulator 2020.2
Copyright 1986-1999, 2001-2020 Xilinx, Inc. All Rights Reserved.
Running: C:/Xilinx/Vivado/2020.2/bin/unwrapped/win64.o/xelab.exe -wto 7812ad18c49c4adaa12064d82a53d50e --incr --debug typical --relax --mt 2 -L xil_defaultlib -L secureip --snapshot testBench_behav xil_defaultlib.testBench -log elaborate.log 
Using 2 slave threads.
Starting static elaboration
Completed static elaboration
Starting simulation data flow analysis
Completed simulation data flow analysis
Time Resolution for simulation is 1ps
Compiling package std.standard
Compiling package std.textio
Compiling package ieee.std_logic_1164
Compiling architecture behavioral of entity xil_defaultlib.Lab2_VHDL [lab2_vhdl_default]
Compiling architecture behavioral of entity xil_defaultlib.testbench
Built simulation snapshot testBench_behav

****** Webtalk v2020.2 (64-bit)
  **** SW Build 3064766 on Wed Nov 18 09:12:45 MST 2020
  **** IP Build 3064653 on Wed Nov 18 14:17:31 MST 2020
    ** Copyright 1986-2020 Xilinx, Inc. All Rights Reserved.

source C:/Users/zeyne/Desktop/Spring22-23/ee102/lab2/Lab2_VHDL/Lab2_VHDL.sim/sim_1/behav/xsim/xsim.dir/testBench_behav/webtalk/xsim_webtalk.tcl -notrace
INFO: [Common 17-186] 'C:/Users/zeyne/Desktop/Spring22-23/ee102/lab2/Lab2_VHDL/Lab2_VHDL.sim/sim_1/behav/xsim/xsim.dir/testBench_behav/webtalk/usage_statistics_ext_xsim.xml' has been successfully sent to Xilinx on Fri Mar 31 13:54:00 2023. For additional details about this file, please refer to the WebTalk help file at C:/Xilinx/Vivado/2020.2/doc/webtalk_introduction.html.
INFO: [Common 17-206] Exiting Webtalk at Fri Mar 31 13:54:00 2023...
run_program: Time (s): cpu = 00:00:01 ; elapsed = 00:00:06 . Memory (MB): peak = 1015.082 ; gain = 0.000
INFO: [USF-XSim-69] 'elaborate' step finished in '6' seconds
INFO: [USF-XSim-4] XSim::Simulate design
INFO: [USF-XSim-61] Executing 'SIMULATE' step in 'C:/Users/zeyne/Desktop/Spring22-23/ee102/lab2/Lab2_VHDL/Lab2_VHDL.sim/sim_1/behav/xsim'
INFO: [USF-XSim-98] *** Running xsim
   with args "testBench_behav -key {Behavioral:sim_1:Functional:testBench} -tclbatch {testBench.tcl} -log {simulate.log}"
INFO: [USF-XSim-8] Loading simulator feature
Vivado Simulator 2020.2
Time resolution is 1 ps
source testBench.tcl
# set curr_wave [current_wave_config]
# if { [string length $curr_wave] == 0 } {
#   if { [llength [get_objects]] > 0} {
#     add_wave /
#     set_property needs_save false [current_wave_config]
#   } else {
#      send_msg_id Add_Wave-1 WARNING "No top level signals found. Simulator will start without a wave window. If you want to open a wave window go to 'File->New Waveform Configuration' or type 'create_wave_config' in the TCL console."
#   }
# }
# run 1000ns
xsim: Time (s): cpu = 00:00:03 ; elapsed = 00:00:06 . Memory (MB): peak = 1015.082 ; gain = 0.000
INFO: [USF-XSim-96] XSim completed. Design snapshot 'testBench_behav' loaded.
INFO: [USF-XSim-97] XSim simulation ran for 1000ns
launch_simulation: Time (s): cpu = 00:00:04 ; elapsed = 00:00:14 . Memory (MB): peak = 1015.082 ; gain = 0.000
close_sim
INFO: [Simtcl 6-16] Simulation closed
close_sim: Time (s): cpu = 00:00:00 ; elapsed = 00:00:05 . Memory (MB): peak = 1015.082 ; gain = 0.000
exit
INFO: [Common 17-206] Exiting Vivado at Fri Mar 31 13:55:11 2023...
