#-----------------------------------------------------------
# Vivado v2020.2 (64-bit)
# SW Build 3064766 on Wed Nov 18 09:12:45 MST 2020
# IP Build 3064653 on Wed Nov 18 14:17:31 MST 2020
# Start of session at: Wed Mar 29 00:27:17 2023
# Process ID: 4944
# Current directory: C:/Users/zeyne/Desktop/Spring22-23/ee102/lab2/Lab2_VHDL
# Command line: vivado.exe -gui_launcher_event rodinguilauncherevent18044 C:\Users\zeyne\Desktop\Spring22-23\ee102\lab2\Lab2_VHDL\Lab2_VHDL.xpr
# Log file: C:/Users/zeyne/Desktop/Spring22-23/ee102/lab2/Lab2_VHDL/vivado.log
# Journal file: C:/Users/zeyne/Desktop/Spring22-23/ee102/lab2/Lab2_VHDL\vivado.jou
#-----------------------------------------------------------
start_gui
open_project C:/Users/zeyne/Desktop/Spring22-23/ee102/lab2/Lab2_VHDL/Lab2_VHDL.xpr
WARNING: [filemgmt 56-3] Default IP Output Path : Could not find the directory 'C:/Users/zeyne/Desktop/Spring22-23/ee102/lab2/Lab2_VHDL/Lab2_VHDL.gen/sources_1'.
Scanning sources...
Finished scanning sources
INFO: [IP_Flow 19-234] Refreshing IP repositories
INFO: [IP_Flow 19-1704] No user IP repositories specified
INFO: [IP_Flow 19-2313] Loaded Vivado IP repository 'C:/Xilinx/Vivado/2020.2/data/ip'.
update_compile_order -fileset sources_1
set_property SOURCE_SET sources_1 [get_filesets sim_1]
add_files -fileset sim_1 -norecurse C:/Users/zeyne/Desktop/Spring22-23/ee102/lab2/Lab2_VHDL/Lab2_VHDL.srcs/sim_1/new/test1.vhd
WARNING: [filemgmt 56-12] File 'C:/Users/zeyne/Desktop/Spring22-23/ee102/lab2/Lab2_VHDL/Lab2_VHDL.srcs/sim_1/new/test1.vhd' cannot be added to the project because it already exists in the project, skipping this file
set_property SOURCE_SET sources_1 [get_filesets sim_1]
close [ open C:/Users/zeyne/Desktop/Spring22-23/ee102/lab2/Lab2_VHDL/Lab2_VHDL.srcs/sim_1/new/test.vhd w ]
add_files -fileset sim_1 C:/Users/zeyne/Desktop/Spring22-23/ee102/lab2/Lab2_VHDL/Lab2_VHDL.srcs/sim_1/new/test.vhd
update_compile_order -fileset sim_1
launch_simulation
Command: launch_simulation 
INFO: [Vivado 12-5682] Launching behavioral simulation in 'C:/Users/zeyne/Desktop/Spring22-23/ee102/lab2/Lab2_VHDL/Lab2_VHDL.sim/sim_1/behav/xsim'
INFO: [SIM-utils-51] Simulation object is 'sim_1'
INFO: [SIM-utils-54] Inspecting design source files for 'Lab2_VHDL' in fileset 'sim_1'...
INFO: [USF-XSim-97] Finding global include files...
INFO: [USF-XSim-98] Fetching design files from 'sim_1'...
INFO: [USF-XSim-2] XSim::Compile design
INFO: [USF-XSim-61] Executing 'COMPILE and ANALYZE' step in 'C:/Users/zeyne/Desktop/Spring22-23/ee102/lab2/Lab2_VHDL/Lab2_VHDL.sim/sim_1/behav/xsim'
"xvhdl --incr --relax -prj Lab2_VHDL_vhdl.prj"
INFO: [USF-XSim-69] 'compile' step finished in '1' seconds
INFO: [USF-XSim-3] XSim::Elaborate design
INFO: [USF-XSim-61] Executing 'ELABORATE' step in 'C:/Users/zeyne/Desktop/Spring22-23/ee102/lab2/Lab2_VHDL/Lab2_VHDL.sim/sim_1/behav/xsim'
"xelab -wto 7812ad18c49c4adaa12064d82a53d50e --incr --debug typical --relax --mt 2 -L xil_defaultlib -L secureip --snapshot Lab2_VHDL_behav xil_defaultlib.Lab2_VHDL -log elaborate.log"
Vivado Simulator 2020.2
Copyright 1986-1999, 2001-2020 Xilinx, Inc. All Rights Reserved.
Running: C:/Xilinx/Vivado/2020.2/bin/unwrapped/win64.o/xelab.exe -wto 7812ad18c49c4adaa12064d82a53d50e --incr --debug typical --relax --mt 2 -L xil_defaultlib -L secureip --snapshot Lab2_VHDL_behav xil_defaultlib.Lab2_VHDL -log elaborate.log 
Using 2 slave threads.
Starting static elaboration
Completed static elaboration
INFO: [XSIM 43-4323] No Change in HDL. Linking previously generated obj files to create kernel
INFO: [USF-XSim-69] 'elaborate' step finished in '1' seconds
INFO: [USF-XSim-4] XSim::Simulate design
INFO: [USF-XSim-61] Executing 'SIMULATE' step in 'C:/Users/zeyne/Desktop/Spring22-23/ee102/lab2/Lab2_VHDL/Lab2_VHDL.sim/sim_1/behav/xsim'
INFO: [USF-XSim-98] *** Running xsim
   with args "Lab2_VHDL_behav -key {Behavioral:sim_1:Functional:Lab2_VHDL} -tclbatch {Lab2_VHDL.tcl} -log {simulate.log}"
INFO: [USF-XSim-8] Loading simulator feature
Vivado Simulator 2020.2
Time resolution is 1 ps
source Lab2_VHDL.tcl
# set curr_wave [current_wave_config]
# if { [string length $curr_wave] == 0 } {
#   if { [llength [get_objects]] > 0} {
#     add_wave /
#     set_property needs_save false [current_wave_config]
#   } else {
#      send_msg_id Add_Wave-1 WARNING "No top level signals found. Simulator will start without a wave window. If you want to open a wave window go to 'File->New Waveform Configuration' or type 'create_wave_config' in the TCL console."
#   }
# }
# run 1000ns
INFO: [USF-XSim-96] XSim completed. Design snapshot 'Lab2_VHDL_behav' loaded.
INFO: [USF-XSim-97] XSim simulation ran for 1000ns
launch_simulation: Time (s): cpu = 00:00:02 ; elapsed = 00:00:06 . Memory (MB): peak = 1017.043 ; gain = 0.000
close_sim
INFO: [Simtcl 6-16] Simulation closed
launch_simulation
Command: launch_simulation 
INFO: [Vivado 12-5682] Launching behavioral simulation in 'C:/Users/zeyne/Desktop/Spring22-23/ee102/lab2/Lab2_VHDL/Lab2_VHDL.sim/sim_1/behav/xsim'
INFO: [SIM-utils-51] Simulation object is 'sim_1'
INFO: [SIM-utils-54] Inspecting design source files for 'Lab2_VHDL' in fileset 'sim_1'...
INFO: [USF-XSim-97] Finding global include files...
INFO: [USF-XSim-98] Fetching design files from 'sim_1'...
INFO: [USF-XSim-2] XSim::Compile design
INFO: [USF-XSim-61] Executing 'COMPILE and ANALYZE' step in 'C:/Users/zeyne/Desktop/Spring22-23/ee102/lab2/Lab2_VHDL/Lab2_VHDL.sim/sim_1/behav/xsim'
"xvhdl --incr --relax -prj Lab2_VHDL_vhdl.prj"
INFO: [USF-XSim-69] 'compile' step finished in '1' seconds
INFO: [USF-XSim-3] XSim::Elaborate design
INFO: [USF-XSim-61] Executing 'ELABORATE' step in 'C:/Users/zeyne/Desktop/Spring22-23/ee102/lab2/Lab2_VHDL/Lab2_VHDL.sim/sim_1/behav/xsim'
"xelab -wto 7812ad18c49c4adaa12064d82a53d50e --incr --debug typical --relax --mt 2 -L xil_defaultlib -L secureip --snapshot Lab2_VHDL_behav xil_defaultlib.Lab2_VHDL -log elaborate.log"
Vivado Simulator 2020.2
Copyright 1986-1999, 2001-2020 Xilinx, Inc. All Rights Reserved.
Running: C:/Xilinx/Vivado/2020.2/bin/unwrapped/win64.o/xelab.exe -wto 7812ad18c49c4adaa12064d82a53d50e --incr --debug typical --relax --mt 2 -L xil_defaultlib -L secureip --snapshot Lab2_VHDL_behav xil_defaultlib.Lab2_VHDL -log elaborate.log 
Using 2 slave threads.
Starting static elaboration
Completed static elaboration
INFO: [XSIM 43-4323] No Change in HDL. Linking previously generated obj files to create kernel
INFO: [USF-XSim-69] 'elaborate' step finished in '1' seconds
INFO: [USF-XSim-4] XSim::Simulate design
INFO: [USF-XSim-61] Executing 'SIMULATE' step in 'C:/Users/zeyne/Desktop/Spring22-23/ee102/lab2/Lab2_VHDL/Lab2_VHDL.sim/sim_1/behav/xsim'
INFO: [USF-XSim-98] *** Running xsim
   with args "Lab2_VHDL_behav -key {Behavioral:sim_1:Functional:Lab2_VHDL} -tclbatch {Lab2_VHDL.tcl} -log {simulate.log}"
INFO: [USF-XSim-8] Loading simulator feature
Vivado Simulator 2020.2
Time resolution is 1 ps
source Lab2_VHDL.tcl
# set curr_wave [current_wave_config]
# if { [string length $curr_wave] == 0 } {
#   if { [llength [get_objects]] > 0} {
#     add_wave /
#     set_property needs_save false [current_wave_config]
#   } else {
#      send_msg_id Add_Wave-1 WARNING "No top level signals found. Simulator will start without a wave window. If you want to open a wave window go to 'File->New Waveform Configuration' or type 'create_wave_config' in the TCL console."
#   }
# }
# run 1000ns
INFO: [USF-XSim-96] XSim completed. Design snapshot 'Lab2_VHDL_behav' loaded.
INFO: [USF-XSim-97] XSim simulation ran for 1000ns
close_sim
INFO: [Simtcl 6-16] Simulation closed
exit
INFO: [Common 17-206] Exiting Vivado at Wed Mar 29 10:05:08 2023...
