Copyright 1986-2020 Xilinx, Inc. All Rights Reserved.
--------------------------------------------------------------------------------------------------------------------------------------------------------------------------------
| Tool Version : Vivado v.2020.2 (win64) Build 3064766 Wed Nov 18 09:12:45 MST 2020
| Date         : Tue May 16 09:40:53 2023
| Host         : zeynep running 64-bit major release  (build 9200)
| Command      : report_timing_summary -max_paths 10 -file GCD_timing_summary_routed.rpt -pb GCD_timing_summary_routed.pb -rpx GCD_timing_summary_routed.rpx -warn_on_violation
| Design       : GCD
| Device       : 7a35t-cpg236
| Speed File   : -1  PRODUCTION 1.23 2018-06-13
--------------------------------------------------------------------------------------------------------------------------------------------------------------------------------

Timing Summary Report

------------------------------------------------------------------------------------------------
| Timer Settings
| --------------
------------------------------------------------------------------------------------------------

  Enable Multi Corner Analysis               :  Yes
  Enable Pessimism Removal                   :  Yes
  Pessimism Removal Resolution               :  Nearest Common Node
  Enable Input Delay Default Clock           :  No
  Enable Preset / Clear Arcs                 :  No
  Disable Flight Delays                      :  No
  Ignore I/O Paths                           :  No
  Timing Early Launch at Borrowing Latches   :  No
  Borrow Time for Max Delay Exceptions       :  Yes
  Merge Timing Exceptions                    :  Yes

  Corner  Analyze    Analyze    
  Name    Max Paths  Min Paths  
  ------  ---------  ---------  
  Slow    Yes        Yes        
  Fast    Yes        Yes        



check_timing report

Table of Contents
-----------------
1. checking no_clock (0)
2. checking constant_clock (0)
3. checking pulse_width_clock (0)
4. checking unconstrained_internal_endpoints (0)
5. checking no_input_delay (18)
6. checking no_output_delay (9)
7. checking multiple_clock (0)
8. checking generated_clocks (0)
9. checking loops (0)
10. checking partial_input_delay (0)
11. checking partial_output_delay (0)
12. checking latch_loops (0)

1. checking no_clock (0)
------------------------
 There are 0 register/latch pins with no clock.


2. checking constant_clock (0)
------------------------------
 There are 0 register/latch pins with constant_clock.


3. checking pulse_width_clock (0)
---------------------------------
 There are 0 register/latch pins which need pulse_width check


4. checking unconstrained_internal_endpoints (0)
------------------------------------------------
 There are 0 pins that are not constrained for maximum delay.

 There are 0 pins that are not constrained for maximum delay due to constant clock.


5. checking no_input_delay (18)
-------------------------------
 There are 18 input ports with no input delay specified. (HIGH)

 There are 0 input ports with no input delay but user has a false path constraint.


6. checking no_output_delay (9)
-------------------------------
 There are 9 ports with no output delay specified. (HIGH)

 There are 0 ports with no output delay but user has a false path constraint

 There are 0 ports with no output delay but with a timing clock defined on it or propagating through it


7. checking multiple_clock (0)
------------------------------
 There are 0 register/latch pins with multiple clocks.


8. checking generated_clocks (0)
--------------------------------
 There are 0 generated clocks that are not connected to a clock source.


9. checking loops (0)
---------------------
 There are 0 combinational loops in the design.


10. checking partial_input_delay (0)
------------------------------------
 There are 0 input ports with partial input delay specified.


11. checking partial_output_delay (0)
-------------------------------------
 There are 0 ports with partial output delay specified.


12. checking latch_loops (0)
----------------------------
 There are 0 combinational latch loops in the design through latch input



------------------------------------------------------------------------------------------------
| Design Timing Summary
| ---------------------
------------------------------------------------------------------------------------------------

    WNS(ns)      TNS(ns)  TNS Failing Endpoints  TNS Total Endpoints      WHS(ns)      THS(ns)  THS Failing Endpoints  THS Total Endpoints     WPWS(ns)     TPWS(ns)  TPWS Failing Endpoints  TPWS Total Endpoints  
    -------      -------  ---------------------  -------------------      -------      -------  ---------------------  -------------------     --------     --------  ----------------------  --------------------  
      5.216        0.000                      0                   34        0.198        0.000                      0                   34        4.500        0.000                       0                    19  


All user specified timing constraints are met.


------------------------------------------------------------------------------------------------
| Clock Summary
| -------------
------------------------------------------------------------------------------------------------

Clock        Waveform(ns)       Period(ns)      Frequency(MHz)
-----        ------------       ----------      --------------
sys_clk_pin  {0.000 5.000}      10.000          100.000         


------------------------------------------------------------------------------------------------
| Intra Clock Table
| -----------------
------------------------------------------------------------------------------------------------

Clock             WNS(ns)      TNS(ns)  TNS Failing Endpoints  TNS Total Endpoints      WHS(ns)      THS(ns)  THS Failing Endpoints  THS Total Endpoints     WPWS(ns)     TPWS(ns)  TPWS Failing Endpoints  TPWS Total Endpoints  
-----             -------      -------  ---------------------  -------------------      -------      -------  ---------------------  -------------------     --------     --------  ----------------------  --------------------  
sys_clk_pin         5.216        0.000                      0                   34        0.198        0.000                      0                   34        4.500        0.000                       0                    19  


------------------------------------------------------------------------------------------------
| Inter Clock Table
| -----------------
------------------------------------------------------------------------------------------------

From Clock    To Clock          WNS(ns)      TNS(ns)  TNS Failing Endpoints  TNS Total Endpoints      WHS(ns)      THS(ns)  THS Failing Endpoints  THS Total Endpoints  
----------    --------          -------      -------  ---------------------  -------------------      -------      -------  ---------------------  -------------------  


------------------------------------------------------------------------------------------------
| Other Path Groups Table
| -----------------------
------------------------------------------------------------------------------------------------

Path Group    From Clock    To Clock          WNS(ns)      TNS(ns)  TNS Failing Endpoints  TNS Total Endpoints      WHS(ns)      THS(ns)  THS Failing Endpoints  THS Total Endpoints  
----------    ----------    --------          -------      -------  ---------------------  -------------------      -------      -------  ---------------------  -------------------  


------------------------------------------------------------------------------------------------
| Timing Details
| --------------
------------------------------------------------------------------------------------------------


---------------------------------------------------------------------------------------------------
From Clock:  sys_clk_pin
  To Clock:  sys_clk_pin

Setup :            0  Failing Endpoints,  Worst Slack        5.216ns,  Total Violation        0.000ns
Hold  :            0  Failing Endpoints,  Worst Slack        0.198ns,  Total Violation        0.000ns
PW    :            0  Failing Endpoints,  Worst Slack        4.500ns,  Total Violation        0.000ns
---------------------------------------------------------------------------------------------------


Max Delay Paths
--------------------------------------------------------------------------------------
Slack (MET) :             5.216ns  (required time - arrival time)
  Source:                 registerB_reg[2]/C
                            (rising edge-triggered cell FDCE clocked by sys_clk_pin  {rise@0.000ns fall@5.000ns period=10.000ns})
  Destination:            registerA_reg[3]/CE
                            (rising edge-triggered cell FDCE clocked by sys_clk_pin  {rise@0.000ns fall@5.000ns period=10.000ns})
  Path Group:             sys_clk_pin
  Path Type:              Setup (Max at Slow Process Corner)
  Requirement:            10.000ns  (sys_clk_pin rise@10.000ns - sys_clk_pin rise@0.000ns)
  Data Path Delay:        4.520ns  (logic 1.185ns (26.215%)  route 3.335ns (73.785%))
  Logic Levels:           4  (LUT5=2 LUT6=2)
  Clock Path Skew:        -0.023ns (DCD - SCD + CPR)
    Destination Clock Delay (DCD):    4.855ns = ( 14.855 - 10.000 ) 
    Source Clock Delay      (SCD):    5.152ns
    Clock Pessimism Removal (CPR):    0.274ns
  Clock Uncertainty:      0.035ns  ((TSJ^2 + TIJ^2)^1/2 + DJ) / 2 + PE
    Total System Jitter     (TSJ):    0.071ns
    Total Input Jitter      (TIJ):    0.000ns
    Discrete Jitter          (DJ):    0.000ns
    Phase Error              (PE):    0.000ns

    Location             Delay type                Incr(ns)  Path(ns)    Netlist Resource(s)
  -------------------------------------------------------------------    -------------------
                         (clock sys_clk_pin rise edge)
                                                      0.000     0.000 r  
    W5                                                0.000     0.000 r  clk (IN)
                         net (fo=0)                   0.000     0.000    clk
    W5                   IBUF (Prop_ibuf_I_O)         1.458     1.458 r  clk_IBUF_inst/O
                         net (fo=1, routed)           1.967     3.425    clk_IBUF
    BUFGCTRL_X0Y0        BUFG (Prop_bufg_I_O)         0.096     3.521 r  clk_IBUF_BUFG_inst/O
                         net (fo=18, routed)          1.631     5.152    clk_IBUF_BUFG
    SLICE_X1Y15          FDCE                                         r  registerB_reg[2]/C
  -------------------------------------------------------------------    -------------------
    SLICE_X1Y15          FDCE (Prop_fdce_C_Q)         0.456     5.608 r  registerB_reg[2]/Q
                         net (fo=3, routed)           1.017     6.625    registerB[2]
    SLICE_X0Y16          LUT6 (Prop_lut6_I0_O)        0.124     6.749 r  registerA[3]_i_2/O
                         net (fo=3, routed)           0.597     7.346    subt/i3__4
    SLICE_X0Y15          LUT5 (Prop_lut5_I2_O)        0.124     7.470 r  registerA[5]_i_2/O
                         net (fo=3, routed)           0.583     8.053    subt/i5__4
    SLICE_X0Y14          LUT5 (Prop_lut5_I2_O)        0.149     8.202 r  registerB[7]_i_3/O
                         net (fo=3, routed)           0.605     8.807    subt/i7__4
    SLICE_X0Y13          LUT6 (Prop_lut6_I2_O)        0.332     9.139 r  registerA[7]_i_1/O
                         net (fo=8, routed)           0.534     9.673    nextA
    SLICE_X0Y14          FDCE                                         r  registerA_reg[3]/CE
  -------------------------------------------------------------------    -------------------

                         (clock sys_clk_pin rise edge)
                                                     10.000    10.000 r  
    W5                                                0.000    10.000 r  clk (IN)
                         net (fo=0)                   0.000    10.000    clk
    W5                   IBUF (Prop_ibuf_I_O)         1.388    11.388 r  clk_IBUF_inst/O
                         net (fo=1, routed)           1.862    13.250    clk_IBUF
    BUFGCTRL_X0Y0        BUFG (Prop_bufg_I_O)         0.091    13.341 r  clk_IBUF_BUFG_inst/O
                         net (fo=18, routed)          1.514    14.855    clk_IBUF_BUFG
    SLICE_X0Y14          FDCE                                         r  registerA_reg[3]/C
                         clock pessimism              0.274    15.129    
                         clock uncertainty           -0.035    15.094    
    SLICE_X0Y14          FDCE (Setup_fdce_C_CE)      -0.205    14.889    registerA_reg[3]
  -------------------------------------------------------------------
                         required time                         14.889    
                         arrival time                          -9.673    
  -------------------------------------------------------------------
                         slack                                  5.216    

Slack (MET) :             5.216ns  (required time - arrival time)
  Source:                 registerB_reg[2]/C
                            (rising edge-triggered cell FDCE clocked by sys_clk_pin  {rise@0.000ns fall@5.000ns period=10.000ns})
  Destination:            registerA_reg[4]/CE
                            (rising edge-triggered cell FDCE clocked by sys_clk_pin  {rise@0.000ns fall@5.000ns period=10.000ns})
  Path Group:             sys_clk_pin
  Path Type:              Setup (Max at Slow Process Corner)
  Requirement:            10.000ns  (sys_clk_pin rise@10.000ns - sys_clk_pin rise@0.000ns)
  Data Path Delay:        4.520ns  (logic 1.185ns (26.215%)  route 3.335ns (73.785%))
  Logic Levels:           4  (LUT5=2 LUT6=2)
  Clock Path Skew:        -0.023ns (DCD - SCD + CPR)
    Destination Clock Delay (DCD):    4.855ns = ( 14.855 - 10.000 ) 
    Source Clock Delay      (SCD):    5.152ns
    Clock Pessimism Removal (CPR):    0.274ns
  Clock Uncertainty:      0.035ns  ((TSJ^2 + TIJ^2)^1/2 + DJ) / 2 + PE
    Total System Jitter     (TSJ):    0.071ns
    Total Input Jitter      (TIJ):    0.000ns
    Discrete Jitter          (DJ):    0.000ns
    Phase Error              (PE):    0.000ns

    Location             Delay type                Incr(ns)  Path(ns)    Netlist Resource(s)
  -------------------------------------------------------------------    -------------------
                         (clock sys_clk_pin rise edge)
                                                      0.000     0.000 r  
    W5                                                0.000     0.000 r  clk (IN)
                         net (fo=0)                   0.000     0.000    clk
    W5                   IBUF (Prop_ibuf_I_O)         1.458     1.458 r  clk_IBUF_inst/O
                         net (fo=1, routed)           1.967     3.425    clk_IBUF
    BUFGCTRL_X0Y0        BUFG (Prop_bufg_I_O)         0.096     3.521 r  clk_IBUF_BUFG_inst/O
                         net (fo=18, routed)          1.631     5.152    clk_IBUF_BUFG
    SLICE_X1Y15          FDCE                                         r  registerB_reg[2]/C
  -------------------------------------------------------------------    -------------------
    SLICE_X1Y15          FDCE (Prop_fdce_C_Q)         0.456     5.608 r  registerB_reg[2]/Q
                         net (fo=3, routed)           1.017     6.625    registerB[2]
    SLICE_X0Y16          LUT6 (Prop_lut6_I0_O)        0.124     6.749 r  registerA[3]_i_2/O
                         net (fo=3, routed)           0.597     7.346    subt/i3__4
    SLICE_X0Y15          LUT5 (Prop_lut5_I2_O)        0.124     7.470 r  registerA[5]_i_2/O
                         net (fo=3, routed)           0.583     8.053    subt/i5__4
    SLICE_X0Y14          LUT5 (Prop_lut5_I2_O)        0.149     8.202 r  registerB[7]_i_3/O
                         net (fo=3, routed)           0.605     8.807    subt/i7__4
    SLICE_X0Y13          LUT6 (Prop_lut6_I2_O)        0.332     9.139 r  registerA[7]_i_1/O
                         net (fo=8, routed)           0.534     9.673    nextA
    SLICE_X0Y14          FDCE                                         r  registerA_reg[4]/CE
  -------------------------------------------------------------------    -------------------

                         (clock sys_clk_pin rise edge)
                                                     10.000    10.000 r  
    W5                                                0.000    10.000 r  clk (IN)
                         net (fo=0)                   0.000    10.000    clk
    W5                   IBUF (Prop_ibuf_I_O)         1.388    11.388 r  clk_IBUF_inst/O
                         net (fo=1, routed)           1.862    13.250    clk_IBUF
    BUFGCTRL_X0Y0        BUFG (Prop_bufg_I_O)         0.091    13.341 r  clk_IBUF_BUFG_inst/O
                         net (fo=18, routed)          1.514    14.855    clk_IBUF_BUFG
    SLICE_X0Y14          FDCE                                         r  registerA_reg[4]/C
                         clock pessimism              0.274    15.129    
                         clock uncertainty           -0.035    15.094    
    SLICE_X0Y14          FDCE (Setup_fdce_C_CE)      -0.205    14.889    registerA_reg[4]
  -------------------------------------------------------------------
                         required time                         14.889    
                         arrival time                          -9.673    
  -------------------------------------------------------------------
                         slack                                  5.216    

Slack (MET) :             5.216ns  (required time - arrival time)
  Source:                 registerB_reg[2]/C
                            (rising edge-triggered cell FDCE clocked by sys_clk_pin  {rise@0.000ns fall@5.000ns period=10.000ns})
  Destination:            registerA_reg[5]/CE
                            (rising edge-triggered cell FDCE clocked by sys_clk_pin  {rise@0.000ns fall@5.000ns period=10.000ns})
  Path Group:             sys_clk_pin
  Path Type:              Setup (Max at Slow Process Corner)
  Requirement:            10.000ns  (sys_clk_pin rise@10.000ns - sys_clk_pin rise@0.000ns)
  Data Path Delay:        4.520ns  (logic 1.185ns (26.215%)  route 3.335ns (73.785%))
  Logic Levels:           4  (LUT5=2 LUT6=2)
  Clock Path Skew:        -0.023ns (DCD - SCD + CPR)
    Destination Clock Delay (DCD):    4.855ns = ( 14.855 - 10.000 ) 
    Source Clock Delay      (SCD):    5.152ns
    Clock Pessimism Removal (CPR):    0.274ns
  Clock Uncertainty:      0.035ns  ((TSJ^2 + TIJ^2)^1/2 + DJ) / 2 + PE
    Total System Jitter     (TSJ):    0.071ns
    Total Input Jitter      (TIJ):    0.000ns
    Discrete Jitter          (DJ):    0.000ns
    Phase Error              (PE):    0.000ns

    Location             Delay type                Incr(ns)  Path(ns)    Netlist Resource(s)
  -------------------------------------------------------------------    -------------------
                         (clock sys_clk_pin rise edge)
                                                      0.000     0.000 r  
    W5                                                0.000     0.000 r  clk (IN)
                         net (fo=0)                   0.000     0.000    clk
    W5                   IBUF (Prop_ibuf_I_O)         1.458     1.458 r  clk_IBUF_inst/O
                         net (fo=1, routed)           1.967     3.425    clk_IBUF
    BUFGCTRL_X0Y0        BUFG (Prop_bufg_I_O)         0.096     3.521 r  clk_IBUF_BUFG_inst/O
                         net (fo=18, routed)          1.631     5.152    clk_IBUF_BUFG
    SLICE_X1Y15          FDCE                                         r  registerB_reg[2]/C
  -------------------------------------------------------------------    -------------------
    SLICE_X1Y15          FDCE (Prop_fdce_C_Q)         0.456     5.608 r  registerB_reg[2]/Q
                         net (fo=3, routed)           1.017     6.625    registerB[2]
    SLICE_X0Y16          LUT6 (Prop_lut6_I0_O)        0.124     6.749 r  registerA[3]_i_2/O
                         net (fo=3, routed)           0.597     7.346    subt/i3__4
    SLICE_X0Y15          LUT5 (Prop_lut5_I2_O)        0.124     7.470 r  registerA[5]_i_2/O
                         net (fo=3, routed)           0.583     8.053    subt/i5__4
    SLICE_X0Y14          LUT5 (Prop_lut5_I2_O)        0.149     8.202 r  registerB[7]_i_3/O
                         net (fo=3, routed)           0.605     8.807    subt/i7__4
    SLICE_X0Y13          LUT6 (Prop_lut6_I2_O)        0.332     9.139 r  registerA[7]_i_1/O
                         net (fo=8, routed)           0.534     9.673    nextA
    SLICE_X0Y14          FDCE                                         r  registerA_reg[5]/CE
  -------------------------------------------------------------------    -------------------

                         (clock sys_clk_pin rise edge)
                                                     10.000    10.000 r  
    W5                                                0.000    10.000 r  clk (IN)
                         net (fo=0)                   0.000    10.000    clk
    W5                   IBUF (Prop_ibuf_I_O)         1.388    11.388 r  clk_IBUF_inst/O
                         net (fo=1, routed)           1.862    13.250    clk_IBUF
    BUFGCTRL_X0Y0        BUFG (Prop_bufg_I_O)         0.091    13.341 r  clk_IBUF_BUFG_inst/O
                         net (fo=18, routed)          1.514    14.855    clk_IBUF_BUFG
    SLICE_X0Y14          FDCE                                         r  registerA_reg[5]/C
                         clock pessimism              0.274    15.129    
                         clock uncertainty           -0.035    15.094    
    SLICE_X0Y14          FDCE (Setup_fdce_C_CE)      -0.205    14.889    registerA_reg[5]
  -------------------------------------------------------------------
                         required time                         14.889    
                         arrival time                          -9.673    
  -------------------------------------------------------------------
                         slack                                  5.216    

Slack (MET) :             5.399ns  (required time - arrival time)
  Source:                 registerB_reg[2]/C
                            (rising edge-triggered cell FDCE clocked by sys_clk_pin  {rise@0.000ns fall@5.000ns period=10.000ns})
  Destination:            registerA_reg[1]/CE
                            (rising edge-triggered cell FDCE clocked by sys_clk_pin  {rise@0.000ns fall@5.000ns period=10.000ns})
  Path Group:             sys_clk_pin
  Path Type:              Setup (Max at Slow Process Corner)
  Requirement:            10.000ns  (sys_clk_pin rise@10.000ns - sys_clk_pin rise@0.000ns)
  Data Path Delay:        4.338ns  (logic 1.185ns (27.318%)  route 3.153ns (72.682%))
  Logic Levels:           4  (LUT5=2 LUT6=2)
  Clock Path Skew:        -0.023ns (DCD - SCD + CPR)
    Destination Clock Delay (DCD):    4.855ns = ( 14.855 - 10.000 ) 
    Source Clock Delay      (SCD):    5.152ns
    Clock Pessimism Removal (CPR):    0.274ns
  Clock Uncertainty:      0.035ns  ((TSJ^2 + TIJ^2)^1/2 + DJ) / 2 + PE
    Total System Jitter     (TSJ):    0.071ns
    Total Input Jitter      (TIJ):    0.000ns
    Discrete Jitter          (DJ):    0.000ns
    Phase Error              (PE):    0.000ns

    Location             Delay type                Incr(ns)  Path(ns)    Netlist Resource(s)
  -------------------------------------------------------------------    -------------------
                         (clock sys_clk_pin rise edge)
                                                      0.000     0.000 r  
    W5                                                0.000     0.000 r  clk (IN)
                         net (fo=0)                   0.000     0.000    clk
    W5                   IBUF (Prop_ibuf_I_O)         1.458     1.458 r  clk_IBUF_inst/O
                         net (fo=1, routed)           1.967     3.425    clk_IBUF
    BUFGCTRL_X0Y0        BUFG (Prop_bufg_I_O)         0.096     3.521 r  clk_IBUF_BUFG_inst/O
                         net (fo=18, routed)          1.631     5.152    clk_IBUF_BUFG
    SLICE_X1Y15          FDCE                                         r  registerB_reg[2]/C
  -------------------------------------------------------------------    -------------------
    SLICE_X1Y15          FDCE (Prop_fdce_C_Q)         0.456     5.608 r  registerB_reg[2]/Q
                         net (fo=3, routed)           1.017     6.625    registerB[2]
    SLICE_X0Y16          LUT6 (Prop_lut6_I0_O)        0.124     6.749 r  registerA[3]_i_2/O
                         net (fo=3, routed)           0.597     7.346    subt/i3__4
    SLICE_X0Y15          LUT5 (Prop_lut5_I2_O)        0.124     7.470 r  registerA[5]_i_2/O
                         net (fo=3, routed)           0.583     8.053    subt/i5__4
    SLICE_X0Y14          LUT5 (Prop_lut5_I2_O)        0.149     8.202 r  registerB[7]_i_3/O
                         net (fo=3, routed)           0.605     8.807    subt/i7__4
    SLICE_X0Y13          LUT6 (Prop_lut6_I2_O)        0.332     9.139 r  registerA[7]_i_1/O
                         net (fo=8, routed)           0.351     9.490    nextA
    SLICE_X1Y14          FDCE                                         r  registerA_reg[1]/CE
  -------------------------------------------------------------------    -------------------

                         (clock sys_clk_pin rise edge)
                                                     10.000    10.000 r  
    W5                                                0.000    10.000 r  clk (IN)
                         net (fo=0)                   0.000    10.000    clk
    W5                   IBUF (Prop_ibuf_I_O)         1.388    11.388 r  clk_IBUF_inst/O
                         net (fo=1, routed)           1.862    13.250    clk_IBUF
    BUFGCTRL_X0Y0        BUFG (Prop_bufg_I_O)         0.091    13.341 r  clk_IBUF_BUFG_inst/O
                         net (fo=18, routed)          1.514    14.855    clk_IBUF_BUFG
    SLICE_X1Y14          FDCE                                         r  registerA_reg[1]/C
                         clock pessimism              0.274    15.129    
                         clock uncertainty           -0.035    15.094    
    SLICE_X1Y14          FDCE (Setup_fdce_C_CE)      -0.205    14.889    registerA_reg[1]
  -------------------------------------------------------------------
                         required time                         14.889    
                         arrival time                          -9.490    
  -------------------------------------------------------------------
                         slack                                  5.399    

Slack (MET) :             5.399ns  (required time - arrival time)
  Source:                 registerB_reg[2]/C
                            (rising edge-triggered cell FDCE clocked by sys_clk_pin  {rise@0.000ns fall@5.000ns period=10.000ns})
  Destination:            registerA_reg[2]/CE
                            (rising edge-triggered cell FDCE clocked by sys_clk_pin  {rise@0.000ns fall@5.000ns period=10.000ns})
  Path Group:             sys_clk_pin
  Path Type:              Setup (Max at Slow Process Corner)
  Requirement:            10.000ns  (sys_clk_pin rise@10.000ns - sys_clk_pin rise@0.000ns)
  Data Path Delay:        4.338ns  (logic 1.185ns (27.318%)  route 3.153ns (72.682%))
  Logic Levels:           4  (LUT5=2 LUT6=2)
  Clock Path Skew:        -0.023ns (DCD - SCD + CPR)
    Destination Clock Delay (DCD):    4.855ns = ( 14.855 - 10.000 ) 
    Source Clock Delay      (SCD):    5.152ns
    Clock Pessimism Removal (CPR):    0.274ns
  Clock Uncertainty:      0.035ns  ((TSJ^2 + TIJ^2)^1/2 + DJ) / 2 + PE
    Total System Jitter     (TSJ):    0.071ns
    Total Input Jitter      (TIJ):    0.000ns
    Discrete Jitter          (DJ):    0.000ns
    Phase Error              (PE):    0.000ns

    Location             Delay type                Incr(ns)  Path(ns)    Netlist Resource(s)
  -------------------------------------------------------------------    -------------------
                         (clock sys_clk_pin rise edge)
                                                      0.000     0.000 r  
    W5                                                0.000     0.000 r  clk (IN)
                         net (fo=0)                   0.000     0.000    clk
    W5                   IBUF (Prop_ibuf_I_O)         1.458     1.458 r  clk_IBUF_inst/O
                         net (fo=1, routed)           1.967     3.425    clk_IBUF
    BUFGCTRL_X0Y0        BUFG (Prop_bufg_I_O)         0.096     3.521 r  clk_IBUF_BUFG_inst/O
                         net (fo=18, routed)          1.631     5.152    clk_IBUF_BUFG
    SLICE_X1Y15          FDCE                                         r  registerB_reg[2]/C
  -------------------------------------------------------------------    -------------------
    SLICE_X1Y15          FDCE (Prop_fdce_C_Q)         0.456     5.608 r  registerB_reg[2]/Q
                         net (fo=3, routed)           1.017     6.625    registerB[2]
    SLICE_X0Y16          LUT6 (Prop_lut6_I0_O)        0.124     6.749 r  registerA[3]_i_2/O
                         net (fo=3, routed)           0.597     7.346    subt/i3__4
    SLICE_X0Y15          LUT5 (Prop_lut5_I2_O)        0.124     7.470 r  registerA[5]_i_2/O
                         net (fo=3, routed)           0.583     8.053    subt/i5__4
    SLICE_X0Y14          LUT5 (Prop_lut5_I2_O)        0.149     8.202 r  registerB[7]_i_3/O
                         net (fo=3, routed)           0.605     8.807    subt/i7__4
    SLICE_X0Y13          LUT6 (Prop_lut6_I2_O)        0.332     9.139 r  registerA[7]_i_1/O
                         net (fo=8, routed)           0.351     9.490    nextA
    SLICE_X1Y14          FDCE                                         r  registerA_reg[2]/CE
  -------------------------------------------------------------------    -------------------

                         (clock sys_clk_pin rise edge)
                                                     10.000    10.000 r  
    W5                                                0.000    10.000 r  clk (IN)
                         net (fo=0)                   0.000    10.000    clk
    W5                   IBUF (Prop_ibuf_I_O)         1.388    11.388 r  clk_IBUF_inst/O
                         net (fo=1, routed)           1.862    13.250    clk_IBUF
    BUFGCTRL_X0Y0        BUFG (Prop_bufg_I_O)         0.091    13.341 r  clk_IBUF_BUFG_inst/O
                         net (fo=18, routed)          1.514    14.855    clk_IBUF_BUFG
    SLICE_X1Y14          FDCE                                         r  registerA_reg[2]/C
                         clock pessimism              0.274    15.129    
                         clock uncertainty           -0.035    15.094    
    SLICE_X1Y14          FDCE (Setup_fdce_C_CE)      -0.205    14.889    registerA_reg[2]
  -------------------------------------------------------------------
                         required time                         14.889    
                         arrival time                          -9.490    
  -------------------------------------------------------------------
                         slack                                  5.399    

Slack (MET) :             5.399ns  (required time - arrival time)
  Source:                 registerB_reg[2]/C
                            (rising edge-triggered cell FDCE clocked by sys_clk_pin  {rise@0.000ns fall@5.000ns period=10.000ns})
  Destination:            registerA_reg[6]/CE
                            (rising edge-triggered cell FDCE clocked by sys_clk_pin  {rise@0.000ns fall@5.000ns period=10.000ns})
  Path Group:             sys_clk_pin
  Path Type:              Setup (Max at Slow Process Corner)
  Requirement:            10.000ns  (sys_clk_pin rise@10.000ns - sys_clk_pin rise@0.000ns)
  Data Path Delay:        4.338ns  (logic 1.185ns (27.318%)  route 3.153ns (72.682%))
  Logic Levels:           4  (LUT5=2 LUT6=2)
  Clock Path Skew:        -0.023ns (DCD - SCD + CPR)
    Destination Clock Delay (DCD):    4.855ns = ( 14.855 - 10.000 ) 
    Source Clock Delay      (SCD):    5.152ns
    Clock Pessimism Removal (CPR):    0.274ns
  Clock Uncertainty:      0.035ns  ((TSJ^2 + TIJ^2)^1/2 + DJ) / 2 + PE
    Total System Jitter     (TSJ):    0.071ns
    Total Input Jitter      (TIJ):    0.000ns
    Discrete Jitter          (DJ):    0.000ns
    Phase Error              (PE):    0.000ns

    Location             Delay type                Incr(ns)  Path(ns)    Netlist Resource(s)
  -------------------------------------------------------------------    -------------------
                         (clock sys_clk_pin rise edge)
                                                      0.000     0.000 r  
    W5                                                0.000     0.000 r  clk (IN)
                         net (fo=0)                   0.000     0.000    clk
    W5                   IBUF (Prop_ibuf_I_O)         1.458     1.458 r  clk_IBUF_inst/O
                         net (fo=1, routed)           1.967     3.425    clk_IBUF
    BUFGCTRL_X0Y0        BUFG (Prop_bufg_I_O)         0.096     3.521 r  clk_IBUF_BUFG_inst/O
                         net (fo=18, routed)          1.631     5.152    clk_IBUF_BUFG
    SLICE_X1Y15          FDCE                                         r  registerB_reg[2]/C
  -------------------------------------------------------------------    -------------------
    SLICE_X1Y15          FDCE (Prop_fdce_C_Q)         0.456     5.608 r  registerB_reg[2]/Q
                         net (fo=3, routed)           1.017     6.625    registerB[2]
    SLICE_X0Y16          LUT6 (Prop_lut6_I0_O)        0.124     6.749 r  registerA[3]_i_2/O
                         net (fo=3, routed)           0.597     7.346    subt/i3__4
    SLICE_X0Y15          LUT5 (Prop_lut5_I2_O)        0.124     7.470 r  registerA[5]_i_2/O
                         net (fo=3, routed)           0.583     8.053    subt/i5__4
    SLICE_X0Y14          LUT5 (Prop_lut5_I2_O)        0.149     8.202 r  registerB[7]_i_3/O
                         net (fo=3, routed)           0.605     8.807    subt/i7__4
    SLICE_X0Y13          LUT6 (Prop_lut6_I2_O)        0.332     9.139 r  registerA[7]_i_1/O
                         net (fo=8, routed)           0.351     9.490    nextA
    SLICE_X1Y14          FDCE                                         r  registerA_reg[6]/CE
  -------------------------------------------------------------------    -------------------

                         (clock sys_clk_pin rise edge)
                                                     10.000    10.000 r  
    W5                                                0.000    10.000 r  clk (IN)
                         net (fo=0)                   0.000    10.000    clk
    W5                   IBUF (Prop_ibuf_I_O)         1.388    11.388 r  clk_IBUF_inst/O
                         net (fo=1, routed)           1.862    13.250    clk_IBUF
    BUFGCTRL_X0Y0        BUFG (Prop_bufg_I_O)         0.091    13.341 r  clk_IBUF_BUFG_inst/O
                         net (fo=18, routed)          1.514    14.855    clk_IBUF_BUFG
    SLICE_X1Y14          FDCE                                         r  registerA_reg[6]/C
                         clock pessimism              0.274    15.129    
                         clock uncertainty           -0.035    15.094    
    SLICE_X1Y14          FDCE (Setup_fdce_C_CE)      -0.205    14.889    registerA_reg[6]
  -------------------------------------------------------------------
                         required time                         14.889    
                         arrival time                          -9.490    
  -------------------------------------------------------------------
                         slack                                  5.399    

Slack (MET) :             5.525ns  (required time - arrival time)
  Source:                 registerB_reg[2]/C
                            (rising edge-triggered cell FDCE clocked by sys_clk_pin  {rise@0.000ns fall@5.000ns period=10.000ns})
  Destination:            registerB_reg[0]/CE
                            (rising edge-triggered cell FDCE clocked by sys_clk_pin  {rise@0.000ns fall@5.000ns period=10.000ns})
  Path Group:             sys_clk_pin
  Path Type:              Setup (Max at Slow Process Corner)
  Requirement:            10.000ns  (sys_clk_pin rise@10.000ns - sys_clk_pin rise@0.000ns)
  Data Path Delay:        4.235ns  (logic 1.185ns (27.983%)  route 3.050ns (72.017%))
  Logic Levels:           4  (LUT5=2 LUT6=2)
  Clock Path Skew:        0.000ns (DCD - SCD + CPR)
    Destination Clock Delay (DCD):    4.854ns = ( 14.854 - 10.000 ) 
    Source Clock Delay      (SCD):    5.152ns
    Clock Pessimism Removal (CPR):    0.298ns
  Clock Uncertainty:      0.035ns  ((TSJ^2 + TIJ^2)^1/2 + DJ) / 2 + PE
    Total System Jitter     (TSJ):    0.071ns
    Total Input Jitter      (TIJ):    0.000ns
    Discrete Jitter          (DJ):    0.000ns
    Phase Error              (PE):    0.000ns

    Location             Delay type                Incr(ns)  Path(ns)    Netlist Resource(s)
  -------------------------------------------------------------------    -------------------
                         (clock sys_clk_pin rise edge)
                                                      0.000     0.000 r  
    W5                                                0.000     0.000 r  clk (IN)
                         net (fo=0)                   0.000     0.000    clk
    W5                   IBUF (Prop_ibuf_I_O)         1.458     1.458 r  clk_IBUF_inst/O
                         net (fo=1, routed)           1.967     3.425    clk_IBUF
    BUFGCTRL_X0Y0        BUFG (Prop_bufg_I_O)         0.096     3.521 r  clk_IBUF_BUFG_inst/O
                         net (fo=18, routed)          1.631     5.152    clk_IBUF_BUFG
    SLICE_X1Y15          FDCE                                         r  registerB_reg[2]/C
  -------------------------------------------------------------------    -------------------
    SLICE_X1Y15          FDCE (Prop_fdce_C_Q)         0.456     5.608 r  registerB_reg[2]/Q
                         net (fo=3, routed)           1.017     6.625    registerB[2]
    SLICE_X0Y16          LUT6 (Prop_lut6_I0_O)        0.124     6.749 r  registerA[3]_i_2/O
                         net (fo=3, routed)           0.597     7.346    subt/i3__4
    SLICE_X0Y15          LUT5 (Prop_lut5_I2_O)        0.124     7.470 r  registerA[5]_i_2/O
                         net (fo=3, routed)           0.583     8.053    subt/i5__4
    SLICE_X0Y14          LUT5 (Prop_lut5_I2_O)        0.149     8.202 r  registerB[7]_i_3/O
                         net (fo=3, routed)           0.330     8.532    subt/i7__4
    SLICE_X0Y13          LUT6 (Prop_lut6_I3_O)        0.332     8.864 r  registerB[7]_i_1/O
                         net (fo=8, routed)           0.523     9.387    nextB
    SLICE_X1Y15          FDCE                                         r  registerB_reg[0]/CE
  -------------------------------------------------------------------    -------------------

                         (clock sys_clk_pin rise edge)
                                                     10.000    10.000 r  
    W5                                                0.000    10.000 r  clk (IN)
                         net (fo=0)                   0.000    10.000    clk
    W5                   IBUF (Prop_ibuf_I_O)         1.388    11.388 r  clk_IBUF_inst/O
                         net (fo=1, routed)           1.862    13.250    clk_IBUF
    BUFGCTRL_X0Y0        BUFG (Prop_bufg_I_O)         0.091    13.341 r  clk_IBUF_BUFG_inst/O
                         net (fo=18, routed)          1.513    14.854    clk_IBUF_BUFG
    SLICE_X1Y15          FDCE                                         r  registerB_reg[0]/C
                         clock pessimism              0.298    15.152    
                         clock uncertainty           -0.035    15.117    
    SLICE_X1Y15          FDCE (Setup_fdce_C_CE)      -0.205    14.912    registerB_reg[0]
  -------------------------------------------------------------------
                         required time                         14.912    
                         arrival time                          -9.387    
  -------------------------------------------------------------------
                         slack                                  5.525    

Slack (MET) :             5.525ns  (required time - arrival time)
  Source:                 registerB_reg[2]/C
                            (rising edge-triggered cell FDCE clocked by sys_clk_pin  {rise@0.000ns fall@5.000ns period=10.000ns})
  Destination:            registerB_reg[1]/CE
                            (rising edge-triggered cell FDCE clocked by sys_clk_pin  {rise@0.000ns fall@5.000ns period=10.000ns})
  Path Group:             sys_clk_pin
  Path Type:              Setup (Max at Slow Process Corner)
  Requirement:            10.000ns  (sys_clk_pin rise@10.000ns - sys_clk_pin rise@0.000ns)
  Data Path Delay:        4.235ns  (logic 1.185ns (27.983%)  route 3.050ns (72.017%))
  Logic Levels:           4  (LUT5=2 LUT6=2)
  Clock Path Skew:        0.000ns (DCD - SCD + CPR)
    Destination Clock Delay (DCD):    4.854ns = ( 14.854 - 10.000 ) 
    Source Clock Delay      (SCD):    5.152ns
    Clock Pessimism Removal (CPR):    0.298ns
  Clock Uncertainty:      0.035ns  ((TSJ^2 + TIJ^2)^1/2 + DJ) / 2 + PE
    Total System Jitter     (TSJ):    0.071ns
    Total Input Jitter      (TIJ):    0.000ns
    Discrete Jitter          (DJ):    0.000ns
    Phase Error              (PE):    0.000ns

    Location             Delay type                Incr(ns)  Path(ns)    Netlist Resource(s)
  -------------------------------------------------------------------    -------------------
                         (clock sys_clk_pin rise edge)
                                                      0.000     0.000 r  
    W5                                                0.000     0.000 r  clk (IN)
                         net (fo=0)                   0.000     0.000    clk
    W5                   IBUF (Prop_ibuf_I_O)         1.458     1.458 r  clk_IBUF_inst/O
                         net (fo=1, routed)           1.967     3.425    clk_IBUF
    BUFGCTRL_X0Y0        BUFG (Prop_bufg_I_O)         0.096     3.521 r  clk_IBUF_BUFG_inst/O
                         net (fo=18, routed)          1.631     5.152    clk_IBUF_BUFG
    SLICE_X1Y15          FDCE                                         r  registerB_reg[2]/C
  -------------------------------------------------------------------    -------------------
    SLICE_X1Y15          FDCE (Prop_fdce_C_Q)         0.456     5.608 r  registerB_reg[2]/Q
                         net (fo=3, routed)           1.017     6.625    registerB[2]
    SLICE_X0Y16          LUT6 (Prop_lut6_I0_O)        0.124     6.749 r  registerA[3]_i_2/O
                         net (fo=3, routed)           0.597     7.346    subt/i3__4
    SLICE_X0Y15          LUT5 (Prop_lut5_I2_O)        0.124     7.470 r  registerA[5]_i_2/O
                         net (fo=3, routed)           0.583     8.053    subt/i5__4
    SLICE_X0Y14          LUT5 (Prop_lut5_I2_O)        0.149     8.202 r  registerB[7]_i_3/O
                         net (fo=3, routed)           0.330     8.532    subt/i7__4
    SLICE_X0Y13          LUT6 (Prop_lut6_I3_O)        0.332     8.864 r  registerB[7]_i_1/O
                         net (fo=8, routed)           0.523     9.387    nextB
    SLICE_X1Y15          FDCE                                         r  registerB_reg[1]/CE
  -------------------------------------------------------------------    -------------------

                         (clock sys_clk_pin rise edge)
                                                     10.000    10.000 r  
    W5                                                0.000    10.000 r  clk (IN)
                         net (fo=0)                   0.000    10.000    clk
    W5                   IBUF (Prop_ibuf_I_O)         1.388    11.388 r  clk_IBUF_inst/O
                         net (fo=1, routed)           1.862    13.250    clk_IBUF
    BUFGCTRL_X0Y0        BUFG (Prop_bufg_I_O)         0.091    13.341 r  clk_IBUF_BUFG_inst/O
                         net (fo=18, routed)          1.513    14.854    clk_IBUF_BUFG
    SLICE_X1Y15          FDCE                                         r  registerB_reg[1]/C
                         clock pessimism              0.298    15.152    
                         clock uncertainty           -0.035    15.117    
    SLICE_X1Y15          FDCE (Setup_fdce_C_CE)      -0.205    14.912    registerB_reg[1]
  -------------------------------------------------------------------
                         required time                         14.912    
                         arrival time                          -9.387    
  -------------------------------------------------------------------
                         slack                                  5.525    

Slack (MET) :             5.525ns  (required time - arrival time)
  Source:                 registerB_reg[2]/C
                            (rising edge-triggered cell FDCE clocked by sys_clk_pin  {rise@0.000ns fall@5.000ns period=10.000ns})
  Destination:            registerB_reg[2]/CE
                            (rising edge-triggered cell FDCE clocked by sys_clk_pin  {rise@0.000ns fall@5.000ns period=10.000ns})
  Path Group:             sys_clk_pin
  Path Type:              Setup (Max at Slow Process Corner)
  Requirement:            10.000ns  (sys_clk_pin rise@10.000ns - sys_clk_pin rise@0.000ns)
  Data Path Delay:        4.235ns  (logic 1.185ns (27.983%)  route 3.050ns (72.017%))
  Logic Levels:           4  (LUT5=2 LUT6=2)
  Clock Path Skew:        0.000ns (DCD - SCD + CPR)
    Destination Clock Delay (DCD):    4.854ns = ( 14.854 - 10.000 ) 
    Source Clock Delay      (SCD):    5.152ns
    Clock Pessimism Removal (CPR):    0.298ns
  Clock Uncertainty:      0.035ns  ((TSJ^2 + TIJ^2)^1/2 + DJ) / 2 + PE
    Total System Jitter     (TSJ):    0.071ns
    Total Input Jitter      (TIJ):    0.000ns
    Discrete Jitter          (DJ):    0.000ns
    Phase Error              (PE):    0.000ns

    Location             Delay type                Incr(ns)  Path(ns)    Netlist Resource(s)
  -------------------------------------------------------------------    -------------------
                         (clock sys_clk_pin rise edge)
                                                      0.000     0.000 r  
    W5                                                0.000     0.000 r  clk (IN)
                         net (fo=0)                   0.000     0.000    clk
    W5                   IBUF (Prop_ibuf_I_O)         1.458     1.458 r  clk_IBUF_inst/O
                         net (fo=1, routed)           1.967     3.425    clk_IBUF
    BUFGCTRL_X0Y0        BUFG (Prop_bufg_I_O)         0.096     3.521 r  clk_IBUF_BUFG_inst/O
                         net (fo=18, routed)          1.631     5.152    clk_IBUF_BUFG
    SLICE_X1Y15          FDCE                                         r  registerB_reg[2]/C
  -------------------------------------------------------------------    -------------------
    SLICE_X1Y15          FDCE (Prop_fdce_C_Q)         0.456     5.608 r  registerB_reg[2]/Q
                         net (fo=3, routed)           1.017     6.625    registerB[2]
    SLICE_X0Y16          LUT6 (Prop_lut6_I0_O)        0.124     6.749 r  registerA[3]_i_2/O
                         net (fo=3, routed)           0.597     7.346    subt/i3__4
    SLICE_X0Y15          LUT5 (Prop_lut5_I2_O)        0.124     7.470 r  registerA[5]_i_2/O
                         net (fo=3, routed)           0.583     8.053    subt/i5__4
    SLICE_X0Y14          LUT5 (Prop_lut5_I2_O)        0.149     8.202 r  registerB[7]_i_3/O
                         net (fo=3, routed)           0.330     8.532    subt/i7__4
    SLICE_X0Y13          LUT6 (Prop_lut6_I3_O)        0.332     8.864 r  registerB[7]_i_1/O
                         net (fo=8, routed)           0.523     9.387    nextB
    SLICE_X1Y15          FDCE                                         r  registerB_reg[2]/CE
  -------------------------------------------------------------------    -------------------

                         (clock sys_clk_pin rise edge)
                                                     10.000    10.000 r  
    W5                                                0.000    10.000 r  clk (IN)
                         net (fo=0)                   0.000    10.000    clk
    W5                   IBUF (Prop_ibuf_I_O)         1.388    11.388 r  clk_IBUF_inst/O
                         net (fo=1, routed)           1.862    13.250    clk_IBUF
    BUFGCTRL_X0Y0        BUFG (Prop_bufg_I_O)         0.091    13.341 r  clk_IBUF_BUFG_inst/O
                         net (fo=18, routed)          1.513    14.854    clk_IBUF_BUFG
    SLICE_X1Y15          FDCE                                         r  registerB_reg[2]/C
                         clock pessimism              0.298    15.152    
                         clock uncertainty           -0.035    15.117    
    SLICE_X1Y15          FDCE (Setup_fdce_C_CE)      -0.205    14.912    registerB_reg[2]
  -------------------------------------------------------------------
                         required time                         14.912    
                         arrival time                          -9.387    
  -------------------------------------------------------------------
                         slack                                  5.525    

Slack (MET) :             5.525ns  (required time - arrival time)
  Source:                 registerB_reg[2]/C
                            (rising edge-triggered cell FDCE clocked by sys_clk_pin  {rise@0.000ns fall@5.000ns period=10.000ns})
  Destination:            registerB_reg[3]/CE
                            (rising edge-triggered cell FDCE clocked by sys_clk_pin  {rise@0.000ns fall@5.000ns period=10.000ns})
  Path Group:             sys_clk_pin
  Path Type:              Setup (Max at Slow Process Corner)
  Requirement:            10.000ns  (sys_clk_pin rise@10.000ns - sys_clk_pin rise@0.000ns)
  Data Path Delay:        4.235ns  (logic 1.185ns (27.983%)  route 3.050ns (72.017%))
  Logic Levels:           4  (LUT5=2 LUT6=2)
  Clock Path Skew:        0.000ns (DCD - SCD + CPR)
    Destination Clock Delay (DCD):    4.854ns = ( 14.854 - 10.000 ) 
    Source Clock Delay      (SCD):    5.152ns
    Clock Pessimism Removal (CPR):    0.298ns
  Clock Uncertainty:      0.035ns  ((TSJ^2 + TIJ^2)^1/2 + DJ) / 2 + PE
    Total System Jitter     (TSJ):    0.071ns
    Total Input Jitter      (TIJ):    0.000ns
    Discrete Jitter          (DJ):    0.000ns
    Phase Error              (PE):    0.000ns

    Location             Delay type                Incr(ns)  Path(ns)    Netlist Resource(s)
  -------------------------------------------------------------------    -------------------
                         (clock sys_clk_pin rise edge)
                                                      0.000     0.000 r  
    W5                                                0.000     0.000 r  clk (IN)
                         net (fo=0)                   0.000     0.000    clk
    W5                   IBUF (Prop_ibuf_I_O)         1.458     1.458 r  clk_IBUF_inst/O
                         net (fo=1, routed)           1.967     3.425    clk_IBUF
    BUFGCTRL_X0Y0        BUFG (Prop_bufg_I_O)         0.096     3.521 r  clk_IBUF_BUFG_inst/O
                         net (fo=18, routed)          1.631     5.152    clk_IBUF_BUFG
    SLICE_X1Y15          FDCE                                         r  registerB_reg[2]/C
  -------------------------------------------------------------------    -------------------
    SLICE_X1Y15          FDCE (Prop_fdce_C_Q)         0.456     5.608 r  registerB_reg[2]/Q
                         net (fo=3, routed)           1.017     6.625    registerB[2]
    SLICE_X0Y16          LUT6 (Prop_lut6_I0_O)        0.124     6.749 r  registerA[3]_i_2/O
                         net (fo=3, routed)           0.597     7.346    subt/i3__4
    SLICE_X0Y15          LUT5 (Prop_lut5_I2_O)        0.124     7.470 r  registerA[5]_i_2/O
                         net (fo=3, routed)           0.583     8.053    subt/i5__4
    SLICE_X0Y14          LUT5 (Prop_lut5_I2_O)        0.149     8.202 r  registerB[7]_i_3/O
                         net (fo=3, routed)           0.330     8.532    subt/i7__4
    SLICE_X0Y13          LUT6 (Prop_lut6_I3_O)        0.332     8.864 r  registerB[7]_i_1/O
                         net (fo=8, routed)           0.523     9.387    nextB
    SLICE_X1Y15          FDCE                                         r  registerB_reg[3]/CE
  -------------------------------------------------------------------    -------------------

                         (clock sys_clk_pin rise edge)
                                                     10.000    10.000 r  
    W5                                                0.000    10.000 r  clk (IN)
                         net (fo=0)                   0.000    10.000    clk
    W5                   IBUF (Prop_ibuf_I_O)         1.388    11.388 r  clk_IBUF_inst/O
                         net (fo=1, routed)           1.862    13.250    clk_IBUF
    BUFGCTRL_X0Y0        BUFG (Prop_bufg_I_O)         0.091    13.341 r  clk_IBUF_BUFG_inst/O
                         net (fo=18, routed)          1.513    14.854    clk_IBUF_BUFG
    SLICE_X1Y15          FDCE                                         r  registerB_reg[3]/C
                         clock pessimism              0.298    15.152    
                         clock uncertainty           -0.035    15.117    
    SLICE_X1Y15          FDCE (Setup_fdce_C_CE)      -0.205    14.912    registerB_reg[3]
  -------------------------------------------------------------------
                         required time                         14.912    
                         arrival time                          -9.387    
  -------------------------------------------------------------------
                         slack                                  5.525    





Min Delay Paths
--------------------------------------------------------------------------------------
Slack (MET) :             0.198ns  (arrival time - required time)
  Source:                 registerB_reg[2]/C
                            (rising edge-triggered cell FDCE clocked by sys_clk_pin  {rise@0.000ns fall@5.000ns period=10.000ns})
  Destination:            registerA_reg[2]/D
                            (rising edge-triggered cell FDCE clocked by sys_clk_pin  {rise@0.000ns fall@5.000ns period=10.000ns})
  Path Group:             sys_clk_pin
  Path Type:              Hold (Min at Fast Process Corner)
  Requirement:            0.000ns  (sys_clk_pin rise@0.000ns - sys_clk_pin rise@0.000ns)
  Data Path Delay:        0.305ns  (logic 0.186ns (60.922%)  route 0.119ns (39.078%))
  Logic Levels:           1  (LUT6=1)
  Clock Path Skew:        0.015ns (DCD - SCD - CPR)
    Destination Clock Delay (DCD):    1.988ns
    Source Clock Delay      (SCD):    1.474ns
    Clock Pessimism Removal (CPR):    0.499ns

    Location             Delay type                Incr(ns)  Path(ns)    Netlist Resource(s)
  -------------------------------------------------------------------    -------------------
                         (clock sys_clk_pin rise edge)
                                                      0.000     0.000 r  
    W5                                                0.000     0.000 r  clk (IN)
                         net (fo=0)                   0.000     0.000    clk
    W5                   IBUF (Prop_ibuf_I_O)         0.226     0.226 r  clk_IBUF_inst/O
                         net (fo=1, routed)           0.631     0.858    clk_IBUF
    BUFGCTRL_X0Y0        BUFG (Prop_bufg_I_O)         0.026     0.884 r  clk_IBUF_BUFG_inst/O
                         net (fo=18, routed)          0.591     1.474    clk_IBUF_BUFG
    SLICE_X1Y15          FDCE                                         r  registerB_reg[2]/C
  -------------------------------------------------------------------    -------------------
    SLICE_X1Y15          FDCE (Prop_fdce_C_Q)         0.141     1.615 r  registerB_reg[2]/Q
                         net (fo=3, routed)           0.119     1.734    registerB[2]
    SLICE_X1Y14          LUT6 (Prop_lut6_I3_O)        0.045     1.779 r  registerA[2]_i_1/O
                         net (fo=1, routed)           0.000     1.779    nextA0_in[2]
    SLICE_X1Y14          FDCE                                         r  registerA_reg[2]/D
  -------------------------------------------------------------------    -------------------

                         (clock sys_clk_pin rise edge)
                                                      0.000     0.000 r  
    W5                                                0.000     0.000 r  clk (IN)
                         net (fo=0)                   0.000     0.000    clk
    W5                   IBUF (Prop_ibuf_I_O)         0.414     0.414 r  clk_IBUF_inst/O
                         net (fo=1, routed)           0.685     1.099    clk_IBUF
    BUFGCTRL_X0Y0        BUFG (Prop_bufg_I_O)         0.029     1.128 r  clk_IBUF_BUFG_inst/O
                         net (fo=18, routed)          0.861     1.988    clk_IBUF_BUFG
    SLICE_X1Y14          FDCE                                         r  registerA_reg[2]/C
                         clock pessimism             -0.499     1.489    
    SLICE_X1Y14          FDCE (Hold_fdce_C_D)         0.092     1.581    registerA_reg[2]
  -------------------------------------------------------------------
                         required time                         -1.581    
                         arrival time                           1.779    
  -------------------------------------------------------------------
                         slack                                  0.198    

Slack (MET) :             0.268ns  (arrival time - required time)
  Source:                 registerA_reg[4]/C
                            (rising edge-triggered cell FDCE clocked by sys_clk_pin  {rise@0.000ns fall@5.000ns period=10.000ns})
  Destination:            registerB_reg[4]/D
                            (rising edge-triggered cell FDCE clocked by sys_clk_pin  {rise@0.000ns fall@5.000ns period=10.000ns})
  Path Group:             sys_clk_pin
  Path Type:              Hold (Min at Fast Process Corner)
  Requirement:            0.000ns  (sys_clk_pin rise@0.000ns - sys_clk_pin rise@0.000ns)
  Data Path Delay:        0.374ns  (logic 0.186ns (49.697%)  route 0.188ns (50.303%))
  Logic Levels:           1  (LUT3=1)
  Clock Path Skew:        0.014ns (DCD - SCD - CPR)
    Destination Clock Delay (DCD):    1.987ns
    Source Clock Delay      (SCD):    1.474ns
    Clock Pessimism Removal (CPR):    0.499ns

    Location             Delay type                Incr(ns)  Path(ns)    Netlist Resource(s)
  -------------------------------------------------------------------    -------------------
                         (clock sys_clk_pin rise edge)
                                                      0.000     0.000 r  
    W5                                                0.000     0.000 r  clk (IN)
                         net (fo=0)                   0.000     0.000    clk
    W5                   IBUF (Prop_ibuf_I_O)         0.226     0.226 r  clk_IBUF_inst/O
                         net (fo=1, routed)           0.631     0.858    clk_IBUF
    BUFGCTRL_X0Y0        BUFG (Prop_bufg_I_O)         0.026     0.884 r  clk_IBUF_BUFG_inst/O
                         net (fo=18, routed)          0.591     1.474    clk_IBUF_BUFG
    SLICE_X0Y14          FDCE                                         r  registerA_reg[4]/C
  -------------------------------------------------------------------    -------------------
    SLICE_X0Y14          FDCE (Prop_fdce_C_Q)         0.141     1.615 r  registerA_reg[4]/Q
                         net (fo=5, routed)           0.188     1.803    result_OBUF[4]
    SLICE_X0Y15          LUT3 (Prop_lut3_I2_O)        0.045     1.848 r  registerB[4]_i_1/O
                         net (fo=1, routed)           0.000     1.848    registerB[4]_i_1_n_0
    SLICE_X0Y15          FDCE                                         r  registerB_reg[4]/D
  -------------------------------------------------------------------    -------------------

                         (clock sys_clk_pin rise edge)
                                                      0.000     0.000 r  
    W5                                                0.000     0.000 r  clk (IN)
                         net (fo=0)                   0.000     0.000    clk
    W5                   IBUF (Prop_ibuf_I_O)         0.414     0.414 r  clk_IBUF_inst/O
                         net (fo=1, routed)           0.685     1.099    clk_IBUF
    BUFGCTRL_X0Y0        BUFG (Prop_bufg_I_O)         0.029     1.128 r  clk_IBUF_BUFG_inst/O
                         net (fo=18, routed)          0.860     1.987    clk_IBUF_BUFG
    SLICE_X0Y15          FDCE                                         r  registerB_reg[4]/C
                         clock pessimism             -0.499     1.488    
    SLICE_X0Y15          FDCE (Hold_fdce_C_D)         0.092     1.580    registerB_reg[4]
  -------------------------------------------------------------------
                         required time                         -1.580    
                         arrival time                           1.848    
  -------------------------------------------------------------------
                         slack                                  0.268    

Slack (MET) :             0.279ns  (arrival time - required time)
  Source:                 registerA_reg[1]/C
                            (rising edge-triggered cell FDCE clocked by sys_clk_pin  {rise@0.000ns fall@5.000ns period=10.000ns})
  Destination:            registerA_reg[1]/D
                            (rising edge-triggered cell FDCE clocked by sys_clk_pin  {rise@0.000ns fall@5.000ns period=10.000ns})
  Path Group:             sys_clk_pin
  Path Type:              Hold (Min at Fast Process Corner)
  Requirement:            0.000ns  (sys_clk_pin rise@0.000ns - sys_clk_pin rise@0.000ns)
  Data Path Delay:        0.371ns  (logic 0.186ns (50.188%)  route 0.185ns (49.812%))
  Logic Levels:           1  (LUT6=1)
  Clock Path Skew:        0.000ns (DCD - SCD - CPR)
    Destination Clock Delay (DCD):    1.988ns
    Source Clock Delay      (SCD):    1.474ns
    Clock Pessimism Removal (CPR):    0.514ns

    Location             Delay type                Incr(ns)  Path(ns)    Netlist Resource(s)
  -------------------------------------------------------------------    -------------------
                         (clock sys_clk_pin rise edge)
                                                      0.000     0.000 r  
    W5                                                0.000     0.000 r  clk (IN)
                         net (fo=0)                   0.000     0.000    clk
    W5                   IBUF (Prop_ibuf_I_O)         0.226     0.226 r  clk_IBUF_inst/O
                         net (fo=1, routed)           0.631     0.858    clk_IBUF
    BUFGCTRL_X0Y0        BUFG (Prop_bufg_I_O)         0.026     0.884 r  clk_IBUF_BUFG_inst/O
                         net (fo=18, routed)          0.591     1.474    clk_IBUF_BUFG
    SLICE_X1Y14          FDCE                                         r  registerA_reg[1]/C
  -------------------------------------------------------------------    -------------------
    SLICE_X1Y14          FDCE (Prop_fdce_C_Q)         0.141     1.615 r  registerA_reg[1]/Q
                         net (fo=6, routed)           0.185     1.800    result_OBUF[1]
    SLICE_X1Y14          LUT6 (Prop_lut6_I1_O)        0.045     1.845 r  registerA[1]_i_1/O
                         net (fo=1, routed)           0.000     1.845    nextA0_in[1]
    SLICE_X1Y14          FDCE                                         r  registerA_reg[1]/D
  -------------------------------------------------------------------    -------------------

                         (clock sys_clk_pin rise edge)
                                                      0.000     0.000 r  
    W5                                                0.000     0.000 r  clk (IN)
                         net (fo=0)                   0.000     0.000    clk
    W5                   IBUF (Prop_ibuf_I_O)         0.414     0.414 r  clk_IBUF_inst/O
                         net (fo=1, routed)           0.685     1.099    clk_IBUF
    BUFGCTRL_X0Y0        BUFG (Prop_bufg_I_O)         0.029     1.128 r  clk_IBUF_BUFG_inst/O
                         net (fo=18, routed)          0.861     1.988    clk_IBUF_BUFG
    SLICE_X1Y14          FDCE                                         r  registerA_reg[1]/C
                         clock pessimism             -0.514     1.474    
    SLICE_X1Y14          FDCE (Hold_fdce_C_D)         0.092     1.566    registerA_reg[1]
  -------------------------------------------------------------------
                         required time                         -1.566    
                         arrival time                           1.845    
  -------------------------------------------------------------------
                         slack                                  0.279    

Slack (MET) :             0.289ns  (arrival time - required time)
  Source:                 registerB_reg[6]/C
                            (rising edge-triggered cell FDCE clocked by sys_clk_pin  {rise@0.000ns fall@5.000ns period=10.000ns})
  Destination:            registerA_reg[6]/D
                            (rising edge-triggered cell FDCE clocked by sys_clk_pin  {rise@0.000ns fall@5.000ns period=10.000ns})
  Path Group:             sys_clk_pin
  Path Type:              Hold (Min at Fast Process Corner)
  Requirement:            0.000ns  (sys_clk_pin rise@0.000ns - sys_clk_pin rise@0.000ns)
  Data Path Delay:        0.396ns  (logic 0.186ns (46.933%)  route 0.210ns (53.068%))
  Logic Levels:           1  (LUT6=1)
  Clock Path Skew:        0.015ns (DCD - SCD - CPR)
    Destination Clock Delay (DCD):    1.988ns
    Source Clock Delay      (SCD):    1.474ns
    Clock Pessimism Removal (CPR):    0.499ns

    Location             Delay type                Incr(ns)  Path(ns)    Netlist Resource(s)
  -------------------------------------------------------------------    -------------------
                         (clock sys_clk_pin rise edge)
                                                      0.000     0.000 r  
    W5                                                0.000     0.000 r  clk (IN)
                         net (fo=0)                   0.000     0.000    clk
    W5                   IBUF (Prop_ibuf_I_O)         0.226     0.226 r  clk_IBUF_inst/O
                         net (fo=1, routed)           0.631     0.858    clk_IBUF
    BUFGCTRL_X0Y0        BUFG (Prop_bufg_I_O)         0.026     0.884 r  clk_IBUF_BUFG_inst/O
                         net (fo=18, routed)          0.591     1.474    clk_IBUF_BUFG
    SLICE_X1Y15          FDCE                                         r  registerB_reg[6]/C
  -------------------------------------------------------------------    -------------------
    SLICE_X1Y15          FDCE (Prop_fdce_C_Q)         0.141     1.615 r  registerB_reg[6]/Q
                         net (fo=3, routed)           0.210     1.825    registerB[6]
    SLICE_X1Y14          LUT6 (Prop_lut6_I3_O)        0.045     1.870 r  registerA[6]_i_1/O
                         net (fo=1, routed)           0.000     1.870    nextA0_in[6]
    SLICE_X1Y14          FDCE                                         r  registerA_reg[6]/D
  -------------------------------------------------------------------    -------------------

                         (clock sys_clk_pin rise edge)
                                                      0.000     0.000 r  
    W5                                                0.000     0.000 r  clk (IN)
                         net (fo=0)                   0.000     0.000    clk
    W5                   IBUF (Prop_ibuf_I_O)         0.414     0.414 r  clk_IBUF_inst/O
                         net (fo=1, routed)           0.685     1.099    clk_IBUF
    BUFGCTRL_X0Y0        BUFG (Prop_bufg_I_O)         0.029     1.128 r  clk_IBUF_BUFG_inst/O
                         net (fo=18, routed)          0.861     1.988    clk_IBUF_BUFG
    SLICE_X1Y14          FDCE                                         r  registerA_reg[6]/C
                         clock pessimism             -0.499     1.489    
    SLICE_X1Y14          FDCE (Hold_fdce_C_D)         0.092     1.581    registerA_reg[6]
  -------------------------------------------------------------------
                         required time                         -1.581    
                         arrival time                           1.870    
  -------------------------------------------------------------------
                         slack                                  0.289    

Slack (MET) :             0.291ns  (arrival time - required time)
  Source:                 FSM_sequential_registerState_reg[0]/C
                            (rising edge-triggered cell FDCE clocked by sys_clk_pin  {rise@0.000ns fall@5.000ns period=10.000ns})
  Destination:            FSM_sequential_registerState_reg[0]/D
                            (rising edge-triggered cell FDCE clocked by sys_clk_pin  {rise@0.000ns fall@5.000ns period=10.000ns})
  Path Group:             sys_clk_pin
  Path Type:              Hold (Min at Fast Process Corner)
  Requirement:            0.000ns  (sys_clk_pin rise@0.000ns - sys_clk_pin rise@0.000ns)
  Data Path Delay:        0.382ns  (logic 0.186ns (48.712%)  route 0.196ns (51.288%))
  Logic Levels:           1  (LUT3=1)
  Clock Path Skew:        0.000ns (DCD - SCD - CPR)
    Destination Clock Delay (DCD):    1.988ns
    Source Clock Delay      (SCD):    1.474ns
    Clock Pessimism Removal (CPR):    0.514ns

    Location             Delay type                Incr(ns)  Path(ns)    Netlist Resource(s)
  -------------------------------------------------------------------    -------------------
                         (clock sys_clk_pin rise edge)
                                                      0.000     0.000 r  
    W5                                                0.000     0.000 r  clk (IN)
                         net (fo=0)                   0.000     0.000    clk
    W5                   IBUF (Prop_ibuf_I_O)         0.226     0.226 r  clk_IBUF_inst/O
                         net (fo=1, routed)           0.631     0.858    clk_IBUF
    BUFGCTRL_X0Y0        BUFG (Prop_bufg_I_O)         0.026     0.884 r  clk_IBUF_BUFG_inst/O
                         net (fo=18, routed)          0.591     1.474    clk_IBUF_BUFG
    SLICE_X0Y13          FDCE                                         r  FSM_sequential_registerState_reg[0]/C
  -------------------------------------------------------------------    -------------------
    SLICE_X0Y13          FDCE (Prop_fdce_C_Q)         0.141     1.615 f  FSM_sequential_registerState_reg[0]/Q
                         net (fo=21, routed)          0.196     1.811    registerState[0]
    SLICE_X0Y13          LUT3 (Prop_lut3_I2_O)        0.045     1.856 r  FSM_sequential_registerState[0]_i_1/O
                         net (fo=1, routed)           0.000     1.856    nextState[0]
    SLICE_X0Y13          FDCE                                         r  FSM_sequential_registerState_reg[0]/D
  -------------------------------------------------------------------    -------------------

                         (clock sys_clk_pin rise edge)
                                                      0.000     0.000 r  
    W5                                                0.000     0.000 r  clk (IN)
                         net (fo=0)                   0.000     0.000    clk
    W5                   IBUF (Prop_ibuf_I_O)         0.414     0.414 r  clk_IBUF_inst/O
                         net (fo=1, routed)           0.685     1.099    clk_IBUF
    BUFGCTRL_X0Y0        BUFG (Prop_bufg_I_O)         0.029     1.128 r  clk_IBUF_BUFG_inst/O
                         net (fo=18, routed)          0.861     1.988    clk_IBUF_BUFG
    SLICE_X0Y13          FDCE                                         r  FSM_sequential_registerState_reg[0]/C
                         clock pessimism             -0.514     1.474    
    SLICE_X0Y13          FDCE (Hold_fdce_C_D)         0.091     1.565    FSM_sequential_registerState_reg[0]
  -------------------------------------------------------------------
                         required time                         -1.565    
                         arrival time                           1.856    
  -------------------------------------------------------------------
                         slack                                  0.291    

Slack (MET) :             0.294ns  (arrival time - required time)
  Source:                 registerA_reg[5]/C
                            (rising edge-triggered cell FDCE clocked by sys_clk_pin  {rise@0.000ns fall@5.000ns period=10.000ns})
  Destination:            registerA_reg[5]/D
                            (rising edge-triggered cell FDCE clocked by sys_clk_pin  {rise@0.000ns fall@5.000ns period=10.000ns})
  Path Group:             sys_clk_pin
  Path Type:              Hold (Min at Fast Process Corner)
  Requirement:            0.000ns  (sys_clk_pin rise@0.000ns - sys_clk_pin rise@0.000ns)
  Data Path Delay:        0.386ns  (logic 0.186ns (48.201%)  route 0.200ns (51.799%))
  Logic Levels:           1  (LUT6=1)
  Clock Path Skew:        0.000ns (DCD - SCD - CPR)
    Destination Clock Delay (DCD):    1.988ns
    Source Clock Delay      (SCD):    1.474ns
    Clock Pessimism Removal (CPR):    0.514ns

    Location             Delay type                Incr(ns)  Path(ns)    Netlist Resource(s)
  -------------------------------------------------------------------    -------------------
                         (clock sys_clk_pin rise edge)
                                                      0.000     0.000 r  
    W5                                                0.000     0.000 r  clk (IN)
                         net (fo=0)                   0.000     0.000    clk
    W5                   IBUF (Prop_ibuf_I_O)         0.226     0.226 r  clk_IBUF_inst/O
                         net (fo=1, routed)           0.631     0.858    clk_IBUF
    BUFGCTRL_X0Y0        BUFG (Prop_bufg_I_O)         0.026     0.884 r  clk_IBUF_BUFG_inst/O
                         net (fo=18, routed)          0.591     1.474    clk_IBUF_BUFG
    SLICE_X0Y14          FDCE                                         r  registerA_reg[5]/C
  -------------------------------------------------------------------    -------------------
    SLICE_X0Y14          FDCE (Prop_fdce_C_Q)         0.141     1.615 r  registerA_reg[5]/Q
                         net (fo=6, routed)           0.200     1.815    result_OBUF[5]
    SLICE_X0Y14          LUT6 (Prop_lut6_I1_O)        0.045     1.860 r  registerA[5]_i_1/O
                         net (fo=1, routed)           0.000     1.860    nextA0_in[5]
    SLICE_X0Y14          FDCE                                         r  registerA_reg[5]/D
  -------------------------------------------------------------------    -------------------

                         (clock sys_clk_pin rise edge)
                                                      0.000     0.000 r  
    W5                                                0.000     0.000 r  clk (IN)
                         net (fo=0)                   0.000     0.000    clk
    W5                   IBUF (Prop_ibuf_I_O)         0.414     0.414 r  clk_IBUF_inst/O
                         net (fo=1, routed)           0.685     1.099    clk_IBUF
    BUFGCTRL_X0Y0        BUFG (Prop_bufg_I_O)         0.029     1.128 r  clk_IBUF_BUFG_inst/O
                         net (fo=18, routed)          0.861     1.988    clk_IBUF_BUFG
    SLICE_X0Y14          FDCE                                         r  registerA_reg[5]/C
                         clock pessimism             -0.514     1.474    
    SLICE_X0Y14          FDCE (Hold_fdce_C_D)         0.092     1.566    registerA_reg[5]
  -------------------------------------------------------------------
                         required time                         -1.566    
                         arrival time                           1.860    
  -------------------------------------------------------------------
                         slack                                  0.294    

Slack (MET) :             0.294ns  (arrival time - required time)
  Source:                 registerA_reg[3]/C
                            (rising edge-triggered cell FDCE clocked by sys_clk_pin  {rise@0.000ns fall@5.000ns period=10.000ns})
  Destination:            registerA_reg[3]/D
                            (rising edge-triggered cell FDCE clocked by sys_clk_pin  {rise@0.000ns fall@5.000ns period=10.000ns})
  Path Group:             sys_clk_pin
  Path Type:              Hold (Min at Fast Process Corner)
  Requirement:            0.000ns  (sys_clk_pin rise@0.000ns - sys_clk_pin rise@0.000ns)
  Data Path Delay:        0.385ns  (logic 0.186ns (48.299%)  route 0.199ns (51.701%))
  Logic Levels:           1  (LUT6=1)
  Clock Path Skew:        0.000ns (DCD - SCD - CPR)
    Destination Clock Delay (DCD):    1.988ns
    Source Clock Delay      (SCD):    1.474ns
    Clock Pessimism Removal (CPR):    0.514ns

    Location             Delay type                Incr(ns)  Path(ns)    Netlist Resource(s)
  -------------------------------------------------------------------    -------------------
                         (clock sys_clk_pin rise edge)
                                                      0.000     0.000 r  
    W5                                                0.000     0.000 r  clk (IN)
                         net (fo=0)                   0.000     0.000    clk
    W5                   IBUF (Prop_ibuf_I_O)         0.226     0.226 r  clk_IBUF_inst/O
                         net (fo=1, routed)           0.631     0.858    clk_IBUF
    BUFGCTRL_X0Y0        BUFG (Prop_bufg_I_O)         0.026     0.884 r  clk_IBUF_BUFG_inst/O
                         net (fo=18, routed)          0.591     1.474    clk_IBUF_BUFG
    SLICE_X0Y14          FDCE                                         r  registerA_reg[3]/C
  -------------------------------------------------------------------    -------------------
    SLICE_X0Y14          FDCE (Prop_fdce_C_Q)         0.141     1.615 r  registerA_reg[3]/Q
                         net (fo=6, routed)           0.199     1.814    result_OBUF[3]
    SLICE_X0Y14          LUT6 (Prop_lut6_I1_O)        0.045     1.859 r  registerA[3]_i_1/O
                         net (fo=1, routed)           0.000     1.859    nextA0_in[3]
    SLICE_X0Y14          FDCE                                         r  registerA_reg[3]/D
  -------------------------------------------------------------------    -------------------

                         (clock sys_clk_pin rise edge)
                                                      0.000     0.000 r  
    W5                                                0.000     0.000 r  clk (IN)
                         net (fo=0)                   0.000     0.000    clk
    W5                   IBUF (Prop_ibuf_I_O)         0.414     0.414 r  clk_IBUF_inst/O
                         net (fo=1, routed)           0.685     1.099    clk_IBUF
    BUFGCTRL_X0Y0        BUFG (Prop_bufg_I_O)         0.029     1.128 r  clk_IBUF_BUFG_inst/O
                         net (fo=18, routed)          0.861     1.988    clk_IBUF_BUFG
    SLICE_X0Y14          FDCE                                         r  registerA_reg[3]/C
                         clock pessimism             -0.514     1.474    
    SLICE_X0Y14          FDCE (Hold_fdce_C_D)         0.091     1.565    registerA_reg[3]
  -------------------------------------------------------------------
                         required time                         -1.565    
                         arrival time                           1.859    
  -------------------------------------------------------------------
                         slack                                  0.294    

Slack (MET) :             0.298ns  (arrival time - required time)
  Source:                 registerB_reg[0]/C
                            (rising edge-triggered cell FDCE clocked by sys_clk_pin  {rise@0.000ns fall@5.000ns period=10.000ns})
  Destination:            registerA_reg[0]/D
                            (rising edge-triggered cell FDCE clocked by sys_clk_pin  {rise@0.000ns fall@5.000ns period=10.000ns})
  Path Group:             sys_clk_pin
  Path Type:              Hold (Min at Fast Process Corner)
  Requirement:            0.000ns  (sys_clk_pin rise@0.000ns - sys_clk_pin rise@0.000ns)
  Data Path Delay:        0.404ns  (logic 0.186ns (45.989%)  route 0.218ns (54.011%))
  Logic Levels:           1  (LUT5=1)
  Clock Path Skew:        0.015ns (DCD - SCD - CPR)
    Destination Clock Delay (DCD):    1.988ns
    Source Clock Delay      (SCD):    1.474ns
    Clock Pessimism Removal (CPR):    0.499ns

    Location             Delay type                Incr(ns)  Path(ns)    Netlist Resource(s)
  -------------------------------------------------------------------    -------------------
                         (clock sys_clk_pin rise edge)
                                                      0.000     0.000 r  
    W5                                                0.000     0.000 r  clk (IN)
                         net (fo=0)                   0.000     0.000    clk
    W5                   IBUF (Prop_ibuf_I_O)         0.226     0.226 r  clk_IBUF_inst/O
                         net (fo=1, routed)           0.631     0.858    clk_IBUF
    BUFGCTRL_X0Y0        BUFG (Prop_bufg_I_O)         0.026     0.884 r  clk_IBUF_BUFG_inst/O
                         net (fo=18, routed)          0.591     1.474    clk_IBUF_BUFG
    SLICE_X1Y15          FDCE                                         r  registerB_reg[0]/C
  -------------------------------------------------------------------    -------------------
    SLICE_X1Y15          FDCE (Prop_fdce_C_Q)         0.141     1.615 r  registerB_reg[0]/Q
                         net (fo=5, routed)           0.218     1.834    registerB[0]
    SLICE_X1Y13          LUT5 (Prop_lut5_I2_O)        0.045     1.879 r  registerA[0]_i_1/O
                         net (fo=1, routed)           0.000     1.879    nextA0_in[0]
    SLICE_X1Y13          FDCE                                         r  registerA_reg[0]/D
  -------------------------------------------------------------------    -------------------

                         (clock sys_clk_pin rise edge)
                                                      0.000     0.000 r  
    W5                                                0.000     0.000 r  clk (IN)
                         net (fo=0)                   0.000     0.000    clk
    W5                   IBUF (Prop_ibuf_I_O)         0.414     0.414 r  clk_IBUF_inst/O
                         net (fo=1, routed)           0.685     1.099    clk_IBUF
    BUFGCTRL_X0Y0        BUFG (Prop_bufg_I_O)         0.029     1.128 r  clk_IBUF_BUFG_inst/O
                         net (fo=18, routed)          0.861     1.988    clk_IBUF_BUFG
    SLICE_X1Y13          FDCE                                         r  registerA_reg[0]/C
                         clock pessimism             -0.499     1.489    
    SLICE_X1Y13          FDCE (Hold_fdce_C_D)         0.091     1.580    registerA_reg[0]
  -------------------------------------------------------------------
                         required time                         -1.580    
                         arrival time                           1.879    
  -------------------------------------------------------------------
                         slack                                  0.298    

Slack (MET) :             0.324ns  (arrival time - required time)
  Source:                 registerA_reg[3]/C
                            (rising edge-triggered cell FDCE clocked by sys_clk_pin  {rise@0.000ns fall@5.000ns period=10.000ns})
  Destination:            registerB_reg[3]/D
                            (rising edge-triggered cell FDCE clocked by sys_clk_pin  {rise@0.000ns fall@5.000ns period=10.000ns})
  Path Group:             sys_clk_pin
  Path Type:              Hold (Min at Fast Process Corner)
  Requirement:            0.000ns  (sys_clk_pin rise@0.000ns - sys_clk_pin rise@0.000ns)
  Data Path Delay:        0.445ns  (logic 0.184ns (41.321%)  route 0.261ns (58.679%))
  Logic Levels:           1  (LUT3=1)
  Clock Path Skew:        0.014ns (DCD - SCD - CPR)
    Destination Clock Delay (DCD):    1.987ns
    Source Clock Delay      (SCD):    1.474ns
    Clock Pessimism Removal (CPR):    0.499ns

    Location             Delay type                Incr(ns)  Path(ns)    Netlist Resource(s)
  -------------------------------------------------------------------    -------------------
                         (clock sys_clk_pin rise edge)
                                                      0.000     0.000 r  
    W5                                                0.000     0.000 r  clk (IN)
                         net (fo=0)                   0.000     0.000    clk
    W5                   IBUF (Prop_ibuf_I_O)         0.226     0.226 r  clk_IBUF_inst/O
                         net (fo=1, routed)           0.631     0.858    clk_IBUF
    BUFGCTRL_X0Y0        BUFG (Prop_bufg_I_O)         0.026     0.884 r  clk_IBUF_BUFG_inst/O
                         net (fo=18, routed)          0.591     1.474    clk_IBUF_BUFG
    SLICE_X0Y14          FDCE                                         r  registerA_reg[3]/C
  -------------------------------------------------------------------    -------------------
    SLICE_X0Y14          FDCE (Prop_fdce_C_Q)         0.141     1.615 r  registerA_reg[3]/Q
                         net (fo=6, routed)           0.261     1.876    result_OBUF[3]
    SLICE_X1Y15          LUT3 (Prop_lut3_I2_O)        0.043     1.919 r  registerB[3]_i_1/O
                         net (fo=1, routed)           0.000     1.919    registerB[3]_i_1_n_0
    SLICE_X1Y15          FDCE                                         r  registerB_reg[3]/D
  -------------------------------------------------------------------    -------------------

                         (clock sys_clk_pin rise edge)
                                                      0.000     0.000 r  
    W5                                                0.000     0.000 r  clk (IN)
                         net (fo=0)                   0.000     0.000    clk
    W5                   IBUF (Prop_ibuf_I_O)         0.414     0.414 r  clk_IBUF_inst/O
                         net (fo=1, routed)           0.685     1.099    clk_IBUF
    BUFGCTRL_X0Y0        BUFG (Prop_bufg_I_O)         0.029     1.128 r  clk_IBUF_BUFG_inst/O
                         net (fo=18, routed)          0.860     1.987    clk_IBUF_BUFG
    SLICE_X1Y15          FDCE                                         r  registerB_reg[3]/C
                         clock pessimism             -0.499     1.488    
    SLICE_X1Y15          FDCE (Hold_fdce_C_D)         0.107     1.595    registerB_reg[3]
  -------------------------------------------------------------------
                         required time                         -1.595    
                         arrival time                           1.919    
  -------------------------------------------------------------------
                         slack                                  0.324    

Slack (MET) :             0.345ns  (arrival time - required time)
  Source:                 registerA_reg[4]/C
                            (rising edge-triggered cell FDCE clocked by sys_clk_pin  {rise@0.000ns fall@5.000ns period=10.000ns})
  Destination:            registerA_reg[4]/D
                            (rising edge-triggered cell FDCE clocked by sys_clk_pin  {rise@0.000ns fall@5.000ns period=10.000ns})
  Path Group:             sys_clk_pin
  Path Type:              Hold (Min at Fast Process Corner)
  Requirement:            0.000ns  (sys_clk_pin rise@0.000ns - sys_clk_pin rise@0.000ns)
  Data Path Delay:        0.437ns  (logic 0.186ns (42.551%)  route 0.251ns (57.449%))
  Logic Levels:           1  (LUT6=1)
  Clock Path Skew:        0.000ns (DCD - SCD - CPR)
    Destination Clock Delay (DCD):    1.988ns
    Source Clock Delay      (SCD):    1.474ns
    Clock Pessimism Removal (CPR):    0.514ns

    Location             Delay type                Incr(ns)  Path(ns)    Netlist Resource(s)
  -------------------------------------------------------------------    -------------------
                         (clock sys_clk_pin rise edge)
                                                      0.000     0.000 r  
    W5                                                0.000     0.000 r  clk (IN)
                         net (fo=0)                   0.000     0.000    clk
    W5                   IBUF (Prop_ibuf_I_O)         0.226     0.226 r  clk_IBUF_inst/O
                         net (fo=1, routed)           0.631     0.858    clk_IBUF
    BUFGCTRL_X0Y0        BUFG (Prop_bufg_I_O)         0.026     0.884 r  clk_IBUF_BUFG_inst/O
                         net (fo=18, routed)          0.591     1.474    clk_IBUF_BUFG
    SLICE_X0Y14          FDCE                                         r  registerA_reg[4]/C
  -------------------------------------------------------------------    -------------------
    SLICE_X0Y14          FDCE (Prop_fdce_C_Q)         0.141     1.615 r  registerA_reg[4]/Q
                         net (fo=5, routed)           0.251     1.866    result_OBUF[4]
    SLICE_X0Y14          LUT6 (Prop_lut6_I1_O)        0.045     1.911 r  registerA[4]_i_1/O
                         net (fo=1, routed)           0.000     1.911    nextA0_in[4]
    SLICE_X0Y14          FDCE                                         r  registerA_reg[4]/D
  -------------------------------------------------------------------    -------------------

                         (clock sys_clk_pin rise edge)
                                                      0.000     0.000 r  
    W5                                                0.000     0.000 r  clk (IN)
                         net (fo=0)                   0.000     0.000    clk
    W5                   IBUF (Prop_ibuf_I_O)         0.414     0.414 r  clk_IBUF_inst/O
                         net (fo=1, routed)           0.685     1.099    clk_IBUF
    BUFGCTRL_X0Y0        BUFG (Prop_bufg_I_O)         0.029     1.128 r  clk_IBUF_BUFG_inst/O
                         net (fo=18, routed)          0.861     1.988    clk_IBUF_BUFG
    SLICE_X0Y14          FDCE                                         r  registerA_reg[4]/C
                         clock pessimism             -0.514     1.474    
    SLICE_X0Y14          FDCE (Hold_fdce_C_D)         0.092     1.566    registerA_reg[4]
  -------------------------------------------------------------------
                         required time                         -1.566    
                         arrival time                           1.911    
  -------------------------------------------------------------------
                         slack                                  0.345    





Pulse Width Checks
--------------------------------------------------------------------------------------
Clock Name:         sys_clk_pin
Waveform(ns):       { 0.000 5.000 }
Period(ns):         10.000
Sources:            { clk }

Check Type        Corner  Lib Pin  Reference Pin  Required(ns)  Actual(ns)  Slack(ns)  Location       Pin
Min Period        n/a     BUFG/I   n/a            2.155         10.000      7.845      BUFGCTRL_X0Y0  clk_IBUF_BUFG_inst/I
Min Period        n/a     FDCE/C   n/a            1.000         10.000      9.000      SLICE_X0Y13    FSM_sequential_registerState_reg[0]/C
Min Period        n/a     FDCE/C   n/a            1.000         10.000      9.000      SLICE_X2Y14    FSM_sequential_registerState_reg[1]/C
Min Period        n/a     FDCE/C   n/a            1.000         10.000      9.000      SLICE_X1Y13    registerA_reg[0]/C
Min Period        n/a     FDCE/C   n/a            1.000         10.000      9.000      SLICE_X1Y14    registerA_reg[1]/C
Min Period        n/a     FDCE/C   n/a            1.000         10.000      9.000      SLICE_X1Y14    registerA_reg[2]/C
Min Period        n/a     FDCE/C   n/a            1.000         10.000      9.000      SLICE_X0Y14    registerA_reg[3]/C
Min Period        n/a     FDCE/C   n/a            1.000         10.000      9.000      SLICE_X0Y14    registerA_reg[4]/C
Min Period        n/a     FDCE/C   n/a            1.000         10.000      9.000      SLICE_X0Y14    registerA_reg[5]/C
Min Period        n/a     FDCE/C   n/a            1.000         10.000      9.000      SLICE_X1Y14    registerA_reg[6]/C
Low Pulse Width   Fast    FDCE/C   n/a            0.500         5.000       4.500      SLICE_X0Y13    FSM_sequential_registerState_reg[0]/C
Low Pulse Width   Fast    FDCE/C   n/a            0.500         5.000       4.500      SLICE_X2Y14    FSM_sequential_registerState_reg[1]/C
Low Pulse Width   Fast    FDCE/C   n/a            0.500         5.000       4.500      SLICE_X1Y13    registerA_reg[0]/C
Low Pulse Width   Fast    FDCE/C   n/a            0.500         5.000       4.500      SLICE_X1Y14    registerA_reg[1]/C
Low Pulse Width   Fast    FDCE/C   n/a            0.500         5.000       4.500      SLICE_X1Y14    registerA_reg[2]/C
Low Pulse Width   Fast    FDCE/C   n/a            0.500         5.000       4.500      SLICE_X0Y14    registerA_reg[3]/C
Low Pulse Width   Fast    FDCE/C   n/a            0.500         5.000       4.500      SLICE_X0Y14    registerA_reg[4]/C
Low Pulse Width   Fast    FDCE/C   n/a            0.500         5.000       4.500      SLICE_X0Y14    registerA_reg[5]/C
Low Pulse Width   Fast    FDCE/C   n/a            0.500         5.000       4.500      SLICE_X1Y14    registerA_reg[6]/C
Low Pulse Width   Fast    FDCE/C   n/a            0.500         5.000       4.500      SLICE_X1Y13    registerA_reg[7]/C
High Pulse Width  Slow    FDCE/C   n/a            0.500         5.000       4.500      SLICE_X1Y15    registerB_reg[0]/C
High Pulse Width  Slow    FDCE/C   n/a            0.500         5.000       4.500      SLICE_X1Y15    registerB_reg[1]/C
High Pulse Width  Slow    FDCE/C   n/a            0.500         5.000       4.500      SLICE_X1Y15    registerB_reg[2]/C
High Pulse Width  Slow    FDCE/C   n/a            0.500         5.000       4.500      SLICE_X1Y15    registerB_reg[3]/C
High Pulse Width  Slow    FDCE/C   n/a            0.500         5.000       4.500      SLICE_X0Y15    registerB_reg[4]/C
High Pulse Width  Slow    FDCE/C   n/a            0.500         5.000       4.500      SLICE_X0Y15    registerB_reg[5]/C
High Pulse Width  Slow    FDCE/C   n/a            0.500         5.000       4.500      SLICE_X1Y15    registerB_reg[6]/C
High Pulse Width  Slow    FDCE/C   n/a            0.500         5.000       4.500      SLICE_X1Y15    registerB_reg[7]/C
High Pulse Width  Slow    FDCE/C   n/a            0.500         5.000       4.500      SLICE_X0Y13    FSM_sequential_registerState_reg[0]/C
High Pulse Width  Fast    FDCE/C   n/a            0.500         5.000       4.500      SLICE_X0Y13    FSM_sequential_registerState_reg[0]/C



