
*** Running vivado
    with args -log GCD.vds -m64 -product Vivado -mode batch -messageDb vivado.pb -notrace -source GCD.tcl



****** Vivado v2020.2 (64-bit)
  **** SW Build 3064766 on Wed Nov 18 09:12:45 MST 2020
  **** IP Build 3064653 on Wed Nov 18 14:17:31 MST 2020
    ** Copyright 1986-2020 Xilinx, Inc. All Rights Reserved.

source GCD.tcl -notrace
Command: synth_design -top GCD -part xc7a35tcpg236-1
Starting synth_design
Attempting to get a license for feature 'Synthesis' and/or device 'xc7a35t'
INFO: [Common 17-349] Got license for feature 'Synthesis' and/or device 'xc7a35t'
INFO: [Device 21-403] Loading part xc7a35tcpg236-1
INFO: [Synth 8-7079] Multithreading enabled for synth_design using a maximum of 2 processes.
INFO: [Synth 8-7078] Launching helper process for spawning children vivado processes
INFO: [Synth 8-7075] Helper process launched with PID 38804
---------------------------------------------------------------------------------
Starting RTL Elaboration : Time (s): cpu = 00:00:02 ; elapsed = 00:00:05 . Memory (MB): peak = 1017.512 ; gain = 0.000
---------------------------------------------------------------------------------
INFO: [Synth 8-638] synthesizing module 'GCD' [C:/Users/zeyne/Desktop/lab6/lab6.srcs/sources_1/new/GCD.vhd:12]
INFO: [Synth 8-3491] module 'comparator' declared at 'C:/Users/zeyne/Desktop/lab6/lab6.srcs/sources_1/new/comparator.vhd:5' bound to instance 'comp' of component 'comparator' [C:/Users/zeyne/Desktop/lab6/lab6.srcs/sources_1/new/GCD.vhd:34]
INFO: [Synth 8-638] synthesizing module 'comparator' [C:/Users/zeyne/Desktop/lab6/lab6.srcs/sources_1/new/comparator.vhd:10]
INFO: [Synth 8-256] done synthesizing module 'comparator' (1#1) [C:/Users/zeyne/Desktop/lab6/lab6.srcs/sources_1/new/comparator.vhd:10]
INFO: [Synth 8-3491] module 'subtractor' declared at 'C:/Users/zeyne/Desktop/lab6/lab6.srcs/sources_1/new/subtractor.vhd:4' bound to instance 'subt' of component 'subtractor' [C:/Users/zeyne/Desktop/lab6/lab6.srcs/sources_1/new/GCD.vhd:37]
INFO: [Synth 8-638] synthesizing module 'subtractor' [C:/Users/zeyne/Desktop/lab6/lab6.srcs/sources_1/new/subtractor.vhd:9]
INFO: [Synth 8-256] done synthesizing module 'subtractor' (2#1) [C:/Users/zeyne/Desktop/lab6/lab6.srcs/sources_1/new/subtractor.vhd:9]
WARNING: [Synth 8-614] signal 'comparatorOut' is read in the process but is not in the sensitivity list [C:/Users/zeyne/Desktop/lab6/lab6.srcs/sources_1/new/GCD.vhd:51]
WARNING: [Synth 8-614] signal 'substractionRes' is read in the process but is not in the sensitivity list [C:/Users/zeyne/Desktop/lab6/lab6.srcs/sources_1/new/GCD.vhd:51]
INFO: [Synth 8-256] done synthesizing module 'GCD' (3#1) [C:/Users/zeyne/Desktop/lab6/lab6.srcs/sources_1/new/GCD.vhd:12]
---------------------------------------------------------------------------------
Finished RTL Elaboration : Time (s): cpu = 00:00:03 ; elapsed = 00:00:06 . Memory (MB): peak = 1017.512 ; gain = 0.000
---------------------------------------------------------------------------------
---------------------------------------------------------------------------------
Start Handling Custom Attributes
---------------------------------------------------------------------------------
---------------------------------------------------------------------------------
Finished Handling Custom Attributes : Time (s): cpu = 00:00:03 ; elapsed = 00:00:07 . Memory (MB): peak = 1017.512 ; gain = 0.000
---------------------------------------------------------------------------------
---------------------------------------------------------------------------------
Finished RTL Optimization Phase 1 : Time (s): cpu = 00:00:03 ; elapsed = 00:00:07 . Memory (MB): peak = 1017.512 ; gain = 0.000
---------------------------------------------------------------------------------
Netlist sorting complete. Time (s): cpu = 00:00:00 ; elapsed = 00:00:00.002 . Memory (MB): peak = 1017.512 ; gain = 0.000
INFO: [Project 1-570] Preparing netlist for logic optimization

Processing XDC Constraints
Initializing timing engine
Parsing XDC File [C:/Users/zeyne/Desktop/lab6/lab6.srcs/constrs_1/new/constraint.xdc]
Finished Parsing XDC File [C:/Users/zeyne/Desktop/lab6/lab6.srcs/constrs_1/new/constraint.xdc]
INFO: [Project 1-236] Implementation specific constraints were found while reading constraint file [C:/Users/zeyne/Desktop/lab6/lab6.srcs/constrs_1/new/constraint.xdc]. These constraints will be ignored for synthesis but will be used in implementation. Impacted constraints are listed in the file [.Xil/GCD_propImpl.xdc].
Resolution: To avoid this warning, move constraints listed in [.Xil/GCD_propImpl.xdc] to another XDC file and exclude this new file from synthesis with the used_in_synthesis property (File Properties dialog in GUI) and re-run elaboration/synthesis.
Completed Processing XDC Constraints

Netlist sorting complete. Time (s): cpu = 00:00:00 ; elapsed = 00:00:00 . Memory (MB): peak = 1044.695 ; gain = 0.000
INFO: [Project 1-111] Unisim Transformation Summary:
No Unisim elements were transformed.

Constraint Validation Runtime : Time (s): cpu = 00:00:00 ; elapsed = 00:00:00.002 . Memory (MB): peak = 1044.695 ; gain = 0.000
---------------------------------------------------------------------------------
Finished Constraint Validation : Time (s): cpu = 00:00:07 ; elapsed = 00:00:15 . Memory (MB): peak = 1044.695 ; gain = 27.184
---------------------------------------------------------------------------------
---------------------------------------------------------------------------------
Start Loading Part and Timing Information
---------------------------------------------------------------------------------
Loading part: xc7a35tcpg236-1
---------------------------------------------------------------------------------
Finished Loading Part and Timing Information : Time (s): cpu = 00:00:07 ; elapsed = 00:00:15 . Memory (MB): peak = 1044.695 ; gain = 27.184
---------------------------------------------------------------------------------
---------------------------------------------------------------------------------
Start Applying 'set_property' XDC Constraints
---------------------------------------------------------------------------------
---------------------------------------------------------------------------------
Finished applying 'set_property' XDC Constraints : Time (s): cpu = 00:00:07 ; elapsed = 00:00:15 . Memory (MB): peak = 1044.695 ; gain = 27.184
---------------------------------------------------------------------------------
INFO: [Synth 8-802] inferred FSM for state register 'registerState_reg' in module 'GCD'
---------------------------------------------------------------------------------------------------
                   State |                     New Encoding |                Previous Encoding 
---------------------------------------------------------------------------------------------------
                maintain |                               00 |                               00
                   shift |                               01 |                               01
               substract |                               10 |                               10
---------------------------------------------------------------------------------------------------
INFO: [Synth 8-3354] encoded FSM with state register 'registerState_reg' using encoding 'sequential' in module 'GCD'
---------------------------------------------------------------------------------
Finished RTL Optimization Phase 2 : Time (s): cpu = 00:00:07 ; elapsed = 00:00:16 . Memory (MB): peak = 1044.695 ; gain = 27.184
---------------------------------------------------------------------------------
---------------------------------------------------------------------------------
Start RTL Component Statistics 
---------------------------------------------------------------------------------
Detailed RTL Component Info : 
+---XORs : 
	   2 Input      1 Bit         XORs := 9     
	   3 Input      1 Bit         XORs := 7     
+---Registers : 
	                8 Bit    Registers := 2     
+---Muxes : 
	   3 Input    8 Bit        Muxes := 2     
	   3 Input    2 Bit        Muxes := 1     
	   2 Input    2 Bit        Muxes := 2     
	   2 Input    1 Bit        Muxes := 2     
	   3 Input    1 Bit        Muxes := 2     
---------------------------------------------------------------------------------
Finished RTL Component Statistics 
---------------------------------------------------------------------------------
---------------------------------------------------------------------------------
Start Part Resource Summary
---------------------------------------------------------------------------------
Part Resources:
DSPs: 90 (col length:60)
BRAMs: 100 (col length: RAMB18 60 RAMB36 30)
---------------------------------------------------------------------------------
Finished Part Resource Summary
---------------------------------------------------------------------------------
---------------------------------------------------------------------------------
Start Cross Boundary and Area Optimization
---------------------------------------------------------------------------------
---------------------------------------------------------------------------------
Finished Cross Boundary and Area Optimization : Time (s): cpu = 00:00:08 ; elapsed = 00:00:18 . Memory (MB): peak = 1044.695 ; gain = 27.184
---------------------------------------------------------------------------------
---------------------------------------------------------------------------------
Start Applying XDC Timing Constraints
---------------------------------------------------------------------------------
---------------------------------------------------------------------------------
Finished Applying XDC Timing Constraints : Time (s): cpu = 00:00:12 ; elapsed = 00:00:26 . Memory (MB): peak = 1044.695 ; gain = 27.184
---------------------------------------------------------------------------------
---------------------------------------------------------------------------------
Start Timing Optimization
---------------------------------------------------------------------------------
---------------------------------------------------------------------------------
Finished Timing Optimization : Time (s): cpu = 00:00:12 ; elapsed = 00:00:27 . Memory (MB): peak = 1049.809 ; gain = 32.297
---------------------------------------------------------------------------------
---------------------------------------------------------------------------------
Start Technology Mapping
---------------------------------------------------------------------------------
---------------------------------------------------------------------------------
Finished Technology Mapping : Time (s): cpu = 00:00:12 ; elapsed = 00:00:27 . Memory (MB): peak = 1052.312 ; gain = 34.801
---------------------------------------------------------------------------------
---------------------------------------------------------------------------------
Start IO Insertion
---------------------------------------------------------------------------------
---------------------------------------------------------------------------------
Start Flattening Before IO Insertion
---------------------------------------------------------------------------------
---------------------------------------------------------------------------------
Finished Flattening Before IO Insertion
---------------------------------------------------------------------------------
---------------------------------------------------------------------------------
Start Final Netlist Cleanup
---------------------------------------------------------------------------------
---------------------------------------------------------------------------------
Finished Final Netlist Cleanup
---------------------------------------------------------------------------------
---------------------------------------------------------------------------------
Finished IO Insertion : Time (s): cpu = 00:00:14 ; elapsed = 00:00:31 . Memory (MB): peak = 1058.098 ; gain = 40.586
---------------------------------------------------------------------------------
---------------------------------------------------------------------------------
Start Renaming Generated Instances
---------------------------------------------------------------------------------
---------------------------------------------------------------------------------
Finished Renaming Generated Instances : Time (s): cpu = 00:00:14 ; elapsed = 00:00:31 . Memory (MB): peak = 1058.098 ; gain = 40.586
---------------------------------------------------------------------------------
---------------------------------------------------------------------------------
Start Rebuilding User Hierarchy
---------------------------------------------------------------------------------
---------------------------------------------------------------------------------
Finished Rebuilding User Hierarchy : Time (s): cpu = 00:00:14 ; elapsed = 00:00:31 . Memory (MB): peak = 1058.098 ; gain = 40.586
---------------------------------------------------------------------------------
---------------------------------------------------------------------------------
Start Renaming Generated Ports
---------------------------------------------------------------------------------
---------------------------------------------------------------------------------
Finished Renaming Generated Ports : Time (s): cpu = 00:00:14 ; elapsed = 00:00:31 . Memory (MB): peak = 1058.098 ; gain = 40.586
---------------------------------------------------------------------------------
---------------------------------------------------------------------------------
Start Handling Custom Attributes
---------------------------------------------------------------------------------
---------------------------------------------------------------------------------
Finished Handling Custom Attributes : Time (s): cpu = 00:00:14 ; elapsed = 00:00:31 . Memory (MB): peak = 1058.098 ; gain = 40.586
---------------------------------------------------------------------------------
---------------------------------------------------------------------------------
Start Renaming Generated Nets
---------------------------------------------------------------------------------
---------------------------------------------------------------------------------
Finished Renaming Generated Nets : Time (s): cpu = 00:00:14 ; elapsed = 00:00:31 . Memory (MB): peak = 1058.098 ; gain = 40.586
---------------------------------------------------------------------------------
---------------------------------------------------------------------------------
Start Writing Synthesis Report
---------------------------------------------------------------------------------

Report BlackBoxes: 
+-+--------------+----------+
| |BlackBox name |Instances |
+-+--------------+----------+
+-+--------------+----------+

Report Cell Usage: 
+------+-----+------+
|      |Cell |Count |
+------+-----+------+
|1     |BUFG |     1|
|2     |LUT2 |     2|
|3     |LUT3 |    11|
|4     |LUT4 |     1|
|5     |LUT5 |     6|
|6     |LUT6 |    11|
|7     |FDCE |    18|
|8     |IBUF |    19|
|9     |OBUF |     9|
+------+-----+------+
---------------------------------------------------------------------------------
Finished Writing Synthesis Report : Time (s): cpu = 00:00:14 ; elapsed = 00:00:31 . Memory (MB): peak = 1058.098 ; gain = 40.586
---------------------------------------------------------------------------------
Synthesis finished with 0 errors, 0 critical warnings and 0 warnings.
Synthesis Optimization Runtime : Time (s): cpu = 00:00:10 ; elapsed = 00:00:29 . Memory (MB): peak = 1058.098 ; gain = 13.402
Synthesis Optimization Complete : Time (s): cpu = 00:00:14 ; elapsed = 00:00:31 . Memory (MB): peak = 1058.098 ; gain = 40.586
INFO: [Project 1-571] Translating synthesized netlist
Netlist sorting complete. Time (s): cpu = 00:00:00 ; elapsed = 00:00:00.001 . Memory (MB): peak = 1070.133 ; gain = 0.000
INFO: [Project 1-570] Preparing netlist for logic optimization
INFO: [Opt 31-138] Pushed 0 inverter(s) to 0 load pin(s).
Netlist sorting complete. Time (s): cpu = 00:00:00 ; elapsed = 00:00:00 . Memory (MB): peak = 1070.133 ; gain = 0.000
INFO: [Project 1-111] Unisim Transformation Summary:
No Unisim elements were transformed.

INFO: [Common 17-83] Releasing license: Synthesis
23 Infos, 2 Warnings, 0 Critical Warnings and 0 Errors encountered.
synth_design completed successfully
synth_design: Time (s): cpu = 00:00:15 ; elapsed = 00:00:37 . Memory (MB): peak = 1070.133 ; gain = 52.621
INFO: [Common 17-1381] The checkpoint 'C:/Users/zeyne/Desktop/lab6/lab6.runs/synth_1/GCD.dcp' has been generated.
INFO: [runtcl-4] Executing : report_utilization -file GCD_utilization_synth.rpt -pb GCD_utilization_synth.pb
INFO: [Common 17-206] Exiting Vivado at Tue May 16 09:39:56 2023...
