#-----------------------------------------------------------
# Vivado v2020.2 (64-bit)
# SW Build 3064766 on Wed Nov 18 09:12:45 MST 2020
# IP Build 3064653 on Wed Nov 18 14:17:31 MST 2020
# Start of session at: Fri Feb 17 16:42:00 2023
# Process ID: 19784
# Current directory: C:/Users/zeyne/Desktop/Spring22-23/ee102/lab2/Lab2
# Command line: vivado.exe -gui_launcher_event rodinguilauncherevent13356 C:\Users\zeyne\Desktop\Spring22-23\ee102\lab2\Lab2\Lab2.xpr
# Log file: C:/Users/zeyne/Desktop/Spring22-23/ee102/lab2/Lab2/vivado.log
# Journal file: C:/Users/zeyne/Desktop/Spring22-23/ee102/lab2/Lab2\vivado.jou
#-----------------------------------------------------------
start_gui
open_project C:/Users/zeyne/Desktop/Spring22-23/ee102/lab2/Lab2/Lab2.xpr
WARNING: [filemgmt 56-3] Default IP Output Path : Could not find the directory 'C:/Users/zeyne/Desktop/Spring22-23/ee102/lab2/Lab2/Lab2.gen/sources_1'.
Scanning sources...
Finished scanning sources
INFO: [IP_Flow 19-234] Refreshing IP repositories
INFO: [IP_Flow 19-1704] No user IP repositories specified
INFO: [IP_Flow 19-2313] Loaded Vivado IP repository 'C:/Xilinx/Vivado/2020.2/data/ip'.
open_project: Time (s): cpu = 00:00:04 ; elapsed = 00:00:05 . Memory (MB): peak = 1018.195 ; gain = 0.000
update_compile_order -fileset sources_1
launch_simulation
Command: launch_simulation 
INFO: [Vivado 12-5682] Launching behavioral simulation in 'C:/Users/zeyne/Desktop/Spring22-23/ee102/lab2/Lab2/Lab2.sim/sim_1/behav/xsim'
INFO: [SIM-utils-51] Simulation object is 'sim_1'
INFO: [SIM-utils-54] Inspecting design source files for 'testBench1' in fileset 'sim_1'...
INFO: [USF-XSim-97] Finding global include files...
INFO: [USF-XSim-98] Fetching design files from 'sim_1'...
INFO: [USF-XSim-2] XSim::Compile design
INFO: [USF-XSim-61] Executing 'COMPILE and ANALYZE' step in 'C:/Users/zeyne/Desktop/Spring22-23/ee102/lab2/Lab2/Lab2.sim/sim_1/behav/xsim'
"xvhdl --incr --relax -prj testBench1_vhdl.prj"
INFO: [USF-XSim-69] 'compile' step finished in '1' seconds
INFO: [USF-XSim-3] XSim::Elaborate design
INFO: [USF-XSim-61] Executing 'ELABORATE' step in 'C:/Users/zeyne/Desktop/Spring22-23/ee102/lab2/Lab2/Lab2.sim/sim_1/behav/xsim'
"xelab -wto 6d291edf438a4e5caead8f0ab5315f27 --incr --debug typical --relax --mt 2 -L xil_defaultlib -L secureip --snapshot testBench1_behav xil_defaultlib.testBench1 -log elaborate.log"
Vivado Simulator 2020.2
Copyright 1986-1999, 2001-2020 Xilinx, Inc. All Rights Reserved.
Running: C:/Xilinx/Vivado/2020.2/bin/unwrapped/win64.o/xelab.exe -wto 6d291edf438a4e5caead8f0ab5315f27 --incr --debug typical --relax --mt 2 -L xil_defaultlib -L secureip --snapshot testBench1_behav xil_defaultlib.testBench1 -log elaborate.log 
Using 2 slave threads.
Starting static elaboration
Completed static elaboration
INFO: [XSIM 43-4323] No Change in HDL. Linking previously generated obj files to create kernel
INFO: [USF-XSim-69] 'elaborate' step finished in '1' seconds
INFO: [USF-XSim-4] XSim::Simulate design
INFO: [USF-XSim-61] Executing 'SIMULATE' step in 'C:/Users/zeyne/Desktop/Spring22-23/ee102/lab2/Lab2/Lab2.sim/sim_1/behav/xsim'
INFO: [USF-XSim-98] *** Running xsim
   with args "testBench1_behav -key {Behavioral:sim_1:Functional:testBench1} -tclbatch {testBench1.tcl} -log {simulate.log}"
INFO: [USF-XSim-8] Loading simulator feature
Vivado Simulator 2020.2
Time resolution is 1 ps
source testBench1.tcl
# set curr_wave [current_wave_config]
# if { [string length $curr_wave] == 0 } {
#   if { [llength [get_objects]] > 0} {
#     add_wave /
#     set_property needs_save false [current_wave_config]
#   } else {
#      send_msg_id Add_Wave-1 WARNING "No top level signals found. Simulator will start without a wave window. If you want to open a wave window go to 'File->New Waveform Configuration' or type 'create_wave_config' in the TCL console."
#   }
# }
# run 1000ns
INFO: [USF-XSim-96] XSim completed. Design snapshot 'testBench1_behav' loaded.
INFO: [USF-XSim-97] XSim simulation ran for 1000ns
launch_simulation: Time (s): cpu = 00:00:03 ; elapsed = 00:00:06 . Memory (MB): peak = 1018.195 ; gain = 0.000
file mkdir C:/Users/zeyne/Desktop/Spring22-23/ee102/lab2/Lab2/Lab2.srcs/constrs_1
file mkdir C:/Users/zeyne/Desktop/Spring22-23/ee102/lab2/Lab2/Lab2.srcs/constrs_1/new
close [ open C:/Users/zeyne/Desktop/Spring22-23/ee102/lab2/Lab2/Lab2.srcs/constrs_1/new/core.xdc w ]
add_files -fileset constrs_1 C:/Users/zeyne/Desktop/Spring22-23/ee102/lab2/Lab2/Lab2.srcs/constrs_1/new/core.xdc
add_bp {C:/Users/zeyne/Desktop/Spring22-23/ee102/lab2/Lab2/Lab2.srcs/sources_1/new/test1.vhd} 23
remove_bps -file {C:/Users/zeyne/Desktop/Spring22-23/ee102/lab2/Lab2/Lab2.srcs/sources_1/new/test1.vhd} -line 23
reset_run synth_1
WARNING: [Vivado 12-1017] Problems encountered:
1. Failed to delete one or more files in run directory C:/Users/zeyne/Desktop/Spring22-23/ee102/lab2/Lab2/Lab2.runs/synth_1

launch_runs impl_1 -to_step write_bitstream -jobs 4
[Fri Feb 17 16:47:21 2023] Launched synth_1...
Run output will be captured here: C:/Users/zeyne/Desktop/Spring22-23/ee102/lab2/Lab2/Lab2.runs/synth_1/runme.log
[Fri Feb 17 16:47:21 2023] Launched impl_1...
Run output will be captured here: C:/Users/zeyne/Desktop/Spring22-23/ee102/lab2/Lab2/Lab2.runs/impl_1/runme.log
open_run impl_1
INFO: [Device 21-403] Loading part xc7a35tcpg236-1
Netlist sorting complete. Time (s): cpu = 00:00:00 ; elapsed = 00:00:00.001 . Memory (MB): peak = 1172.699 ; gain = 0.000
INFO: [Project 1-479] Netlist was created with Vivado 2020.2
INFO: [Project 1-570] Preparing netlist for logic optimization
INFO: [Timing 38-478] Restoring timing data from binary archive.
INFO: [Timing 38-479] Binary timing data restore complete.
INFO: [Project 1-856] Restoring constraints from binary archive.
INFO: [Project 1-853] Binary constraint restore complete.
Reading XDEF placement.
Reading placer database...
Reading XDEF routing.
Read XDEF File: Time (s): cpu = 00:00:00 ; elapsed = 00:00:00.023 . Memory (MB): peak = 1769.480 ; gain = 0.000
Restored from archive | CPU: 0.000000 secs | Memory: 0.000000 MB |
Finished XDEF File Restore: Time (s): cpu = 00:00:00 ; elapsed = 00:00:00.023 . Memory (MB): peak = 1769.480 ; gain = 0.000
Netlist sorting complete. Time (s): cpu = 00:00:00 ; elapsed = 00:00:00 . Memory (MB): peak = 1769.480 ; gain = 0.000
INFO: [Project 1-111] Unisim Transformation Summary:
No Unisim elements were transformed.

open_run: Time (s): cpu = 00:00:14 ; elapsed = 00:00:16 . Memory (MB): peak = 1900.172 ; gain = 881.977
WARNING: [Timing 38-313] There are no user specified timing constraints. Timing constraints are needed for proper timing analysis.
reset_run synth_1
WARNING: [Vivado 12-1017] Problems encountered:
1. Failed to delete one or more files in run directory C:/Users/zeyne/Desktop/Spring22-23/ee102/lab2/Lab2/Lab2.runs/synth_1

launch_runs impl_1 -to_step write_bitstream -jobs 4
[Fri Feb 17 16:58:11 2023] Launched synth_1...
Run output will be captured here: C:/Users/zeyne/Desktop/Spring22-23/ee102/lab2/Lab2/Lab2.runs/synth_1/runme.log
[Fri Feb 17 16:58:11 2023] Launched impl_1...
Run output will be captured here: C:/Users/zeyne/Desktop/Spring22-23/ee102/lab2/Lab2/Lab2.runs/impl_1/runme.log
open_hw_manager
connect_hw_server -allow_non_jtag
INFO: [Labtools 27-2285] Connecting to hw_server url TCP:localhost:3121
INFO: [Labtools 27-2222] Launching hw_server...
INFO: [Labtools 27-2221] Launch Output:

****** Xilinx hw_server v2020.2
  **** Build date : Nov 18 2020 at 10:01:48
    ** Copyright 1986-2020 Xilinx, Inc. All Rights Reserved.


INFO: [Labtools 27-3415] Connecting to cs_server url TCP:localhost:3042
INFO: [Labtools 27-3417] Launching cs_server...
INFO: [Labtools 27-2221] Launch Output:


******** Xilinx cs_server v2020.2
  ****** Build date   : Nov 04 2020-00:02:56
    **** Build number : 2020.2.1604437376
      ** Copyright 2017-2020 Xilinx, Inc. All Rights Reserved.



connect_hw_server: Time (s): cpu = 00:00:01 ; elapsed = 00:00:07 . Memory (MB): peak = 1912.516 ; gain = 8.621
open_hw_target
INFO: [Labtoolstcl 44-466] Opening hw_target localhost:3121/xilinx_tcf/Digilent/210183AA1409A
set_property PROGRAM.FILE {C:/Users/zeyne/Desktop/Spring22-23/ee102/lab2/Lab2/Lab2.runs/impl_1/test1.bit} [get_hw_devices xc7a35t_0]
current_hw_device [get_hw_devices xc7a35t_0]
refresh_hw_device -update_hw_probes false [lindex [get_hw_devices xc7a35t_0] 0]
INFO: [Labtools 27-1434] Device xc7a35t (JTAG device index = 0) is programmed with a design that has no supported debug core(s) in it.
set_property PROBES.FILE {} [get_hw_devices xc7a35t_0]
set_property FULL_PROBES.FILE {} [get_hw_devices xc7a35t_0]
set_property PROGRAM.FILE {C:/Users/zeyne/Desktop/Spring22-23/ee102/lab2/Lab2/Lab2.runs/impl_1/test1.bit} [get_hw_devices xc7a35t_0]
program_hw_devices [get_hw_devices xc7a35t_0]
INFO: [Labtools 27-3164] End of startup status: HIGH
refresh_hw_device [lindex [get_hw_devices xc7a35t_0] 0]
INFO: [Labtools 27-1434] Device xc7a35t (JTAG device index = 0) is programmed with a design that has no supported debug core(s) in it.
ERROR: [Labtoolstcl 44-513] HW Target shutdown. Closing target: localhost:3121/xilinx_tcf/Digilent/210183AA1409A
