#-----------------------------------------------------------
# Vivado v2020.2 (64-bit)
# SW Build 3064766 on Wed Nov 18 09:12:45 MST 2020
# IP Build 3064653 on Wed Nov 18 14:17:31 MST 2020
# Start of session at: Fri Feb 17 16:19:01 2023
# Process ID: 23472
# Current directory: C:/Users/zeyne/Desktop/Spring22-23/ee102/lab2/Lab2
# Command line: vivado.exe -gui_launcher_event rodinguilauncherevent2116 C:\Users\zeyne\Desktop\Spring22-23\ee102\lab2\Lab2\Lab2.xpr
# Log file: C:/Users/zeyne/Desktop/Spring22-23/ee102/lab2/Lab2/vivado.log
# Journal file: C:/Users/zeyne/Desktop/Spring22-23/ee102/lab2/Lab2\vivado.jou
#-----------------------------------------------------------
start_gui
open_project C:/Users/zeyne/Desktop/Spring22-23/ee102/lab2/Lab2/Lab2.xpr
WARNING: [filemgmt 56-3] Default IP Output Path : Could not find the directory 'C:/Users/zeyne/Desktop/Spring22-23/ee102/lab2/Lab2/Lab2.gen/sources_1'.
Scanning sources...
Finished scanning sources
INFO: [IP_Flow 19-234] Refreshing IP repositories
INFO: [IP_Flow 19-1704] No user IP repositories specified
INFO: [IP_Flow 19-2313] Loaded Vivado IP repository 'C:/Xilinx/Vivado/2020.2/data/ip'.
open_project: Time (s): cpu = 00:00:04 ; elapsed = 00:00:06 . Memory (MB): peak = 1016.281 ; gain = 0.000
update_compile_order -fileset sources_1
launch_simulation
Command: launch_simulation 
INFO: [Vivado 12-5682] Launching behavioral simulation in 'C:/Users/zeyne/Desktop/Spring22-23/ee102/lab2/Lab2/Lab2.sim/sim_1/behav/xsim'
INFO: [SIM-utils-51] Simulation object is 'sim_1'
INFO: [SIM-utils-54] Inspecting design source files for 'testBench1' in fileset 'sim_1'...
INFO: [USF-XSim-97] Finding global include files...
INFO: [USF-XSim-98] Fetching design files from 'sim_1'...
INFO: [USF-XSim-2] XSim::Compile design
INFO: [USF-XSim-61] Executing 'COMPILE and ANALYZE' step in 'C:/Users/zeyne/Desktop/Spring22-23/ee102/lab2/Lab2/Lab2.sim/sim_1/behav/xsim'
"xvhdl --incr --relax -prj testBench1_vhdl.prj"
INFO: [VRFC 10-163] Analyzing VHDL file "C:/Users/zeyne/Desktop/Spring22-23/ee102/lab2/Lab2/Lab2.srcs/sim_1/new/testBench1.vhd" into library xil_defaultlib
INFO: [VRFC 10-3107] analyzing entity 'testBench1'
INFO: [USF-XSim-69] 'compile' step finished in '1' seconds
INFO: [USF-XSim-3] XSim::Elaborate design
INFO: [USF-XSim-61] Executing 'ELABORATE' step in 'C:/Users/zeyne/Desktop/Spring22-23/ee102/lab2/Lab2/Lab2.sim/sim_1/behav/xsim'
"xelab -wto 6d291edf438a4e5caead8f0ab5315f27 --incr --debug typical --relax --mt 2 -L xil_defaultlib -L secureip --snapshot testBench1_behav xil_defaultlib.testBench1 -log elaborate.log"
Vivado Simulator 2020.2
Copyright 1986-1999, 2001-2020 Xilinx, Inc. All Rights Reserved.
Running: C:/Xilinx/Vivado/2020.2/bin/unwrapped/win64.o/xelab.exe -wto 6d291edf438a4e5caead8f0ab5315f27 --incr --debug typical --relax --mt 2 -L xil_defaultlib -L secureip --snapshot testBench1_behav xil_defaultlib.testBench1 -log elaborate.log 
Using 2 slave threads.
Starting static elaboration
Completed static elaboration
Starting simulation data flow analysis
Completed simulation data flow analysis
Time Resolution for simulation is 1ps
Compiling package std.standard
Compiling package std.textio
Compiling package ieee.std_logic_1164
Compiling architecture behavioral of entity xil_defaultlib.test1 [test1_default]
Compiling architecture behavioral of entity xil_defaultlib.testbench1
INFO: [Common 17-41] Interrupt caught. Command should exit soon.
Built simulation snapshot testBench1_behav

****** Webtalk v2020.2 (64-bit)
  **** SW Build 3064766 on Wed Nov 18 09:12:45 MST 2020
  **** IP Build 3064653 on Wed Nov 18 14:17:31 MST 2020
    ** Copyright 1986-2020 Xilinx, Inc. All Rights Reserved.

source C:/Users/zeyne/Desktop/Spring22-23/ee102/lab2/Lab2/Lab2.sim/sim_1/behav/xsim/xsim.dir/testBench1_behav/webtalk/xsim_webtalk.tcl -notrace
INFO: [Common 17-344] 'run_program' was cancelled
INFO: [Vivado 12-5357] 'elaborate' step aborted
launch_simulation: Time (s): cpu = 00:00:01 ; elapsed = 00:00:05 . Memory (MB): peak = 1016.281 ; gain = 0.000
INFO: [Common 17-344] 'launch_simulation' was cancelled
launch_simulation
Command: launch_simulation 
INFO: [Vivado 12-5682] Launching behavioral simulation in 'C:/Users/zeyne/Desktop/Spring22-23/ee102/lab2/Lab2/Lab2.sim/sim_1/behav/xsim'
INFO: [SIM-utils-51] Simulation object is 'sim_1'
INFO: [SIM-utils-54] Inspecting design source files for 'testBench1' in fileset 'sim_1'...
INFO: [USF-XSim-97] Finding global include files...
INFO: [USF-XSim-98] Fetching design files from 'sim_1'...
INFO: [USF-XSim-2] XSim::Compile design
INFO: [USF-XSim-61] Executing 'COMPILE and ANALYZE' step in 'C:/Users/zeyne/Desktop/Spring22-23/ee102/lab2/Lab2/Lab2.sim/sim_1/behav/xsim'
"xvhdl --incr --relax -prj testBench1_vhdl.prj"
INFO: [USF-XSim-69] 'compile' step finished in '2' seconds
INFO: [USF-XSim-3] XSim::Elaborate design
INFO: [USF-XSim-61] Executing 'ELABORATE' step in 'C:/Users/zeyne/Desktop/Spring22-23/ee102/lab2/Lab2/Lab2.sim/sim_1/behav/xsim'
"xelab -wto 6d291edf438a4e5caead8f0ab5315f27 --incr --debug typical --relax --mt 2 -L xil_defaultlib -L secureip --snapshot testBench1_behav xil_defaultlib.testBench1 -log elaborate.log"
Vivado Simulator 2020.2
Copyright 1986-1999, 2001-2020 Xilinx, Inc. All Rights Reserved.
Running: C:/Xilinx/Vivado/2020.2/bin/unwrapped/win64.o/xelab.exe -wto 6d291edf438a4e5caead8f0ab5315f27 --incr --debug typical --relax --mt 2 -L xil_defaultlib -L secureip --snapshot testBench1_behav xil_defaultlib.testBench1 -log elaborate.log 
Using 2 slave threads.
Starting static elaboration
Completed static elaboration
INFO: [XSIM 43-4323] No Change in HDL. Linking previously generated obj files to create kernel
INFO: [USF-XSim-69] 'elaborate' step finished in '1' seconds
INFO: [USF-XSim-4] XSim::Simulate design
INFO: [USF-XSim-61] Executing 'SIMULATE' step in 'C:/Users/zeyne/Desktop/Spring22-23/ee102/lab2/Lab2/Lab2.sim/sim_1/behav/xsim'
INFO: [USF-XSim-98] *** Running xsim
   with args "testBench1_behav -key {Behavioral:sim_1:Functional:testBench1} -tclbatch {testBench1.tcl} -log {simulate.log}"
INFO: [USF-XSim-8] Loading simulator feature
Vivado Simulator 2020.2
Time resolution is 1 ps
source testBench1.tcl
# set curr_wave [current_wave_config]
# if { [string length $curr_wave] == 0 } {
#   if { [llength [get_objects]] > 0} {
#     add_wave /
#     set_property needs_save false [current_wave_config]
#   } else {
#      send_msg_id Add_Wave-1 WARNING "No top level signals found. Simulator will start without a wave window. If you want to open a wave window go to 'File->New Waveform Configuration' or type 'create_wave_config' in the TCL console."
#   }
# }
# run 1000ns
INFO: [USF-XSim-96] XSim completed. Design snapshot 'testBench1_behav' loaded.
INFO: [USF-XSim-97] XSim simulation ran for 1000ns
launch_simulation: Time (s): cpu = 00:00:04 ; elapsed = 00:00:06 . Memory (MB): peak = 1016.281 ; gain = 0.000
The simulator has terminated in an unexpected manner with exit code 1.  Please review the simulation log (xsim.log) for details.
