#-----------------------------------------------------------
# Vivado v2020.2 (64-bit)
# SW Build 3064766 on Wed Nov 18 09:12:45 MST 2020
# IP Build 3064653 on Wed Nov 18 14:17:31 MST 2020
# Start of session at: Fri Apr 28 10:02:08 2023
# Process ID: 7420
# Current directory: C:/Users/zeyne/Desktop/Spring22-23/ee102/lab4/lab4
# Command line: vivado.exe -gui_launcher_event rodinguilauncherevent27900 C:\Users\zeyne\Desktop\Spring22-23\ee102\lab4\lab4\lab4.xpr
# Log file: C:/Users/zeyne/Desktop/Spring22-23/ee102/lab4/lab4/vivado.log
# Journal file: C:/Users/zeyne/Desktop/Spring22-23/ee102/lab4/lab4\vivado.jou
#-----------------------------------------------------------
start_gui
open_project C:/Users/zeyne/Desktop/Spring22-23/ee102/lab4/lab4/lab4.xpr
CRITICAL WARNING: [Project 1-19] Could not find the file 'C:/Users/zeyne/Desktop/Spring22-23/ee102/lab4/lab4/lab4.srcs/sources_1/new/fullSubtraction.vhd'.
CRITICAL WARNING: [Project 1-19] Could not find the file 'C:/Users/zeyne/Desktop/Spring22-23/ee102/lab4/lab4/lab4.srcs/sources_1/new/halfSubtractor.vhd'.
CRITICAL WARNING: [Project 1-19] Could not find the file 'C:/Users/zeyne/Desktop/Spring22-23/ee102/lab4/lab4/lab4.srcs/sources_1/new/fullSubtractor.vhd'.
Scanning sources...
Finished scanning sources
INFO: [IP_Flow 19-234] Refreshing IP repositories
INFO: [IP_Flow 19-1704] No user IP repositories specified
INFO: [IP_Flow 19-2313] Loaded Vivado IP repository 'C:/Xilinx/Vivado/2020.2/data/ip'.
open_project: Time (s): cpu = 00:00:04 ; elapsed = 00:00:06 . Memory (MB): peak = 1015.762 ; gain = 0.000
update_compile_order -fileset sources_1
WARNING: [Common 17-9] Error reading message records.
close [ open C:/Users/zeyne/Desktop/Spring22-23/ee102/lab4/lab4/lab4.srcs/sources_1/new/bitwiseXOR.vhd w ]
add_files C:/Users/zeyne/Desktop/Spring22-23/ee102/lab4/lab4/lab4.srcs/sources_1/new/bitwiseXOR.vhd
update_compile_order -fileset sources_1
reset_run synth_1
WARNING: [Vivado 12-1017] Problems encountered:
1. Failed to delete one or more files in run directory C:/Users/zeyne/Desktop/Spring22-23/ee102/lab4/lab4/lab4.runs/synth_1

launch_runs synth_1 -jobs 4
[Sat Apr 29 21:02:26 2023] Launched synth_1...
Run output will be captured here: C:/Users/zeyne/Desktop/Spring22-23/ee102/lab4/lab4/lab4.runs/synth_1/runme.log
reset_run synth_1
WARNING: [Vivado 12-1017] Problems encountered:
1. Failed to delete one or more files in run directory C:/Users/zeyne/Desktop/Spring22-23/ee102/lab4/lab4/lab4.runs/synth_1

launch_runs synth_1 -jobs 4
[Sat Apr 29 21:06:18 2023] Launched synth_1...
Run output will be captured here: C:/Users/zeyne/Desktop/Spring22-23/ee102/lab4/lab4/lab4.runs/synth_1/runme.log
reset_run synth_1
WARNING: [Vivado 12-1017] Problems encountered:
1. Failed to delete one or more files in run directory C:/Users/zeyne/Desktop/Spring22-23/ee102/lab4/lab4/lab4.runs/synth_1

launch_runs synth_1 -jobs 4
[Sat Apr 29 21:07:40 2023] Launched synth_1...
Run output will be captured here: C:/Users/zeyne/Desktop/Spring22-23/ee102/lab4/lab4/lab4.runs/synth_1/runme.log
reset_run synth_1
WARNING: [Vivado 12-1017] Problems encountered:
1. Failed to delete one or more files in run directory C:/Users/zeyne/Desktop/Spring22-23/ee102/lab4/lab4/lab4.runs/synth_1

launch_runs synth_1 -jobs 4
[Sat Apr 29 21:08:35 2023] Launched synth_1...
Run output will be captured here: C:/Users/zeyne/Desktop/Spring22-23/ee102/lab4/lab4/lab4.runs/synth_1/runme.log
launch_runs impl_1 -jobs 4
[Sat Apr 29 21:09:14 2023] Launched impl_1...
Run output will be captured here: C:/Users/zeyne/Desktop/Spring22-23/ee102/lab4/lab4/lab4.runs/impl_1/runme.log
reset_run synth_1
WARNING: [Vivado 12-1017] Problems encountered:
1. Failed to delete one or more files in run directory C:/Users/zeyne/Desktop/Spring22-23/ee102/lab4/lab4/lab4.runs/synth_1

launch_runs synth_1 -jobs 4
[Sat Apr 29 21:10:06 2023] Launched synth_1...
Run output will be captured here: C:/Users/zeyne/Desktop/Spring22-23/ee102/lab4/lab4/lab4.runs/synth_1/runme.log
launch_runs impl_1 -jobs 4
[Sat Apr 29 21:10:46 2023] Launched impl_1...
Run output will be captured here: C:/Users/zeyne/Desktop/Spring22-23/ee102/lab4/lab4/lab4.runs/impl_1/runme.log
reset_run synth_1
WARNING: [Vivado 12-1017] Problems encountered:
1. Failed to delete one or more files in run directory C:/Users/zeyne/Desktop/Spring22-23/ee102/lab4/lab4/lab4.runs/synth_1

launch_runs synth_1 -jobs 4
[Sat Apr 29 21:20:45 2023] Launched synth_1...
Run output will be captured here: C:/Users/zeyne/Desktop/Spring22-23/ee102/lab4/lab4/lab4.runs/synth_1/runme.log
launch_runs impl_1 -to_step write_bitstream -jobs 4
[Sun Apr 30 11:58:35 2023] Launched impl_1...
Run output will be captured here: C:/Users/zeyne/Desktop/Spring22-23/ee102/lab4/lab4/lab4.runs/impl_1/runme.log
reset_run impl_1
launch_runs impl_1 -to_step write_bitstream -jobs 4
[Sun Apr 30 12:04:09 2023] Launched impl_1...
Run output will be captured here: C:/Users/zeyne/Desktop/Spring22-23/ee102/lab4/lab4/lab4.runs/impl_1/runme.log
reset_run synth_1
WARNING: [Vivado 12-1017] Problems encountered:
1. Failed to delete one or more files in run directory C:/Users/zeyne/Desktop/Spring22-23/ee102/lab4/lab4/lab4.runs/synth_1

launch_runs impl_1 -to_step write_bitstream -jobs 4
[Sun Apr 30 12:06:30 2023] Launched synth_1...
Run output will be captured here: C:/Users/zeyne/Desktop/Spring22-23/ee102/lab4/lab4/lab4.runs/synth_1/runme.log
[Sun Apr 30 12:06:30 2023] Launched impl_1...
Run output will be captured here: C:/Users/zeyne/Desktop/Spring22-23/ee102/lab4/lab4/lab4.runs/impl_1/runme.log
reset_run impl_1
launch_runs impl_1 -to_step write_bitstream -jobs 4
[Sun Apr 30 12:18:47 2023] Launched impl_1...
Run output will be captured here: C:/Users/zeyne/Desktop/Spring22-23/ee102/lab4/lab4/lab4.runs/impl_1/runme.log
reset_run synth_1
WARNING: [Vivado 12-1017] Problems encountered:
1. Failed to delete one or more files in run directory C:/Users/zeyne/Desktop/Spring22-23/ee102/lab4/lab4/lab4.runs/synth_1

launch_runs impl_1 -to_step write_bitstream -jobs 4
[Sun Apr 30 12:30:55 2023] Launched synth_1...
Run output will be captured here: C:/Users/zeyne/Desktop/Spring22-23/ee102/lab4/lab4/lab4.runs/synth_1/runme.log
[Sun Apr 30 12:30:55 2023] Launched impl_1...
Run output will be captured here: C:/Users/zeyne/Desktop/Spring22-23/ee102/lab4/lab4/lab4.runs/impl_1/runme.log
reset_run impl_1
launch_runs impl_1 -to_step write_bitstream -jobs 4
[Sun Apr 30 12:38:07 2023] Launched impl_1...
Run output will be captured here: C:/Users/zeyne/Desktop/Spring22-23/ee102/lab4/lab4/lab4.runs/impl_1/runme.log
reset_run synth_1
WARNING: [Vivado 12-1017] Problems encountered:
1. Failed to delete one or more files in run directory C:/Users/zeyne/Desktop/Spring22-23/ee102/lab4/lab4/lab4.runs/synth_1

launch_runs impl_1 -to_step write_bitstream -jobs 4
[Sun Apr 30 12:41:37 2023] Launched synth_1...
Run output will be captured here: C:/Users/zeyne/Desktop/Spring22-23/ee102/lab4/lab4/lab4.runs/synth_1/runme.log
[Sun Apr 30 12:41:37 2023] Launched impl_1...
Run output will be captured here: C:/Users/zeyne/Desktop/Spring22-23/ee102/lab4/lab4/lab4.runs/impl_1/runme.log
reset_run synth_1
WARNING: [Vivado 12-1017] Problems encountered:
1. Failed to delete one or more files in run directory C:/Users/zeyne/Desktop/Spring22-23/ee102/lab4/lab4/lab4.runs/synth_1

launch_runs impl_1 -to_step write_bitstream -jobs 4
[Sun Apr 30 12:42:20 2023] Launched synth_1...
Run output will be captured here: C:/Users/zeyne/Desktop/Spring22-23/ee102/lab4/lab4/lab4.runs/synth_1/runme.log
[Sun Apr 30 12:42:20 2023] Launched impl_1...
Run output will be captured here: C:/Users/zeyne/Desktop/Spring22-23/ee102/lab4/lab4/lab4.runs/impl_1/runme.log
launch_simulation
Command: launch_simulation 
INFO: [Vivado 12-5682] Launching behavioral simulation in 'C:/Users/zeyne/Desktop/Spring22-23/ee102/lab4/lab4/lab4.sim/sim_1/behav/xsim'
INFO: [SIM-utils-51] Simulation object is 'sim_1'
INFO: [USF-XSim-7] Finding pre-compiled libraries...
INFO: [USF-XSim-11] File 'C:/Xilinx/Vivado/2020.2/data/xsim/xsim.ini' copied to run dir:'C:/Users/zeyne/Desktop/Spring22-23/ee102/lab4/lab4/lab4.sim/sim_1/behav/xsim'
INFO: [SIM-utils-54] Inspecting design source files for 'testBench' in fileset 'sim_1'...
INFO: [USF-XSim-97] Finding global include files...
INFO: [USF-XSim-98] Fetching design files from 'sim_1'...
INFO: [USF-XSim-2] XSim::Compile design
INFO: [USF-XSim-61] Executing 'COMPILE and ANALYZE' step in 'C:/Users/zeyne/Desktop/Spring22-23/ee102/lab4/lab4/lab4.sim/sim_1/behav/xsim'
"xvhdl --incr --relax -prj testBench_vhdl.prj"
INFO: [VRFC 10-163] Analyzing VHDL file "C:/Users/zeyne/Desktop/Spring22-23/ee102/lab4/lab4/lab4.srcs/sources_1/new/addition.vhd" into library xil_defaultlib
INFO: [VRFC 10-3107] analyzing entity 'addition'
INFO: [VRFC 10-163] Analyzing VHDL file "C:/Users/zeyne/Desktop/Spring22-23/ee102/lab4/lab4/lab4.srcs/sources_1/new/arithmeticShiftRight.vhd" into library xil_defaultlib
INFO: [VRFC 10-3107] analyzing entity 'arithmeticShiftRight'
INFO: [VRFC 10-163] Analyzing VHDL file "C:/Users/zeyne/Desktop/Spring22-23/ee102/lab4/lab4/lab4.srcs/sources_1/new/bitwiseXOR.vhd" into library xil_defaultlib
INFO: [VRFC 10-3107] analyzing entity 'bitwiseXOR'
INFO: [VRFC 10-163] Analyzing VHDL file "C:/Users/zeyne/Desktop/Spring22-23/ee102/lab4/lab4/lab4.srcs/sources_1/new/comparator.vhd" into library xil_defaultlib
INFO: [VRFC 10-3107] analyzing entity 'comparator'
INFO: [VRFC 10-163] Analyzing VHDL file "C:/Users/zeyne/Desktop/Spring22-23/ee102/lab4/lab4/lab4.srcs/sources_1/new/fullAdder.vhd" into library xil_defaultlib
INFO: [VRFC 10-3107] analyzing entity 'fullAdder'
INFO: [VRFC 10-163] Analyzing VHDL file "C:/Users/zeyne/Desktop/Spring22-23/ee102/lab4/lab4/lab4.srcs/sources_1/new/halfAdder.vhd" into library xil_defaultlib
INFO: [VRFC 10-3107] analyzing entity 'halfAdder'
INFO: [VRFC 10-163] Analyzing VHDL file "C:/Users/zeyne/Desktop/Spring22-23/ee102/lab4/lab4/lab4.srcs/sources_1/new/logicalShiftLeft.vhd" into library xil_defaultlib
INFO: [VRFC 10-3107] analyzing entity 'logicalShiftLeft'
INFO: [VRFC 10-163] Analyzing VHDL file "C:/Users/zeyne/Desktop/Spring22-23/ee102/lab4/lab4/lab4.srcs/sources_1/new/muxFile.vhd" into library xil_defaultlib
INFO: [VRFC 10-3107] analyzing entity 'muxFile'
INFO: [VRFC 10-163] Analyzing VHDL file "C:/Users/zeyne/Desktop/Spring22-23/ee102/lab4/lab4/lab4.srcs/sources_1/new/rotateRight.vhd" into library xil_defaultlib
INFO: [VRFC 10-3107] analyzing entity 'rotateRight'
INFO: [VRFC 10-163] Analyzing VHDL file "C:/Users/zeyne/Desktop/Spring22-23/ee102/lab4/lab4/lab4.srcs/sources_1/new/subtraction.vhd" into library xil_defaultlib
INFO: [VRFC 10-3107] analyzing entity 'subtraction'
INFO: [VRFC 10-163] Analyzing VHDL file "C:/Users/zeyne/Desktop/Spring22-23/ee102/lab4/lab4/lab4.srcs/sim_1/new/testBench.vhd" into library xil_defaultlib
INFO: [VRFC 10-3107] analyzing entity 'testBench'
INFO: [USF-XSim-69] 'compile' step finished in '1' seconds
INFO: [USF-XSim-3] XSim::Elaborate design
INFO: [USF-XSim-61] Executing 'ELABORATE' step in 'C:/Users/zeyne/Desktop/Spring22-23/ee102/lab4/lab4/lab4.sim/sim_1/behav/xsim'
"xelab -wto 016dfeaddb0c483c8b1ce50f875ca442 --incr --debug typical --relax --mt 2 -L xil_defaultlib -L secureip -L xpm --snapshot testBench_behav xil_defaultlib.testBench -log elaborate.log"
Vivado Simulator 2020.2
Copyright 1986-1999, 2001-2020 Xilinx, Inc. All Rights Reserved.
Running: C:/Xilinx/Vivado/2020.2/bin/unwrapped/win64.o/xelab.exe -wto 016dfeaddb0c483c8b1ce50f875ca442 --incr --debug typical --relax --mt 2 -L xil_defaultlib -L secureip -L xpm --snapshot testBench_behav xil_defaultlib.testBench -log elaborate.log 
Using 2 slave threads.
Starting static elaboration
WARNING: [VRFC 10-3813] value in initialization depends on signal 'b' [C:/Users/zeyne/Desktop/Spring22-23/ee102/lab4/lab4/lab4.srcs/sources_1/new/subtraction.vhd:18]
WARNING: [VRFC 10-3813] value in initialization depends on signal 'a' [C:/Users/zeyne/Desktop/Spring22-23/ee102/lab4/lab4/lab4.srcs/sources_1/new/comparator.vhd:14]
WARNING: [VRFC 10-3813] value in initialization depends on signal 'a' [C:/Users/zeyne/Desktop/Spring22-23/ee102/lab4/lab4/lab4.srcs/sources_1/new/comparator.vhd:15]
WARNING: [VRFC 10-3813] value in initialization depends on signal 'a' [C:/Users/zeyne/Desktop/Spring22-23/ee102/lab4/lab4/lab4.srcs/sources_1/new/comparator.vhd:16]
WARNING: [VRFC 10-3813] value in initialization depends on signal 'a' [C:/Users/zeyne/Desktop/Spring22-23/ee102/lab4/lab4/lab4.srcs/sources_1/new/comparator.vhd:17]
WARNING: [VRFC 10-3813] value in initialization depends on signal 'a' [C:/Users/zeyne/Desktop/Spring22-23/ee102/lab4/lab4/lab4.srcs/sources_1/new/comparator.vhd:18]
WARNING: [VRFC 10-3813] value in initialization depends on signal 'a' [C:/Users/zeyne/Desktop/Spring22-23/ee102/lab4/lab4/lab4.srcs/sources_1/new/comparator.vhd:19]
ERROR: [VRFC 10-664] expression has 4 elements ; expected 6 [C:/Users/zeyne/Desktop/Spring22-23/ee102/lab4/lab4/lab4.srcs/sim_1/new/testBench.vhd:39]
ERROR: [XSIM 43-3321] Static elaboration of top level VHDL design unit testbench in library work failed.
INFO: [USF-XSim-69] 'elaborate' step finished in '2' seconds
INFO: [USF-XSim-99] Step results log file:'C:/Users/zeyne/Desktop/Spring22-23/ee102/lab4/lab4/lab4.sim/sim_1/behav/xsim/elaborate.log'
ERROR: [USF-XSim-62] 'elaborate' step failed with error(s). Please check the Tcl console output or 'C:/Users/zeyne/Desktop/Spring22-23/ee102/lab4/lab4/lab4.sim/sim_1/behav/xsim/elaborate.log' file for more information.
ERROR: [Vivado 12-4473] Detected error while running simulation. Please correct the issue and retry this operation.
ERROR: [Common 17-39] 'launch_simulation' failed due to earlier errors.
launch_simulation
Command: launch_simulation 
INFO: [Vivado 12-5682] Launching behavioral simulation in 'C:/Users/zeyne/Desktop/Spring22-23/ee102/lab4/lab4/lab4.sim/sim_1/behav/xsim'
INFO: [SIM-utils-51] Simulation object is 'sim_1'
INFO: [USF-XSim-7] Finding pre-compiled libraries...
INFO: [USF-XSim-11] File 'C:/Xilinx/Vivado/2020.2/data/xsim/xsim.ini' copied to run dir:'C:/Users/zeyne/Desktop/Spring22-23/ee102/lab4/lab4/lab4.sim/sim_1/behav/xsim'
INFO: [SIM-utils-54] Inspecting design source files for 'testBench' in fileset 'sim_1'...
INFO: [USF-XSim-97] Finding global include files...
INFO: [USF-XSim-98] Fetching design files from 'sim_1'...
INFO: [USF-XSim-2] XSim::Compile design
INFO: [USF-XSim-61] Executing 'COMPILE and ANALYZE' step in 'C:/Users/zeyne/Desktop/Spring22-23/ee102/lab4/lab4/lab4.sim/sim_1/behav/xsim'
"xvhdl --incr --relax -prj testBench_vhdl.prj"
INFO: [VRFC 10-163] Analyzing VHDL file "C:/Users/zeyne/Desktop/Spring22-23/ee102/lab4/lab4/lab4.srcs/sim_1/new/testBench.vhd" into library xil_defaultlib
INFO: [VRFC 10-3107] analyzing entity 'testBench'
INFO: [USF-XSim-69] 'compile' step finished in '1' seconds
INFO: [USF-XSim-3] XSim::Elaborate design
INFO: [USF-XSim-61] Executing 'ELABORATE' step in 'C:/Users/zeyne/Desktop/Spring22-23/ee102/lab4/lab4/lab4.sim/sim_1/behav/xsim'
"xelab -wto 016dfeaddb0c483c8b1ce50f875ca442 --incr --debug typical --relax --mt 2 -L xil_defaultlib -L secureip -L xpm --snapshot testBench_behav xil_defaultlib.testBench -log elaborate.log"
Vivado Simulator 2020.2
Copyright 1986-1999, 2001-2020 Xilinx, Inc. All Rights Reserved.
Running: C:/Xilinx/Vivado/2020.2/bin/unwrapped/win64.o/xelab.exe -wto 016dfeaddb0c483c8b1ce50f875ca442 --incr --debug typical --relax --mt 2 -L xil_defaultlib -L secureip -L xpm --snapshot testBench_behav xil_defaultlib.testBench -log elaborate.log 
Using 2 slave threads.
Starting static elaboration
WARNING: [VRFC 10-3813] value in initialization depends on signal 'b' [C:/Users/zeyne/Desktop/Spring22-23/ee102/lab4/lab4/lab4.srcs/sources_1/new/subtraction.vhd:18]
WARNING: [VRFC 10-3813] value in initialization depends on signal 'a' [C:/Users/zeyne/Desktop/Spring22-23/ee102/lab4/lab4/lab4.srcs/sources_1/new/comparator.vhd:14]
WARNING: [VRFC 10-3813] value in initialization depends on signal 'a' [C:/Users/zeyne/Desktop/Spring22-23/ee102/lab4/lab4/lab4.srcs/sources_1/new/comparator.vhd:15]
WARNING: [VRFC 10-3813] value in initialization depends on signal 'a' [C:/Users/zeyne/Desktop/Spring22-23/ee102/lab4/lab4/lab4.srcs/sources_1/new/comparator.vhd:16]
WARNING: [VRFC 10-3813] value in initialization depends on signal 'a' [C:/Users/zeyne/Desktop/Spring22-23/ee102/lab4/lab4/lab4.srcs/sources_1/new/comparator.vhd:17]
WARNING: [VRFC 10-3813] value in initialization depends on signal 'a' [C:/Users/zeyne/Desktop/Spring22-23/ee102/lab4/lab4/lab4.srcs/sources_1/new/comparator.vhd:18]
WARNING: [VRFC 10-3813] value in initialization depends on signal 'a' [C:/Users/zeyne/Desktop/Spring22-23/ee102/lab4/lab4/lab4.srcs/sources_1/new/comparator.vhd:19]
Completed static elaboration
Starting simulation data flow analysis
Completed simulation data flow analysis
Time Resolution for simulation is 1ps
Compiling package std.standard
Compiling package std.textio
Compiling package ieee.std_logic_1164
Compiling architecture behavioral of entity xil_defaultlib.halfAdder [halfadder_default]
Compiling architecture behavioral of entity xil_defaultlib.fullAdder [fulladder_default]
Compiling architecture behavioral of entity xil_defaultlib.addition [addition_default]
Compiling architecture behavioral of entity xil_defaultlib.subtraction [subtraction_default]
Compiling architecture behavioral of entity xil_defaultlib.logicalShiftLeft [logicalshiftleft_default]
Compiling architecture behavioral of entity xil_defaultlib.logicalShiftRight [logicalshiftright_default]
Compiling architecture behavioral of entity xil_defaultlib.arithmeticShiftRight [arithmeticshiftright_default]
Compiling architecture behavioral of entity xil_defaultlib.comparator [comparator_default]
Compiling architecture behavioral of entity xil_defaultlib.rotateRight [rotateright_default]
Compiling architecture behavioral of entity xil_defaultlib.bitwiseXOR [bitwisexor_default]
Compiling architecture behavioral of entity xil_defaultlib.muxFile [muxfile_default]
Compiling architecture behavioral of entity xil_defaultlib.testbench
Built simulation snapshot testBench_behav

****** Webtalk v2020.2 (64-bit)
  **** SW Build 3064766 on Wed Nov 18 09:12:45 MST 2020
  **** IP Build 3064653 on Wed Nov 18 14:17:31 MST 2020
    ** Copyright 1986-2020 Xilinx, Inc. All Rights Reserved.

source C:/Users/zeyne/Desktop/Spring22-23/ee102/lab4/lab4/lab4.sim/sim_1/behav/xsim/xsim.dir/testBench_behav/webtalk/xsim_webtalk.tcl -notrace
INFO: [Common 17-186] 'C:/Users/zeyne/Desktop/Spring22-23/ee102/lab4/lab4/lab4.sim/sim_1/behav/xsim/xsim.dir/testBench_behav/webtalk/usage_statistics_ext_xsim.xml' has been successfully sent to Xilinx on Sun Apr 30 13:18:41 2023. For additional details about this file, please refer to the WebTalk help file at C:/Xilinx/Vivado/2020.2/doc/webtalk_introduction.html.
INFO: [Common 17-206] Exiting Webtalk at Sun Apr 30 13:18:41 2023...
run_program: Time (s): cpu = 00:00:00 ; elapsed = 00:00:07 . Memory (MB): peak = 1015.762 ; gain = 0.000
INFO: [USF-XSim-69] 'elaborate' step finished in '7' seconds
INFO: [USF-XSim-4] XSim::Simulate design
INFO: [USF-XSim-61] Executing 'SIMULATE' step in 'C:/Users/zeyne/Desktop/Spring22-23/ee102/lab4/lab4/lab4.sim/sim_1/behav/xsim'
INFO: [USF-XSim-98] *** Running xsim
   with args "testBench_behav -key {Behavioral:sim_1:Functional:testBench} -tclbatch {testBench.tcl} -log {simulate.log}"
INFO: [USF-XSim-8] Loading simulator feature
Vivado Simulator 2020.2
Time resolution is 1 ps
source testBench.tcl
# set curr_wave [current_wave_config]
# if { [string length $curr_wave] == 0 } {
#   if { [llength [get_objects]] > 0} {
#     add_wave /
#     set_property needs_save false [current_wave_config]
#   } else {
#      send_msg_id Add_Wave-1 WARNING "No top level signals found. Simulator will start without a wave window. If you want to open a wave window go to 'File->New Waveform Configuration' or type 'create_wave_config' in the TCL console."
#   }
# }
# run 1000ns
INFO: [USF-XSim-96] XSim completed. Design snapshot 'testBench_behav' loaded.
INFO: [USF-XSim-97] XSim simulation ran for 1000ns
launch_simulation: Time (s): cpu = 00:00:02 ; elapsed = 00:00:12 . Memory (MB): peak = 1015.762 ; gain = 0.000
close_sim
INFO: [Simtcl 6-16] Simulation closed
close_sim: Time (s): cpu = 00:00:02 ; elapsed = 00:00:07 . Memory (MB): peak = 1015.762 ; gain = 0.000
synth_design -rtl -rtl_skip_mlo -name rtl_1
Command: synth_design -rtl -rtl_skip_mlo -name rtl_1
Starting synth_design
Using part: xc7a35tcpg236-1
Top: muxFile
INFO: [Device 21-403] Loading part xc7a35tcpg236-1
---------------------------------------------------------------------------------
Starting RTL Elaboration : Time (s): cpu = 00:00:02 ; elapsed = 00:00:03 . Memory (MB): peak = 1398.145 ; gain = 253.574
---------------------------------------------------------------------------------
INFO: [Synth 8-638] synthesizing module 'muxFile' [C:/Users/zeyne/Desktop/Spring22-23/ee102/lab4/lab4/lab4.srcs/sources_1/new/muxFile.vhd:11]
INFO: [Synth 8-3491] module 'addition' declared at 'C:/Users/zeyne/Desktop/Spring22-23/ee102/lab4/lab4/lab4.srcs/sources_1/new/addition.vhd:4' bound to instance 'F1' of component 'addition' [C:/Users/zeyne/Desktop/Spring22-23/ee102/lab4/lab4/lab4.srcs/sources_1/new/muxFile.vhd:71]
INFO: [Synth 8-638] synthesizing module 'addition' [C:/Users/zeyne/Desktop/Spring22-23/ee102/lab4/lab4/lab4.srcs/sources_1/new/addition.vhd:10]
INFO: [Synth 8-3491] module 'halfAdder' declared at 'C:/Users/zeyne/Desktop/Spring22-23/ee102/lab4/lab4/lab4.srcs/sources_1/new/halfAdder.vhd:4' bound to instance 'HA' of component 'halfAdder' [C:/Users/zeyne/Desktop/Spring22-23/ee102/lab4/lab4/lab4.srcs/sources_1/new/addition.vhd:27]
INFO: [Synth 8-638] synthesizing module 'halfAdder' [C:/Users/zeyne/Desktop/Spring22-23/ee102/lab4/lab4/lab4.srcs/sources_1/new/halfAdder.vhd:10]
INFO: [Synth 8-256] done synthesizing module 'halfAdder' (1#1) [C:/Users/zeyne/Desktop/Spring22-23/ee102/lab4/lab4/lab4.srcs/sources_1/new/halfAdder.vhd:10]
INFO: [Synth 8-3491] module 'fullAdder' declared at 'C:/Users/zeyne/Desktop/Spring22-23/ee102/lab4/lab4/lab4.srcs/sources_1/new/fullAdder.vhd:4' bound to instance 'FA1' of component 'fullAdder' [C:/Users/zeyne/Desktop/Spring22-23/ee102/lab4/lab4/lab4.srcs/sources_1/new/addition.vhd:30]
INFO: [Synth 8-638] synthesizing module 'fullAdder' [C:/Users/zeyne/Desktop/Spring22-23/ee102/lab4/lab4/lab4.srcs/sources_1/new/fullAdder.vhd:10]
INFO: [Synth 8-3491] module 'halfAdder' declared at 'C:/Users/zeyne/Desktop/Spring22-23/ee102/lab4/lab4/lab4.srcs/sources_1/new/halfAdder.vhd:4' bound to instance 'HA1' of component 'halfAdder' [C:/Users/zeyne/Desktop/Spring22-23/ee102/lab4/lab4/lab4.srcs/sources_1/new/fullAdder.vhd:22]
INFO: [Synth 8-3491] module 'halfAdder' declared at 'C:/Users/zeyne/Desktop/Spring22-23/ee102/lab4/lab4/lab4.srcs/sources_1/new/halfAdder.vhd:4' bound to instance 'HA2' of component 'halfAdder' [C:/Users/zeyne/Desktop/Spring22-23/ee102/lab4/lab4/lab4.srcs/sources_1/new/fullAdder.vhd:23]
INFO: [Synth 8-256] done synthesizing module 'fullAdder' (2#1) [C:/Users/zeyne/Desktop/Spring22-23/ee102/lab4/lab4/lab4.srcs/sources_1/new/fullAdder.vhd:10]
INFO: [Synth 8-3491] module 'fullAdder' declared at 'C:/Users/zeyne/Desktop/Spring22-23/ee102/lab4/lab4/lab4.srcs/sources_1/new/fullAdder.vhd:4' bound to instance 'FA2' of component 'fullAdder' [C:/Users/zeyne/Desktop/Spring22-23/ee102/lab4/lab4/lab4.srcs/sources_1/new/addition.vhd:31]
INFO: [Synth 8-3491] module 'fullAdder' declared at 'C:/Users/zeyne/Desktop/Spring22-23/ee102/lab4/lab4/lab4.srcs/sources_1/new/fullAdder.vhd:4' bound to instance 'FA3' of component 'fullAdder' [C:/Users/zeyne/Desktop/Spring22-23/ee102/lab4/lab4/lab4.srcs/sources_1/new/addition.vhd:32]
INFO: [Synth 8-3491] module 'fullAdder' declared at 'C:/Users/zeyne/Desktop/Spring22-23/ee102/lab4/lab4/lab4.srcs/sources_1/new/fullAdder.vhd:4' bound to instance 'FA4' of component 'fullAdder' [C:/Users/zeyne/Desktop/Spring22-23/ee102/lab4/lab4/lab4.srcs/sources_1/new/addition.vhd:33]
INFO: [Synth 8-3491] module 'fullAdder' declared at 'C:/Users/zeyne/Desktop/Spring22-23/ee102/lab4/lab4/lab4.srcs/sources_1/new/fullAdder.vhd:4' bound to instance 'FA5' of component 'fullAdder' [C:/Users/zeyne/Desktop/Spring22-23/ee102/lab4/lab4/lab4.srcs/sources_1/new/addition.vhd:34]
INFO: [Synth 8-256] done synthesizing module 'addition' (3#1) [C:/Users/zeyne/Desktop/Spring22-23/ee102/lab4/lab4/lab4.srcs/sources_1/new/addition.vhd:10]
INFO: [Synth 8-3491] module 'subtraction' declared at 'C:/Users/zeyne/Desktop/Spring22-23/ee102/lab4/lab4/lab4.srcs/sources_1/new/subtraction.vhd:4' bound to instance 'F2' of component 'subtraction' [C:/Users/zeyne/Desktop/Spring22-23/ee102/lab4/lab4/lab4.srcs/sources_1/new/muxFile.vhd:72]
INFO: [Synth 8-638] synthesizing module 'subtraction' [C:/Users/zeyne/Desktop/Spring22-23/ee102/lab4/lab4/lab4.srcs/sources_1/new/subtraction.vhd:9]
INFO: [Synth 8-3491] module 'fullAdder' declared at 'C:/Users/zeyne/Desktop/Spring22-23/ee102/lab4/lab4/lab4.srcs/sources_1/new/fullAdder.vhd:4' bound to instance 'FA1' of component 'fullAdder' [C:/Users/zeyne/Desktop/Spring22-23/ee102/lab4/lab4/lab4.srcs/sources_1/new/subtraction.vhd:22]
INFO: [Synth 8-3491] module 'fullAdder' declared at 'C:/Users/zeyne/Desktop/Spring22-23/ee102/lab4/lab4/lab4.srcs/sources_1/new/fullAdder.vhd:4' bound to instance 'FA2' of component 'fullAdder' [C:/Users/zeyne/Desktop/Spring22-23/ee102/lab4/lab4/lab4.srcs/sources_1/new/subtraction.vhd:23]
INFO: [Synth 8-3491] module 'fullAdder' declared at 'C:/Users/zeyne/Desktop/Spring22-23/ee102/lab4/lab4/lab4.srcs/sources_1/new/fullAdder.vhd:4' bound to instance 'FA3' of component 'fullAdder' [C:/Users/zeyne/Desktop/Spring22-23/ee102/lab4/lab4/lab4.srcs/sources_1/new/subtraction.vhd:24]
INFO: [Synth 8-3491] module 'fullAdder' declared at 'C:/Users/zeyne/Desktop/Spring22-23/ee102/lab4/lab4/lab4.srcs/sources_1/new/fullAdder.vhd:4' bound to instance 'FA4' of component 'fullAdder' [C:/Users/zeyne/Desktop/Spring22-23/ee102/lab4/lab4/lab4.srcs/sources_1/new/subtraction.vhd:25]
INFO: [Synth 8-3491] module 'fullAdder' declared at 'C:/Users/zeyne/Desktop/Spring22-23/ee102/lab4/lab4/lab4.srcs/sources_1/new/fullAdder.vhd:4' bound to instance 'FA5' of component 'fullAdder' [C:/Users/zeyne/Desktop/Spring22-23/ee102/lab4/lab4/lab4.srcs/sources_1/new/subtraction.vhd:26]
INFO: [Synth 8-3491] module 'fullAdder' declared at 'C:/Users/zeyne/Desktop/Spring22-23/ee102/lab4/lab4/lab4.srcs/sources_1/new/fullAdder.vhd:4' bound to instance 'FA6' of component 'fullAdder' [C:/Users/zeyne/Desktop/Spring22-23/ee102/lab4/lab4/lab4.srcs/sources_1/new/subtraction.vhd:27]
INFO: [Synth 8-256] done synthesizing module 'subtraction' (4#1) [C:/Users/zeyne/Desktop/Spring22-23/ee102/lab4/lab4/lab4.srcs/sources_1/new/subtraction.vhd:9]
INFO: [Synth 8-3491] module 'logicalShiftLeft' declared at 'C:/Users/zeyne/Desktop/Spring22-23/ee102/lab4/lab4/lab4.srcs/sources_1/new/logicalShiftLeft.vhd:6' bound to instance 'F3' of component 'logicalShiftLeft' [C:/Users/zeyne/Desktop/Spring22-23/ee102/lab4/lab4/lab4.srcs/sources_1/new/muxFile.vhd:73]
INFO: [Synth 8-638] synthesizing module 'logicalShiftLeft' [C:/Users/zeyne/Desktop/Spring22-23/ee102/lab4/lab4/lab4.srcs/sources_1/new/logicalShiftLeft.vhd:11]
INFO: [Synth 8-256] done synthesizing module 'logicalShiftLeft' (5#1) [C:/Users/zeyne/Desktop/Spring22-23/ee102/lab4/lab4/lab4.srcs/sources_1/new/logicalShiftLeft.vhd:11]
INFO: [Synth 8-3491] module 'logicalShiftRight' declared at 'C:/Users/zeyne/Desktop/Spring22-23/ee102/lab4/lab4/lab4.srcs/sources_1/new/logicalShiftRight.vhd:6' bound to instance 'F4' of component 'logicalShiftRight' [C:/Users/zeyne/Desktop/Spring22-23/ee102/lab4/lab4/lab4.srcs/sources_1/new/muxFile.vhd:74]
INFO: [Synth 8-638] synthesizing module 'logicalShiftRight' [C:/Users/zeyne/Desktop/Spring22-23/ee102/lab4/lab4/lab4.srcs/sources_1/new/logicalShiftRight.vhd:11]
INFO: [Synth 8-256] done synthesizing module 'logicalShiftRight' (6#1) [C:/Users/zeyne/Desktop/Spring22-23/ee102/lab4/lab4/lab4.srcs/sources_1/new/logicalShiftRight.vhd:11]
INFO: [Synth 8-3491] module 'arithmeticShiftRight' declared at 'C:/Users/zeyne/Desktop/Spring22-23/ee102/lab4/lab4/lab4.srcs/sources_1/new/arithmeticShiftRight.vhd:6' bound to instance 'F5' of component 'arithmeticShiftRight' [C:/Users/zeyne/Desktop/Spring22-23/ee102/lab4/lab4/lab4.srcs/sources_1/new/muxFile.vhd:75]
INFO: [Synth 8-638] synthesizing module 'arithmeticShiftRight' [C:/Users/zeyne/Desktop/Spring22-23/ee102/lab4/lab4/lab4.srcs/sources_1/new/arithmeticShiftRight.vhd:11]
INFO: [Synth 8-256] done synthesizing module 'arithmeticShiftRight' (7#1) [C:/Users/zeyne/Desktop/Spring22-23/ee102/lab4/lab4/lab4.srcs/sources_1/new/arithmeticShiftRight.vhd:11]
INFO: [Synth 8-3491] module 'comparator' declared at 'C:/Users/zeyne/Desktop/Spring22-23/ee102/lab4/lab4/lab4.srcs/sources_1/new/comparator.vhd:6' bound to instance 'F6' of component 'comparator' [C:/Users/zeyne/Desktop/Spring22-23/ee102/lab4/lab4/lab4.srcs/sources_1/new/muxFile.vhd:76]
INFO: [Synth 8-638] synthesizing module 'comparator' [C:/Users/zeyne/Desktop/Spring22-23/ee102/lab4/lab4/lab4.srcs/sources_1/new/comparator.vhd:12]
INFO: [Synth 8-256] done synthesizing module 'comparator' (8#1) [C:/Users/zeyne/Desktop/Spring22-23/ee102/lab4/lab4/lab4.srcs/sources_1/new/comparator.vhd:12]
INFO: [Synth 8-3491] module 'rotateRight' declared at 'C:/Users/zeyne/Desktop/Spring22-23/ee102/lab4/lab4/lab4.srcs/sources_1/new/rotateRight.vhd:4' bound to instance 'F7' of component 'rotateRight' [C:/Users/zeyne/Desktop/Spring22-23/ee102/lab4/lab4/lab4.srcs/sources_1/new/muxFile.vhd:77]
INFO: [Synth 8-638] synthesizing module 'rotateRight' [C:/Users/zeyne/Desktop/Spring22-23/ee102/lab4/lab4/lab4.srcs/sources_1/new/rotateRight.vhd:9]
INFO: [Synth 8-256] done synthesizing module 'rotateRight' (9#1) [C:/Users/zeyne/Desktop/Spring22-23/ee102/lab4/lab4/lab4.srcs/sources_1/new/rotateRight.vhd:9]
INFO: [Synth 8-3491] module 'bitwiseXOR' declared at 'C:/Users/zeyne/Desktop/Spring22-23/ee102/lab4/lab4/lab4.srcs/sources_1/new/bitwiseXOR.vhd:4' bound to instance 'F8' of component 'bitwiseXOR' [C:/Users/zeyne/Desktop/Spring22-23/ee102/lab4/lab4/lab4.srcs/sources_1/new/muxFile.vhd:78]
INFO: [Synth 8-638] synthesizing module 'bitwiseXOR' [C:/Users/zeyne/Desktop/Spring22-23/ee102/lab4/lab4/lab4.srcs/sources_1/new/bitwiseXOR.vhd:9]
INFO: [Synth 8-256] done synthesizing module 'bitwiseXOR' (10#1) [C:/Users/zeyne/Desktop/Spring22-23/ee102/lab4/lab4/lab4.srcs/sources_1/new/bitwiseXOR.vhd:9]
WARNING: [Synth 8-614] signal 'selection' is read in the process but is not in the sensitivity list [C:/Users/zeyne/Desktop/Spring22-23/ee102/lab4/lab4/lab4.srcs/sources_1/new/muxFile.vhd:79]
INFO: [Synth 8-256] done synthesizing module 'muxFile' (11#1) [C:/Users/zeyne/Desktop/Spring22-23/ee102/lab4/lab4/lab4.srcs/sources_1/new/muxFile.vhd:11]
---------------------------------------------------------------------------------
Finished RTL Elaboration : Time (s): cpu = 00:00:03 ; elapsed = 00:00:04 . Memory (MB): peak = 1448.152 ; gain = 303.582
---------------------------------------------------------------------------------
---------------------------------------------------------------------------------
Start Handling Custom Attributes
---------------------------------------------------------------------------------
---------------------------------------------------------------------------------
Finished Handling Custom Attributes : Time (s): cpu = 00:00:03 ; elapsed = 00:00:05 . Memory (MB): peak = 1469.246 ; gain = 324.676
---------------------------------------------------------------------------------
---------------------------------------------------------------------------------
Finished RTL Optimization Phase 1 : Time (s): cpu = 00:00:03 ; elapsed = 00:00:05 . Memory (MB): peak = 1469.246 ; gain = 324.676
---------------------------------------------------------------------------------
Netlist sorting complete. Time (s): cpu = 00:00:00 ; elapsed = 00:00:00.001 . Memory (MB): peak = 1469.246 ; gain = 0.000
INFO: [Project 1-570] Preparing netlist for logic optimization

Processing XDC Constraints
Initializing timing engine
Parsing XDC File [C:/Users/zeyne/Desktop/Spring22-23/ee102/lab4/lab4/lab4.srcs/constrs_1/new/core.xdc]
Finished Parsing XDC File [C:/Users/zeyne/Desktop/Spring22-23/ee102/lab4/lab4/lab4.srcs/constrs_1/new/core.xdc]
Completed Processing XDC Constraints

Netlist sorting complete. Time (s): cpu = 00:00:00 ; elapsed = 00:00:00 . Memory (MB): peak = 1564.516 ; gain = 0.000
INFO: [Project 1-111] Unisim Transformation Summary:
No Unisim elements were transformed.

RTL Elaboration Complete:  : Time (s): cpu = 00:00:07 ; elapsed = 00:00:08 . Memory (MB): peak = 1649.680 ; gain = 505.109
47 Infos, 1 Warnings, 0 Critical Warnings and 0 Errors encountered.
synth_design completed successfully
synth_design: Time (s): cpu = 00:00:10 ; elapsed = 00:00:13 . Memory (MB): peak = 1649.680 ; gain = 633.918
reset_run impl_1
launch_runs impl_1 -to_step write_bitstream -jobs 4
[Sun Apr 30 13:30:05 2023] Launched impl_1...
Run output will be captured here: C:/Users/zeyne/Desktop/Spring22-23/ee102/lab4/lab4/lab4.runs/impl_1/runme.log
set_msg_config -suppress -id {DRC MDRV-1} 
reset_run impl_1
launch_runs impl_1 -to_step write_bitstream -jobs 4
[Sun Apr 30 13:34:24 2023] Launched impl_1...
Run output will be captured here: C:/Users/zeyne/Desktop/Spring22-23/ee102/lab4/lab4/lab4.runs/impl_1/runme.log
close_design
reset_run synth_1
WARNING: [Vivado 12-1017] Problems encountered:
1. Failed to delete one or more files in run directory C:/Users/zeyne/Desktop/Spring22-23/ee102/lab4/lab4/lab4.runs/synth_1

launch_runs impl_1 -to_step write_bitstream -jobs 4
[Sun Apr 30 13:37:59 2023] Launched synth_1...
Run output will be captured here: C:/Users/zeyne/Desktop/Spring22-23/ee102/lab4/lab4/lab4.runs/synth_1/runme.log
[Sun Apr 30 13:37:59 2023] Launched impl_1...
Run output will be captured here: C:/Users/zeyne/Desktop/Spring22-23/ee102/lab4/lab4/lab4.runs/impl_1/runme.log
reset_msg_config  -ruleid {1} -suppress
export_ip_user_files -of_objects  [get_files C:/Users/zeyne/Desktop/Spring22-23/ee102/lab4/lab4/lab4.srcs/sources_1/bd/addition/addition.bd] -no_script -reset -force -quiet
remove_files  C:/Users/zeyne/Desktop/Spring22-23/ee102/lab4/lab4/lab4.srcs/sources_1/bd/addition/addition.bd
reset_run impl_1
launch_runs impl_1 -to_step write_bitstream -jobs 4
[Sun Apr 30 14:36:56 2023] Launched impl_1...
Run output will be captured here: C:/Users/zeyne/Desktop/Spring22-23/ee102/lab4/lab4/lab4.runs/impl_1/runme.log
reset_run synth_1
WARNING: [Vivado 12-1017] Problems encountered:
1. Failed to delete one or more files in run directory C:/Users/zeyne/Desktop/Spring22-23/ee102/lab4/lab4/lab4.runs/synth_1

launch_runs impl_1 -to_step write_bitstream -jobs 4
[Sun Apr 30 15:44:06 2023] Launched synth_1...
Run output will be captured here: C:/Users/zeyne/Desktop/Spring22-23/ee102/lab4/lab4/lab4.runs/synth_1/runme.log
[Sun Apr 30 15:44:06 2023] Launched impl_1...
Run output will be captured here: C:/Users/zeyne/Desktop/Spring22-23/ee102/lab4/lab4/lab4.runs/impl_1/runme.log
reset_run impl_1
launch_runs impl_1 -to_step write_bitstream -jobs 4
[Sun Apr 30 15:47:04 2023] Launched impl_1...
Run output will be captured here: C:/Users/zeyne/Desktop/Spring22-23/ee102/lab4/lab4/lab4.runs/impl_1/runme.log
reset_run synth_1
WARNING: [Vivado 12-1017] Problems encountered:
1. Failed to delete one or more files in run directory C:/Users/zeyne/Desktop/Spring22-23/ee102/lab4/lab4/lab4.runs/synth_1

launch_runs impl_1 -to_step write_bitstream -jobs 4
[Sun Apr 30 15:48:55 2023] Launched synth_1...
Run output will be captured here: C:/Users/zeyne/Desktop/Spring22-23/ee102/lab4/lab4/lab4.runs/synth_1/runme.log
[Sun Apr 30 15:48:55 2023] Launched impl_1...
Run output will be captured here: C:/Users/zeyne/Desktop/Spring22-23/ee102/lab4/lab4/lab4.runs/impl_1/runme.log
reset_run impl_1
launch_runs impl_1 -to_step write_bitstream -jobs 4
[Sun Apr 30 16:12:04 2023] Launched impl_1...
Run output will be captured here: C:/Users/zeyne/Desktop/Spring22-23/ee102/lab4/lab4/lab4.runs/impl_1/runme.log
reset_run synth_1
WARNING: [Vivado 12-1017] Problems encountered:
1. Failed to delete one or more files in run directory C:/Users/zeyne/Desktop/Spring22-23/ee102/lab4/lab4/lab4.runs/synth_1

launch_runs synth_1 -jobs 4
[Sun Apr 30 17:47:52 2023] Launched synth_1...
Run output will be captured here: C:/Users/zeyne/Desktop/Spring22-23/ee102/lab4/lab4/lab4.runs/synth_1/runme.log
reset_run synth_1
WARNING: [Vivado 12-1017] Problems encountered:
1. Failed to delete one or more files in run directory C:/Users/zeyne/Desktop/Spring22-23/ee102/lab4/lab4/lab4.runs/synth_1

launch_runs synth_1 -jobs 4
[Sun Apr 30 17:48:28 2023] Launched synth_1...
Run output will be captured here: C:/Users/zeyne/Desktop/Spring22-23/ee102/lab4/lab4/lab4.runs/synth_1/runme.log
launch_runs impl_1 -jobs 4
[Sun Apr 30 17:49:10 2023] Launched impl_1...
Run output will be captured here: C:/Users/zeyne/Desktop/Spring22-23/ee102/lab4/lab4/lab4.runs/impl_1/runme.log
reset_run impl_1
launch_runs impl_1 -jobs 4
[Sun Apr 30 17:49:25 2023] Launched impl_1...
Run output will be captured here: C:/Users/zeyne/Desktop/Spring22-23/ee102/lab4/lab4/lab4.runs/impl_1/runme.log
open_hw_manager
connect_hw_server -allow_non_jtag
INFO: [Labtools 27-2285] Connecting to hw_server url TCP:localhost:3121
INFO: [Labtools 27-2222] Launching hw_server...
INFO: [Labtools 27-2221] Launch Output:

****** Xilinx hw_server v2020.2
  **** Build date : Nov 18 2020 at 10:01:48
    ** Copyright 1986-2020 Xilinx, Inc. All Rights Reserved.


INFO: [Labtools 27-3415] Connecting to cs_server url TCP:localhost:3042
INFO: [Labtools 27-3417] Launching cs_server...
INFO: [Labtools 27-2221] Launch Output:


******** Xilinx cs_server v2020.2
  ****** Build date   : Nov 04 2020-00:02:56
    **** Build number : 2020.2.1604437376
      ** Copyright 2017-2020 Xilinx, Inc. All Rights Reserved.



connect_hw_server: Time (s): cpu = 00:00:00 ; elapsed = 00:00:09 . Memory (MB): peak = 1694.395 ; gain = 0.000
disconnect_hw_server localhost:3121
connect_hw_server -allow_non_jtag
INFO: [Labtools 27-2285] Connecting to hw_server url TCP:localhost:3121
INFO: [Labtools 27-3415] Connecting to cs_server url TCP:localhost:3042
INFO: [Labtools 27-3414] Connected to existing cs_server.
open_hw_target
INFO: [Labtoolstcl 44-466] Opening hw_target localhost:3121/xilinx_tcf/Digilent/210183AA1409A
open_hw_target: Time (s): cpu = 00:00:05 ; elapsed = 00:00:05 . Memory (MB): peak = 3036.711 ; gain = 1342.316
current_hw_device [get_hw_devices xc7a35t_0]
refresh_hw_device -update_hw_probes false [lindex [get_hw_devices xc7a35t_0] 0]
INFO: [Labtools 27-1434] Device xc7a35t (JTAG device index = 0) is programmed with a design that has no supported debug core(s) in it.
ERROR: [Labtoolstcl 44-513] HW Target shutdown. Closing target: localhost:3121/xilinx_tcf/Digilent/210183AA1409A
close_hw_manager
open_hw_manager
close_hw_manager
reset_run synth_1
WARNING: [Vivado 12-1017] Problems encountered:
1. Failed to delete one or more files in run directory C:/Users/zeyne/Desktop/Spring22-23/ee102/lab4/lab4/lab4.runs/synth_1

launch_runs synth_1 -jobs 4
[Sun Apr 30 17:55:57 2023] Launched synth_1...
Run output will be captured here: C:/Users/zeyne/Desktop/Spring22-23/ee102/lab4/lab4/lab4.runs/synth_1/runme.log
launch_runs impl_1 -jobs 4
[Sun Apr 30 17:56:36 2023] Launched impl_1...
Run output will be captured here: C:/Users/zeyne/Desktop/Spring22-23/ee102/lab4/lab4/lab4.runs/impl_1/runme.log
reset_run impl_1
launch_runs impl_1 -to_step write_bitstream -jobs 4
[Sun Apr 30 17:57:30 2023] Launched impl_1...
Run output will be captured here: C:/Users/zeyne/Desktop/Spring22-23/ee102/lab4/lab4/lab4.runs/impl_1/runme.log
reset_run synth_1
WARNING: [Vivado 12-1017] Problems encountered:
1. Failed to delete one or more files in run directory C:/Users/zeyne/Desktop/Spring22-23/ee102/lab4/lab4/lab4.runs/synth_1

launch_runs impl_1 -to_step write_bitstream -jobs 4
[Sun Apr 30 18:00:25 2023] Launched synth_1...
Run output will be captured here: C:/Users/zeyne/Desktop/Spring22-23/ee102/lab4/lab4/lab4.runs/synth_1/runme.log
[Sun Apr 30 18:00:25 2023] Launched impl_1...
Run output will be captured here: C:/Users/zeyne/Desktop/Spring22-23/ee102/lab4/lab4/lab4.runs/impl_1/runme.log
reset_run impl_1
launch_runs impl_1 -to_step write_bitstream -jobs 4
[Sun Apr 30 18:02:28 2023] Launched impl_1...
Run output will be captured here: C:/Users/zeyne/Desktop/Spring22-23/ee102/lab4/lab4/lab4.runs/impl_1/runme.log
reset_run synth_1
WARNING: [Vivado 12-1017] Problems encountered:
1. Failed to delete one or more files in run directory C:/Users/zeyne/Desktop/Spring22-23/ee102/lab4/lab4/lab4.runs/synth_1

launch_runs impl_1 -to_step write_bitstream -jobs 4
[Sun Apr 30 18:04:05 2023] Launched synth_1...
Run output will be captured here: C:/Users/zeyne/Desktop/Spring22-23/ee102/lab4/lab4/lab4.runs/synth_1/runme.log
[Sun Apr 30 18:04:05 2023] Launched impl_1...
Run output will be captured here: C:/Users/zeyne/Desktop/Spring22-23/ee102/lab4/lab4/lab4.runs/impl_1/runme.log
reset_run synth_1
WARNING: [Vivado 12-1017] Problems encountered:
1. Failed to delete one or more files in run directory C:/Users/zeyne/Desktop/Spring22-23/ee102/lab4/lab4/lab4.runs/synth_1

launch_runs synth_1 -jobs 4
[Sun Apr 30 18:10:03 2023] Launched synth_1...
Run output will be captured here: C:/Users/zeyne/Desktop/Spring22-23/ee102/lab4/lab4/lab4.runs/synth_1/runme.log
launch_runs impl_1 -to_step write_bitstream -jobs 4
[Sun Apr 30 18:13:49 2023] Launched impl_1...
Run output will be captured here: C:/Users/zeyne/Desktop/Spring22-23/ee102/lab4/lab4/lab4.runs/impl_1/runme.log
update_compile_order -fileset sources_1
reset_run synth_1
WARNING: [Vivado 12-1017] Problems encountered:
1. Failed to delete one or more files in run directory C:/Users/zeyne/Desktop/Spring22-23/ee102/lab4/lab4/lab4.runs/synth_1

launch_runs impl_1 -to_step write_bitstream -jobs 4
[Sun Apr 30 18:17:24 2023] Launched synth_1...
Run output will be captured here: C:/Users/zeyne/Desktop/Spring22-23/ee102/lab4/lab4/lab4.runs/synth_1/runme.log
[Sun Apr 30 18:17:24 2023] Launched impl_1...
Run output will be captured here: C:/Users/zeyne/Desktop/Spring22-23/ee102/lab4/lab4/lab4.runs/impl_1/runme.log
reset_run synth_1
WARNING: [Vivado 12-1017] Problems encountered:
1. PID not specified

launch_runs synth_1 -jobs 4
[Sun Apr 30 18:17:32 2023] Launched synth_1...
Run output will be captured here: C:/Users/zeyne/Desktop/Spring22-23/ee102/lab4/lab4/lab4.runs/synth_1/runme.log
reset_run synth_1
WARNING: [Vivado 12-1017] Problems encountered:
1. Failed to delete one or more files in run directory C:/Users/zeyne/Desktop/Spring22-23/ee102/lab4/lab4/lab4.runs/synth_1

launch_runs impl_1 -jobs 4
[Sun Apr 30 18:19:42 2023] Launched synth_1...
Run output will be captured here: C:/Users/zeyne/Desktop/Spring22-23/ee102/lab4/lab4/lab4.runs/synth_1/runme.log
[Sun Apr 30 18:19:42 2023] Launched impl_1...
Run output will be captured here: C:/Users/zeyne/Desktop/Spring22-23/ee102/lab4/lab4/lab4.runs/impl_1/runme.log
launch_runs impl_1 -to_step write_bitstream -jobs 4
[Sun Apr 30 18:21:23 2023] Launched impl_1...
Run output will be captured here: C:/Users/zeyne/Desktop/Spring22-23/ee102/lab4/lab4/lab4.runs/impl_1/runme.log
open_hw_manager
connect_hw_server -allow_non_jtag
INFO: [Labtools 27-2285] Connecting to hw_server url TCP:localhost:3121
INFO: [Labtools 27-2222] Launching hw_server...
INFO: [Labtools 27-2221] Launch Output:

****** Xilinx hw_server v2020.2
  **** Build date : Nov 18 2020 at 10:01:48
    ** Copyright 1986-2020 Xilinx, Inc. All Rights Reserved.


INFO: [Labtools 27-3415] Connecting to cs_server url TCP:localhost:3042
INFO: [Labtools 27-3417] Launching cs_server...
INFO: [Common 17-41] Interrupt caught. Command should exit soon.
INFO: [Labtools 27-2221] Launch Output:


******** Xilinx cs_server v2020.2
  ****** Build date   : Nov 04 2020-00:02:56
    **** Build number : 2020.2.1604437376
      ** Copyright 2017-2020 Xilinx, Inc. All Rights Reserved.



connect_hw_server: Time (s): cpu = 00:00:00 ; elapsed = 00:00:09 . Memory (MB): peak = 3143.680 ; gain = 0.000
INFO: [Common 17-344] 'connect_hw_server' was cancelled
close_hw_manager
reset_run synth_1
WARNING: [Vivado 12-1017] Problems encountered:
1. Failed to delete one or more files in run directory C:/Users/zeyne/Desktop/Spring22-23/ee102/lab4/lab4/lab4.runs/synth_1

launch_runs synth_1 -jobs 4
[Sun Apr 30 18:23:33 2023] Launched synth_1...
Run output will be captured here: C:/Users/zeyne/Desktop/Spring22-23/ee102/lab4/lab4/lab4.runs/synth_1/runme.log
launch_runs impl_1 -jobs 4
[Sun Apr 30 18:24:15 2023] Launched impl_1...
Run output will be captured here: C:/Users/zeyne/Desktop/Spring22-23/ee102/lab4/lab4/lab4.runs/impl_1/runme.log
reset_run impl_1
launch_runs impl_1 -to_step write_bitstream -jobs 4
[Sun Apr 30 18:29:04 2023] Launched impl_1...
Run output will be captured here: C:/Users/zeyne/Desktop/Spring22-23/ee102/lab4/lab4/lab4.runs/impl_1/runme.log
close [ open C:/Users/zeyne/Desktop/Spring22-23/ee102/lab4/lab4/lab4.srcs/sources_1/new/halfAdderForSubtraction.vhd w ]
add_files C:/Users/zeyne/Desktop/Spring22-23/ee102/lab4/lab4/lab4.srcs/sources_1/new/halfAdderForSubtraction.vhd
update_compile_order -fileset sources_1
reset_run synth_1
WARNING: [Vivado 12-1017] Problems encountered:
1. Failed to delete one or more files in run directory C:/Users/zeyne/Desktop/Spring22-23/ee102/lab4/lab4/lab4.runs/synth_1

launch_runs synth_1 -jobs 4
WARNING: [filemgmt 20-1318] Duplicate Design Unit 'halfAdder(Behavioral)' found in library 'xil_defaultlib'
Duplicate found at line 10 of file C:/Users/zeyne/Desktop/Spring22-23/ee102/lab4/lab4/lab4.srcs/sources_1/new/halfAdder.vhd
	(Active) Duplicate found at line 11 of file C:/Users/zeyne/Desktop/Spring22-23/ee102/lab4/lab4/lab4.srcs/sources_1/new/halfAdderForSubtraction.vhd
[Sun Apr 30 18:32:29 2023] Launched synth_1...
Run output will be captured here: C:/Users/zeyne/Desktop/Spring22-23/ee102/lab4/lab4/lab4.runs/synth_1/runme.log
reset_run synth_1
WARNING: [Vivado 12-1017] Problems encountered:
1. Failed to delete one or more files in run directory C:/Users/zeyne/Desktop/Spring22-23/ee102/lab4/lab4/lab4.runs/synth_1

launch_runs impl_1 -to_step write_bitstream -jobs 4
[Sun Apr 30 18:33:47 2023] Launched synth_1...
Run output will be captured here: C:/Users/zeyne/Desktop/Spring22-23/ee102/lab4/lab4/lab4.runs/synth_1/runme.log
[Sun Apr 30 18:33:47 2023] Launched impl_1...
Run output will be captured here: C:/Users/zeyne/Desktop/Spring22-23/ee102/lab4/lab4/lab4.runs/impl_1/runme.log
reset_run synth_1
WARNING: [Vivado 12-1017] Problems encountered:
1. Failed to delete one or more files in run directory C:/Users/zeyne/Desktop/Spring22-23/ee102/lab4/lab4/lab4.runs/synth_1

launch_runs impl_1 -to_step write_bitstream -jobs 4
[Sun Apr 30 18:34:42 2023] Launched synth_1...
Run output will be captured here: C:/Users/zeyne/Desktop/Spring22-23/ee102/lab4/lab4/lab4.runs/synth_1/runme.log
[Sun Apr 30 18:34:42 2023] Launched impl_1...
Run output will be captured here: C:/Users/zeyne/Desktop/Spring22-23/ee102/lab4/lab4/lab4.runs/impl_1/runme.log
open_run impl_1
Netlist sorting complete. Time (s): cpu = 00:00:00 ; elapsed = 00:00:00 . Memory (MB): peak = 3208.547 ; gain = 0.000
INFO: [Project 1-479] Netlist was created with Vivado 2020.2
INFO: [Project 1-570] Preparing netlist for logic optimization
INFO: [Timing 38-478] Restoring timing data from binary archive.
INFO: [Timing 38-479] Binary timing data restore complete.
INFO: [Project 1-856] Restoring constraints from binary archive.
INFO: [Project 1-853] Binary constraint restore complete.
Reading XDEF placement.
Reading placer database...
Reading XDEF routing.
Read XDEF File: Time (s): cpu = 00:00:00 ; elapsed = 00:00:00.047 . Memory (MB): peak = 3817.305 ; gain = 0.000
Restored from archive | CPU: 0.000000 secs | Memory: 0.000000 MB |
Finished XDEF File Restore: Time (s): cpu = 00:00:00 ; elapsed = 00:00:00.047 . Memory (MB): peak = 3817.305 ; gain = 0.000
Netlist sorting complete. Time (s): cpu = 00:00:00 ; elapsed = 00:00:00 . Memory (MB): peak = 3817.305 ; gain = 0.000
INFO: [Project 1-111] Unisim Transformation Summary:
No Unisim elements were transformed.

open_run: Time (s): cpu = 00:00:09 ; elapsed = 00:00:09 . Memory (MB): peak = 3929.500 ; gain = 721.445
WARNING: [Timing 38-313] There are no user specified timing constraints. Timing constraints are needed for proper timing analysis.
reset_run impl_1 -prev_step 
launch_runs impl_1 -to_step write_bitstream -jobs 4
[Sun Apr 30 18:37:07 2023] Launched impl_1...
Run output will be captured here: C:/Users/zeyne/Desktop/Spring22-23/ee102/lab4/lab4/lab4.runs/impl_1/runme.log
update_compile_order -fileset sources_1
reset_run synth_1
WARNING: [Vivado 12-1017] Problems encountered:
1. Failed to delete one or more files in run directory C:/Users/zeyne/Desktop/Spring22-23/ee102/lab4/lab4/lab4.runs/synth_1

launch_runs impl_1 -to_step write_bitstream -jobs 4
[Sun Apr 30 18:39:03 2023] Launched synth_1...
Run output will be captured here: C:/Users/zeyne/Desktop/Spring22-23/ee102/lab4/lab4/lab4.runs/synth_1/runme.log
[Sun Apr 30 18:39:03 2023] Launched impl_1...
Run output will be captured here: C:/Users/zeyne/Desktop/Spring22-23/ee102/lab4/lab4/lab4.runs/impl_1/runme.log
reset_run impl_1 -prev_step 
launch_runs impl_1 -to_step write_bitstream -jobs 4
[Sun Apr 30 18:42:56 2023] Launched impl_1...
Run output will be captured here: C:/Users/zeyne/Desktop/Spring22-23/ee102/lab4/lab4/lab4.runs/impl_1/runme.log
update_compile_order -fileset sources_1
reset_run synth_1
WARNING: [Vivado 12-1017] Problems encountered:
1. Failed to delete one or more files in run directory C:/Users/zeyne/Desktop/Spring22-23/ee102/lab4/lab4/lab4.runs/synth_1

launch_runs impl_1 -to_step write_bitstream -jobs 4
[Sun Apr 30 18:46:11 2023] Launched synth_1...
Run output will be captured here: C:/Users/zeyne/Desktop/Spring22-23/ee102/lab4/lab4/lab4.runs/synth_1/runme.log
[Sun Apr 30 18:46:11 2023] Launched impl_1...
Run output will be captured here: C:/Users/zeyne/Desktop/Spring22-23/ee102/lab4/lab4/lab4.runs/impl_1/runme.log
reset_run impl_1 -prev_step 
launch_runs impl_1 -to_step write_bitstream -jobs 4
[Sun Apr 30 18:55:05 2023] Launched impl_1...
Run output will be captured here: C:/Users/zeyne/Desktop/Spring22-23/ee102/lab4/lab4/lab4.runs/impl_1/runme.log
update_compile_order -fileset sources_1
reset_run synth_1
WARNING: [Vivado 12-1017] Problems encountered:
1. Failed to delete one or more files in run directory C:/Users/zeyne/Desktop/Spring22-23/ee102/lab4/lab4/lab4.runs/synth_1

launch_runs impl_1 -to_step write_bitstream -jobs 4
[Sun Apr 30 18:56:22 2023] Launched synth_1...
Run output will be captured here: C:/Users/zeyne/Desktop/Spring22-23/ee102/lab4/lab4/lab4.runs/synth_1/runme.log
[Sun Apr 30 18:56:22 2023] Launched impl_1...
Run output will be captured here: C:/Users/zeyne/Desktop/Spring22-23/ee102/lab4/lab4/lab4.runs/impl_1/runme.log
close_design
close [ open C:/Users/zeyne/Desktop/Spring22-23/ee102/lab4/lab4/lab4.srcs/sources_1/new/subFullAdder.vhd w ]
add_files C:/Users/zeyne/Desktop/Spring22-23/ee102/lab4/lab4/lab4.srcs/sources_1/new/subFullAdder.vhd
update_compile_order -fileset sources_1
close [ open C:/Users/zeyne/Desktop/Spring22-23/ee102/lab4/lab4/lab4.srcs/sources_1/new/subHalfAdder.vhd w ]
add_files C:/Users/zeyne/Desktop/Spring22-23/ee102/lab4/lab4/lab4.srcs/sources_1/new/subHalfAdder.vhd
update_compile_order -fileset sources_1
reset_run synth_1
WARNING: [Vivado 12-1017] Problems encountered:
1. Failed to delete one or more files in run directory C:/Users/zeyne/Desktop/Spring22-23/ee102/lab4/lab4/lab4.runs/synth_1

launch_runs impl_1 -to_step write_bitstream -jobs 4
[Sun Apr 30 19:07:57 2023] Launched synth_1...
Run output will be captured here: C:/Users/zeyne/Desktop/Spring22-23/ee102/lab4/lab4/lab4.runs/synth_1/runme.log
[Sun Apr 30 19:07:57 2023] Launched impl_1...
Run output will be captured here: C:/Users/zeyne/Desktop/Spring22-23/ee102/lab4/lab4/lab4.runs/impl_1/runme.log
reset_run synth_1
WARNING: [Vivado 12-1017] Problems encountered:
1. Failed to delete one or more files in run directory C:/Users/zeyne/Desktop/Spring22-23/ee102/lab4/lab4/lab4.runs/synth_1

launch_runs impl_1 -to_step write_bitstream -jobs 4
[Sun Apr 30 19:11:13 2023] Launched synth_1...
Run output will be captured here: C:/Users/zeyne/Desktop/Spring22-23/ee102/lab4/lab4/lab4.runs/synth_1/runme.log
[Sun Apr 30 19:11:14 2023] Launched impl_1...
Run output will be captured here: C:/Users/zeyne/Desktop/Spring22-23/ee102/lab4/lab4/lab4.runs/impl_1/runme.log
open_hw_manager
connect_hw_server -allow_non_jtag
INFO: [Labtools 27-2285] Connecting to hw_server url TCP:localhost:3121
INFO: [Labtools 27-2222] Launching hw_server...
INFO: [Labtools 27-2221] Launch Output:

****** Xilinx hw_server v2020.2
  **** Build date : Nov 18 2020 at 10:01:48
    ** Copyright 1986-2020 Xilinx, Inc. All Rights Reserved.


INFO: [Labtools 27-3415] Connecting to cs_server url TCP:localhost:3042
INFO: [Labtools 27-3417] Launching cs_server...
INFO: [Labtools 27-2221] Launch Output:


******** Xilinx cs_server v2020.2
  ****** Build date   : Nov 04 2020-00:02:56
    **** Build number : 2020.2.1604437376
      ** Copyright 2017-2020 Xilinx, Inc. All Rights Reserved.



connect_hw_server: Time (s): cpu = 00:00:00 ; elapsed = 00:00:07 . Memory (MB): peak = 3945.836 ; gain = 0.000
disconnect_hw_server localhost:3121
connect_hw_server -allow_non_jtag
INFO: [Labtools 27-2285] Connecting to hw_server url TCP:localhost:3121
INFO: [Labtools 27-3415] Connecting to cs_server url TCP:localhost:3042
INFO: [Labtools 27-3414] Connected to existing cs_server.
open_hw_target
INFO: [Labtoolstcl 44-466] Opening hw_target localhost:3121/xilinx_tcf/Digilent/210183AA1409A
set_property PROGRAM.FILE {C:/Users/zeyne/Desktop/Spring22-23/ee102/lab4/lab4/lab4.runs/impl_1/muxFile.bit} [get_hw_devices xc7a35t_0]
current_hw_device [get_hw_devices xc7a35t_0]
refresh_hw_device -update_hw_probes false [lindex [get_hw_devices xc7a35t_0] 0]
INFO: [Labtools 27-1434] Device xc7a35t (JTAG device index = 0) is programmed with a design that has no supported debug core(s) in it.
set_property PROBES.FILE {} [get_hw_devices xc7a35t_0]
set_property FULL_PROBES.FILE {} [get_hw_devices xc7a35t_0]
set_property PROGRAM.FILE {C:/Users/zeyne/Desktop/Spring22-23/ee102/lab4/lab4/lab4.runs/impl_1/muxFile.bit} [get_hw_devices xc7a35t_0]
program_hw_devices [get_hw_devices xc7a35t_0]
INFO: [Labtools 27-3164] End of startup status: HIGH
refresh_hw_device [lindex [get_hw_devices xc7a35t_0] 0]
INFO: [Labtools 27-1434] Device xc7a35t (JTAG device index = 0) is programmed with a design that has no supported debug core(s) in it.
close_hw_manager
reset_run impl_1 -prev_step 
launch_runs impl_1 -to_step write_bitstream -jobs 4
[Sun Apr 30 19:20:57 2023] Launched impl_1...
Run output will be captured here: C:/Users/zeyne/Desktop/Spring22-23/ee102/lab4/lab4/lab4.runs/impl_1/runme.log
open_hw_manager
connect_hw_server -allow_non_jtag
INFO: [Labtools 27-2285] Connecting to hw_server url TCP:localhost:3121
INFO: [Labtools 27-2222] Launching hw_server...
INFO: [Labtools 27-2221] Launch Output:

****** Xilinx hw_server v2020.2
  **** Build date : Nov 18 2020 at 10:01:48
    ** Copyright 1986-2020 Xilinx, Inc. All Rights Reserved.


INFO: [Labtools 27-3415] Connecting to cs_server url TCP:localhost:3042
INFO: [Labtools 27-3417] Launching cs_server...
INFO: [Labtools 27-2221] Launch Output:


******** Xilinx cs_server v2020.2
  ****** Build date   : Nov 04 2020-00:02:56
    **** Build number : 2020.2.1604437376
      ** Copyright 2017-2020 Xilinx, Inc. All Rights Reserved.



connect_hw_server: Time (s): cpu = 00:00:00 ; elapsed = 00:00:07 . Memory (MB): peak = 3945.836 ; gain = 0.000
open_hw_target
INFO: [Labtoolstcl 44-466] Opening hw_target localhost:3121/xilinx_tcf/Digilent/210183AA1409A
set_property PROGRAM.FILE {C:/Users/zeyne/Desktop/Spring22-23/ee102/lab4/lab4/lab4.runs/impl_1/muxFile.bit} [get_hw_devices xc7a35t_0]
current_hw_device [get_hw_devices xc7a35t_0]
refresh_hw_device -update_hw_probes false [lindex [get_hw_devices xc7a35t_0] 0]
INFO: [Labtools 27-1434] Device xc7a35t (JTAG device index = 0) is programmed with a design that has no supported debug core(s) in it.
set_property PROBES.FILE {} [get_hw_devices xc7a35t_0]
set_property FULL_PROBES.FILE {} [get_hw_devices xc7a35t_0]
set_property PROGRAM.FILE {C:/Users/zeyne/Desktop/Spring22-23/ee102/lab4/lab4/lab4.runs/impl_1/muxFile.bit} [get_hw_devices xc7a35t_0]
program_hw_devices [get_hw_devices xc7a35t_0]
INFO: [Labtools 27-3164] End of startup status: HIGH
refresh_hw_device [lindex [get_hw_devices xc7a35t_0] 0]
INFO: [Labtools 27-1434] Device xc7a35t (JTAG device index = 0) is programmed with a design that has no supported debug core(s) in it.
reset_run synth_1
WARNING: [Vivado 12-1017] Problems encountered:
1. Failed to delete one or more files in run directory C:/Users/zeyne/Desktop/Spring22-23/ee102/lab4/lab4/lab4.runs/synth_1

launch_runs impl_1 -to_step write_bitstream -jobs 4
[Sun Apr 30 19:58:27 2023] Launched synth_1...
Run output will be captured here: C:/Users/zeyne/Desktop/Spring22-23/ee102/lab4/lab4/lab4.runs/synth_1/runme.log
[Sun Apr 30 19:58:27 2023] Launched impl_1...
Run output will be captured here: C:/Users/zeyne/Desktop/Spring22-23/ee102/lab4/lab4/lab4.runs/impl_1/runme.log
set_property PROBES.FILE {} [get_hw_devices xc7a35t_0]
set_property FULL_PROBES.FILE {} [get_hw_devices xc7a35t_0]
set_property PROGRAM.FILE {C:/Users/zeyne/Desktop/Spring22-23/ee102/lab4/lab4/lab4.runs/impl_1/muxFile.bit} [get_hw_devices xc7a35t_0]
program_hw_devices [get_hw_devices xc7a35t_0]
INFO: [Labtools 27-3164] End of startup status: HIGH
refresh_hw_device [lindex [get_hw_devices xc7a35t_0] 0]
INFO: [Labtools 27-1434] Device xc7a35t (JTAG device index = 0) is programmed with a design that has no supported debug core(s) in it.
reset_run impl_1 -prev_step 
launch_runs impl_1 -to_step write_bitstream -jobs 4
[Sun Apr 30 20:02:26 2023] Launched impl_1...
Run output will be captured here: C:/Users/zeyne/Desktop/Spring22-23/ee102/lab4/lab4/lab4.runs/impl_1/runme.log
open_run impl_1
Netlist sorting complete. Time (s): cpu = 00:00:00 ; elapsed = 00:00:00 . Memory (MB): peak = 3945.836 ; gain = 0.000
INFO: [Netlist 29-17] Analyzing 3 Unisim elements for replacement
INFO: [Netlist 29-28] Unisim Transformation completed in 0 CPU seconds
INFO: [Project 1-479] Netlist was created with Vivado 2020.2
INFO: [Project 1-570] Preparing netlist for logic optimization
INFO: [Timing 38-478] Restoring timing data from binary archive.
INFO: [Timing 38-479] Binary timing data restore complete.
INFO: [Project 1-856] Restoring constraints from binary archive.
INFO: [Project 1-853] Binary constraint restore complete.
Reading XDEF placement.
Reading placer database...
Reading XDEF routing.
Read XDEF File: Time (s): cpu = 00:00:00 ; elapsed = 00:00:00.062 . Memory (MB): peak = 3945.836 ; gain = 0.000
Restored from archive | CPU: 0.000000 secs | Memory: 0.000000 MB |
Finished XDEF File Restore: Time (s): cpu = 00:00:00 ; elapsed = 00:00:00.062 . Memory (MB): peak = 3945.836 ; gain = 0.000
Netlist sorting complete. Time (s): cpu = 00:00:00 ; elapsed = 00:00:00 . Memory (MB): peak = 3945.836 ; gain = 0.000
INFO: [Project 1-111] Unisim Transformation Summary:
No Unisim elements were transformed.

WARNING: [Timing 38-313] There are no user specified timing constraints. Timing constraints are needed for proper timing analysis.
set_property PROBES.FILE {} [get_hw_devices xc7a35t_0]
set_property FULL_PROBES.FILE {} [get_hw_devices xc7a35t_0]
set_property PROGRAM.FILE {C:/Users/zeyne/Desktop/Spring22-23/ee102/lab4/lab4/lab4.runs/impl_1/muxFile.bit} [get_hw_devices xc7a35t_0]
program_hw_devices [get_hw_devices xc7a35t_0]
INFO: [Labtools 27-3164] End of startup status: HIGH
refresh_hw_device [lindex [get_hw_devices xc7a35t_0] 0]
INFO: [Labtools 27-1434] Device xc7a35t (JTAG device index = 0) is programmed with a design that has no supported debug core(s) in it.
reset_run synth_1
WARNING: [Vivado 12-1017] Problems encountered:
1. Failed to delete one or more files in run directory C:/Users/zeyne/Desktop/Spring22-23/ee102/lab4/lab4/lab4.runs/synth_1

launch_runs impl_1 -to_step write_bitstream -jobs 4
[Sun Apr 30 20:04:52 2023] Launched synth_1...
Run output will be captured here: C:/Users/zeyne/Desktop/Spring22-23/ee102/lab4/lab4/lab4.runs/synth_1/runme.log
[Sun Apr 30 20:04:52 2023] Launched impl_1...
Run output will be captured here: C:/Users/zeyne/Desktop/Spring22-23/ee102/lab4/lab4/lab4.runs/impl_1/runme.log
close_hw_manager
reset_run impl_1 -prev_step 
launch_runs impl_1 -to_step write_bitstream -jobs 4
[Sun Apr 30 20:09:29 2023] Launched impl_1...
Run output will be captured here: C:/Users/zeyne/Desktop/Spring22-23/ee102/lab4/lab4/lab4.runs/impl_1/runme.log
open_hw_manager
connect_hw_server -allow_non_jtag
INFO: [Labtools 27-2285] Connecting to hw_server url TCP:localhost:3121
INFO: [Labtools 27-2222] Launching hw_server...
INFO: [Labtools 27-2221] Launch Output:

****** Xilinx hw_server v2020.2
  **** Build date : Nov 18 2020 at 10:01:48
    ** Copyright 1986-2020 Xilinx, Inc. All Rights Reserved.


INFO: [Labtools 27-3415] Connecting to cs_server url TCP:localhost:3042
INFO: [Labtools 27-3417] Launching cs_server...
INFO: [Labtools 27-2221] Launch Output:


******** Xilinx cs_server v2020.2
  ****** Build date   : Nov 04 2020-00:02:56
    **** Build number : 2020.2.1604437376
      ** Copyright 2017-2020 Xilinx, Inc. All Rights Reserved.



connect_hw_server: Time (s): cpu = 00:00:01 ; elapsed = 00:00:07 . Memory (MB): peak = 3967.332 ; gain = 0.000
open_hw_target
INFO: [Labtoolstcl 44-466] Opening hw_target localhost:3121/xilinx_tcf/Digilent/210183AA1409A
set_property PROGRAM.FILE {C:/Users/zeyne/Desktop/Spring22-23/ee102/lab4/lab4/lab4.runs/impl_1/muxFile.bit} [get_hw_devices xc7a35t_0]
current_hw_device [get_hw_devices xc7a35t_0]
refresh_hw_device -update_hw_probes false [lindex [get_hw_devices xc7a35t_0] 0]
INFO: [Labtools 27-1434] Device xc7a35t (JTAG device index = 0) is programmed with a design that has no supported debug core(s) in it.
set_property PROBES.FILE {} [get_hw_devices xc7a35t_0]
set_property FULL_PROBES.FILE {} [get_hw_devices xc7a35t_0]
set_property PROGRAM.FILE {C:/Users/zeyne/Desktop/Spring22-23/ee102/lab4/lab4/lab4.runs/impl_1/muxFile.bit} [get_hw_devices xc7a35t_0]
program_hw_devices [get_hw_devices xc7a35t_0]
INFO: [Labtools 27-3164] End of startup status: HIGH
refresh_hw_device [lindex [get_hw_devices xc7a35t_0] 0]
INFO: [Labtools 27-1434] Device xc7a35t (JTAG device index = 0) is programmed with a design that has no supported debug core(s) in it.
close_hw_manager
reset_run impl_1 -prev_step 
launch_runs impl_1 -to_step write_bitstream -jobs 4
[Sun Apr 30 20:11:45 2023] Launched impl_1...
Run output will be captured here: C:/Users/zeyne/Desktop/Spring22-23/ee102/lab4/lab4/lab4.runs/impl_1/runme.log
open_hw_manager
connect_hw_server -allow_non_jtag
INFO: [Labtools 27-2285] Connecting to hw_server url TCP:localhost:3121
INFO: [Labtools 27-2222] Launching hw_server...
INFO: [Labtools 27-2221] Launch Output:

****** Xilinx hw_server v2020.2
  **** Build date : Nov 18 2020 at 10:01:48
    ** Copyright 1986-2020 Xilinx, Inc. All Rights Reserved.


INFO: [Labtools 27-3415] Connecting to cs_server url TCP:localhost:3042
INFO: [Labtools 27-3417] Launching cs_server...
INFO: [Labtools 27-2221] Launch Output:


******** Xilinx cs_server v2020.2
  ****** Build date   : Nov 04 2020-00:02:56
    **** Build number : 2020.2.1604437376
      ** Copyright 2017-2020 Xilinx, Inc. All Rights Reserved.



connect_hw_server: Time (s): cpu = 00:00:00 ; elapsed = 00:00:07 . Memory (MB): peak = 3967.457 ; gain = 0.000
open_hw_target
INFO: [Labtoolstcl 44-466] Opening hw_target localhost:3121/xilinx_tcf/Digilent/210183AA1409A
set_property PROGRAM.FILE {C:/Users/zeyne/Desktop/Spring22-23/ee102/lab4/lab4/lab4.runs/impl_1/muxFile.bit} [get_hw_devices xc7a35t_0]
current_hw_device [get_hw_devices xc7a35t_0]
refresh_hw_device -update_hw_probes false [lindex [get_hw_devices xc7a35t_0] 0]
INFO: [Labtools 27-1434] Device xc7a35t (JTAG device index = 0) is programmed with a design that has no supported debug core(s) in it.
set_property PROBES.FILE {} [get_hw_devices xc7a35t_0]
set_property FULL_PROBES.FILE {} [get_hw_devices xc7a35t_0]
set_property PROGRAM.FILE {C:/Users/zeyne/Desktop/Spring22-23/ee102/lab4/lab4/lab4.runs/impl_1/muxFile.bit} [get_hw_devices xc7a35t_0]
program_hw_devices [get_hw_devices xc7a35t_0]
INFO: [Labtools 27-3164] End of startup status: HIGH
refresh_hw_device [lindex [get_hw_devices xc7a35t_0] 0]
INFO: [Labtools 27-1434] Device xc7a35t (JTAG device index = 0) is programmed with a design that has no supported debug core(s) in it.
close_hw_manager
reset_run synth_1
WARNING: [Vivado 12-1017] Problems encountered:
1. Failed to delete one or more files in run directory C:/Users/zeyne/Desktop/Spring22-23/ee102/lab4/lab4/lab4.runs/synth_1

launch_runs impl_1 -to_step write_bitstream -jobs 4
[Sun Apr 30 20:15:37 2023] Launched synth_1...
Run output will be captured here: C:/Users/zeyne/Desktop/Spring22-23/ee102/lab4/lab4/lab4.runs/synth_1/runme.log
[Sun Apr 30 20:15:37 2023] Launched impl_1...
Run output will be captured here: C:/Users/zeyne/Desktop/Spring22-23/ee102/lab4/lab4/lab4.runs/impl_1/runme.log
open_hw_manager
connect_hw_server -allow_non_jtag
INFO: [Labtools 27-2285] Connecting to hw_server url TCP:localhost:3121
INFO: [Labtools 27-2222] Launching hw_server...
INFO: [Labtools 27-2221] Launch Output:

****** Xilinx hw_server v2020.2
  **** Build date : Nov 18 2020 at 10:01:48
    ** Copyright 1986-2020 Xilinx, Inc. All Rights Reserved.


INFO: [Labtools 27-3415] Connecting to cs_server url TCP:localhost:3042
INFO: [Labtools 27-3417] Launching cs_server...
INFO: [Labtools 27-2221] Launch Output:


******** Xilinx cs_server v2020.2
  ****** Build date   : Nov 04 2020-00:02:56
    **** Build number : 2020.2.1604437376
      ** Copyright 2017-2020 Xilinx, Inc. All Rights Reserved.



connect_hw_server: Time (s): cpu = 00:00:00 ; elapsed = 00:00:07 . Memory (MB): peak = 3968.027 ; gain = 0.000
open_hw_target
INFO: [Labtoolstcl 44-466] Opening hw_target localhost:3121/xilinx_tcf/Digilent/210183AA1409A
set_property PROGRAM.FILE {C:/Users/zeyne/Desktop/Spring22-23/ee102/lab4/lab4/lab4.runs/impl_1/muxFile.bit} [get_hw_devices xc7a35t_0]
current_hw_device [get_hw_devices xc7a35t_0]
refresh_hw_device -update_hw_probes false [lindex [get_hw_devices xc7a35t_0] 0]
INFO: [Labtools 27-1434] Device xc7a35t (JTAG device index = 0) is programmed with a design that has no supported debug core(s) in it.
set_property PROBES.FILE {} [get_hw_devices xc7a35t_0]
set_property FULL_PROBES.FILE {} [get_hw_devices xc7a35t_0]
set_property PROGRAM.FILE {C:/Users/zeyne/Desktop/Spring22-23/ee102/lab4/lab4/lab4.runs/impl_1/muxFile.bit} [get_hw_devices xc7a35t_0]
program_hw_devices [get_hw_devices xc7a35t_0]
INFO: [Labtools 27-3164] End of startup status: HIGH
refresh_hw_device [lindex [get_hw_devices xc7a35t_0] 0]
INFO: [Labtools 27-1434] Device xc7a35t (JTAG device index = 0) is programmed with a design that has no supported debug core(s) in it.
close_hw_manager
reset_run impl_1 -prev_step 
launch_runs impl_1 -to_step write_bitstream -jobs 4
[Sun Apr 30 20:31:49 2023] Launched impl_1...
Run output will be captured here: C:/Users/zeyne/Desktop/Spring22-23/ee102/lab4/lab4/lab4.runs/impl_1/runme.log
open_hw_manager
launch_simulation
Command: launch_simulation 
INFO: [Vivado 12-5682] Launching behavioral simulation in 'C:/Users/zeyne/Desktop/Spring22-23/ee102/lab4/lab4/lab4.sim/sim_1/behav/xsim'
INFO: [SIM-utils-51] Simulation object is 'sim_1'
INFO: [SIM-utils-54] Inspecting design source files for 'testBench' in fileset 'sim_1'...
INFO: [USF-XSim-97] Finding global include files...
INFO: [USF-XSim-98] Fetching design files from 'sim_1'...
INFO: [USF-XSim-2] XSim::Compile design
INFO: [USF-XSim-61] Executing 'COMPILE and ANALYZE' step in 'C:/Users/zeyne/Desktop/Spring22-23/ee102/lab4/lab4/lab4.sim/sim_1/behav/xsim'
"xvhdl --incr --relax -prj testBench_vhdl.prj"
INFO: [VRFC 10-163] Analyzing VHDL file "C:/Users/zeyne/Desktop/Spring22-23/ee102/lab4/lab4/lab4.srcs/sources_1/new/addition.vhd" into library xil_defaultlib
INFO: [VRFC 10-3107] analyzing entity 'addition'
INFO: [VRFC 10-163] Analyzing VHDL file "C:/Users/zeyne/Desktop/Spring22-23/ee102/lab4/lab4/lab4.srcs/sources_1/new/bitwiseXOR.vhd" into library xil_defaultlib
INFO: [VRFC 10-3107] analyzing entity 'bitwiseXOR'
INFO: [VRFC 10-163] Analyzing VHDL file "C:/Users/zeyne/Desktop/Spring22-23/ee102/lab4/lab4/lab4.srcs/sources_1/new/muxFile.vhd" into library xil_defaultlib
INFO: [VRFC 10-3107] analyzing entity 'muxFile'
INFO: [VRFC 10-163] Analyzing VHDL file "C:/Users/zeyne/Desktop/Spring22-23/ee102/lab4/lab4/lab4.srcs/sources_1/new/subFullAdder.vhd" into library xil_defaultlib
INFO: [VRFC 10-3107] analyzing entity 'subFullAdder'
INFO: [VRFC 10-163] Analyzing VHDL file "C:/Users/zeyne/Desktop/Spring22-23/ee102/lab4/lab4/lab4.srcs/sources_1/new/subHalfAdder.vhd" into library xil_defaultlib
INFO: [VRFC 10-3107] analyzing entity 'subHalfAdder'
INFO: [VRFC 10-163] Analyzing VHDL file "C:/Users/zeyne/Desktop/Spring22-23/ee102/lab4/lab4/lab4.srcs/sources_1/new/subtraction.vhd" into library xil_defaultlib
INFO: [VRFC 10-3107] analyzing entity 'subtraction'
WARNING: [VRFC 10-3093] actual for formal port 'b' is neither a static name nor a globally static expression [C:/Users/zeyne/Desktop/Spring22-23/ee102/lab4/lab4/lab4.srcs/sources_1/new/subtraction.vhd:21]
WARNING: [VRFC 10-3093] actual for formal port 'b' is neither a static name nor a globally static expression [C:/Users/zeyne/Desktop/Spring22-23/ee102/lab4/lab4/lab4.srcs/sources_1/new/subtraction.vhd:22]
WARNING: [VRFC 10-3093] actual for formal port 'b' is neither a static name nor a globally static expression [C:/Users/zeyne/Desktop/Spring22-23/ee102/lab4/lab4/lab4.srcs/sources_1/new/subtraction.vhd:23]
WARNING: [VRFC 10-3093] actual for formal port 'b' is neither a static name nor a globally static expression [C:/Users/zeyne/Desktop/Spring22-23/ee102/lab4/lab4/lab4.srcs/sources_1/new/subtraction.vhd:24]
WARNING: [VRFC 10-3093] actual for formal port 'b' is neither a static name nor a globally static expression [C:/Users/zeyne/Desktop/Spring22-23/ee102/lab4/lab4/lab4.srcs/sources_1/new/subtraction.vhd:25]
WARNING: [VRFC 10-3093] actual for formal port 'b' is neither a static name nor a globally static expression [C:/Users/zeyne/Desktop/Spring22-23/ee102/lab4/lab4/lab4.srcs/sources_1/new/subtraction.vhd:26]
INFO: [USF-XSim-69] 'compile' step finished in '2' seconds
INFO: [USF-XSim-3] XSim::Elaborate design
INFO: [USF-XSim-61] Executing 'ELABORATE' step in 'C:/Users/zeyne/Desktop/Spring22-23/ee102/lab4/lab4/lab4.sim/sim_1/behav/xsim'
"xelab -wto 016dfeaddb0c483c8b1ce50f875ca442 --incr --debug typical --relax --mt 2 -L xil_defaultlib -L secureip --snapshot testBench_behav xil_defaultlib.testBench -log elaborate.log"
Vivado Simulator 2020.2
Copyright 1986-1999, 2001-2020 Xilinx, Inc. All Rights Reserved.
Running: C:/Xilinx/Vivado/2020.2/bin/unwrapped/win64.o/xelab.exe -wto 016dfeaddb0c483c8b1ce50f875ca442 --incr --debug typical --relax --mt 2 -L xil_defaultlib -L secureip --snapshot testBench_behav xil_defaultlib.testBench -log elaborate.log 
Using 2 slave threads.
Starting static elaboration
WARNING: [VRFC 10-3813] value in initialization depends on signal 'a' [C:/Users/zeyne/Desktop/Spring22-23/ee102/lab4/lab4/lab4.srcs/sources_1/new/comparator.vhd:14]
WARNING: [VRFC 10-3813] value in initialization depends on signal 'a' [C:/Users/zeyne/Desktop/Spring22-23/ee102/lab4/lab4/lab4.srcs/sources_1/new/comparator.vhd:15]
WARNING: [VRFC 10-3813] value in initialization depends on signal 'a' [C:/Users/zeyne/Desktop/Spring22-23/ee102/lab4/lab4/lab4.srcs/sources_1/new/comparator.vhd:16]
WARNING: [VRFC 10-3813] value in initialization depends on signal 'a' [C:/Users/zeyne/Desktop/Spring22-23/ee102/lab4/lab4/lab4.srcs/sources_1/new/comparator.vhd:17]
WARNING: [VRFC 10-3813] value in initialization depends on signal 'a' [C:/Users/zeyne/Desktop/Spring22-23/ee102/lab4/lab4/lab4.srcs/sources_1/new/comparator.vhd:18]
WARNING: [VRFC 10-3813] value in initialization depends on signal 'a' [C:/Users/zeyne/Desktop/Spring22-23/ee102/lab4/lab4/lab4.srcs/sources_1/new/comparator.vhd:19]
Completed static elaboration
Starting simulation data flow analysis
Completed simulation data flow analysis
Time Resolution for simulation is 1ps
Compiling package std.standard
Compiling package std.textio
Compiling package ieee.std_logic_1164
Compiling architecture behavioral of entity xil_defaultlib.halfAdder [halfadder_default]
Compiling architecture behavioral of entity xil_defaultlib.fullAdder [fulladder_default]
Compiling architecture behavioral of entity xil_defaultlib.addition [addition_default]
Compiling architecture behavioral of entity xil_defaultlib.subHalfAdder [subhalfadder_default]
Compiling architecture behavioral of entity xil_defaultlib.subFullAdder [subfulladder_default]
Compiling architecture behavioral of entity xil_defaultlib.subtraction [subtraction_default]
Compiling architecture behavioral of entity xil_defaultlib.logicalShiftLeft [logicalshiftleft_default]
Compiling architecture behavioral of entity xil_defaultlib.logicalShiftRight [logicalshiftright_default]
Compiling architecture behavioral of entity xil_defaultlib.arithmeticShiftRight [arithmeticshiftright_default]
Compiling architecture behavioral of entity xil_defaultlib.comparator [comparator_default]
Compiling architecture behavioral of entity xil_defaultlib.rotateRight [rotateright_default]
Compiling architecture behavioral of entity xil_defaultlib.bitwiseXOR [bitwisexor_default]
Compiling architecture behavioral of entity xil_defaultlib.muxFile [muxfile_default]
Compiling architecture behavioral of entity xil_defaultlib.testbench
Built simulation snapshot testBench_behav
INFO: [USF-XSim-69] 'elaborate' step finished in '1' seconds
INFO: [USF-XSim-4] XSim::Simulate design
INFO: [USF-XSim-61] Executing 'SIMULATE' step in 'C:/Users/zeyne/Desktop/Spring22-23/ee102/lab4/lab4/lab4.sim/sim_1/behav/xsim'
INFO: [USF-XSim-98] *** Running xsim
   with args "testBench_behav -key {Behavioral:sim_1:Functional:testBench} -tclbatch {testBench.tcl} -log {simulate.log}"
INFO: [USF-XSim-8] Loading simulator feature
Vivado Simulator 2020.2
Time resolution is 1 ps
source testBench.tcl
# set curr_wave [current_wave_config]
# if { [string length $curr_wave] == 0 } {
#   if { [llength [get_objects]] > 0} {
#     add_wave /
#     set_property needs_save false [current_wave_config]
#   } else {
#      send_msg_id Add_Wave-1 WARNING "No top level signals found. Simulator will start without a wave window. If you want to open a wave window go to 'File->New Waveform Configuration' or type 'create_wave_config' in the TCL console."
#   }
# }
# run 1000ns
INFO: [USF-XSim-96] XSim completed. Design snapshot 'testBench_behav' loaded.
INFO: [USF-XSim-97] XSim simulation ran for 1000ns
launch_simulation: Time (s): cpu = 00:00:02 ; elapsed = 00:00:05 . Memory (MB): peak = 4038.461 ; gain = 24.020
close_sim
INFO: [Simtcl 6-16] Simulation closed
close_hw_manager
close_design
synth_design -rtl -rtl_skip_mlo -name rtl_1
Command: synth_design -rtl -rtl_skip_mlo -name rtl_1
Starting synth_design
Using part: xc7a35tcpg236-1
Top: muxFile
---------------------------------------------------------------------------------
Starting RTL Elaboration : Time (s): cpu = 00:00:03 ; elapsed = 00:00:04 . Memory (MB): peak = 4042.527 ; gain = 0.000
---------------------------------------------------------------------------------
WARNING: [Synth 8-1565] actual for formal port b is neither a static name nor a globally static expression [C:/Users/zeyne/Desktop/Spring22-23/ee102/lab4/lab4/lab4.srcs/sources_1/new/subtraction.vhd:21]
WARNING: [Synth 8-1565] actual for formal port b is neither a static name nor a globally static expression [C:/Users/zeyne/Desktop/Spring22-23/ee102/lab4/lab4/lab4.srcs/sources_1/new/subtraction.vhd:22]
WARNING: [Synth 8-1565] actual for formal port b is neither a static name nor a globally static expression [C:/Users/zeyne/Desktop/Spring22-23/ee102/lab4/lab4/lab4.srcs/sources_1/new/subtraction.vhd:23]
WARNING: [Synth 8-1565] actual for formal port b is neither a static name nor a globally static expression [C:/Users/zeyne/Desktop/Spring22-23/ee102/lab4/lab4/lab4.srcs/sources_1/new/subtraction.vhd:24]
WARNING: [Synth 8-1565] actual for formal port b is neither a static name nor a globally static expression [C:/Users/zeyne/Desktop/Spring22-23/ee102/lab4/lab4/lab4.srcs/sources_1/new/subtraction.vhd:25]
WARNING: [Synth 8-1565] actual for formal port b is neither a static name nor a globally static expression [C:/Users/zeyne/Desktop/Spring22-23/ee102/lab4/lab4/lab4.srcs/sources_1/new/subtraction.vhd:26]
INFO: [Synth 8-638] synthesizing module 'muxFile' [C:/Users/zeyne/Desktop/Spring22-23/ee102/lab4/lab4/lab4.srcs/sources_1/new/muxFile.vhd:11]
INFO: [Synth 8-3491] module 'addition' declared at 'C:/Users/zeyne/Desktop/Spring22-23/ee102/lab4/lab4/lab4.srcs/sources_1/new/addition.vhd:4' bound to instance 'F1' of component 'addition' [C:/Users/zeyne/Desktop/Spring22-23/ee102/lab4/lab4/lab4.srcs/sources_1/new/muxFile.vhd:71]
INFO: [Synth 8-638] synthesizing module 'addition' [C:/Users/zeyne/Desktop/Spring22-23/ee102/lab4/lab4/lab4.srcs/sources_1/new/addition.vhd:11]
INFO: [Synth 8-3491] module 'fullAdder' declared at 'C:/Users/zeyne/Desktop/Spring22-23/ee102/lab4/lab4/lab4.srcs/sources_1/new/fullAdder.vhd:4' bound to instance 'FA0' of component 'fullAdder' [C:/Users/zeyne/Desktop/Spring22-23/ee102/lab4/lab4/lab4.srcs/sources_1/new/addition.vhd:25]
INFO: [Synth 8-638] synthesizing module 'fullAdder' [C:/Users/zeyne/Desktop/Spring22-23/ee102/lab4/lab4/lab4.srcs/sources_1/new/fullAdder.vhd:10]
INFO: [Synth 8-3491] module 'halfAdder' declared at 'C:/Users/zeyne/Desktop/Spring22-23/ee102/lab4/lab4/lab4.srcs/sources_1/new/halfAdder.vhd:4' bound to instance 'HA1' of component 'halfAdder' [C:/Users/zeyne/Desktop/Spring22-23/ee102/lab4/lab4/lab4.srcs/sources_1/new/fullAdder.vhd:22]
INFO: [Synth 8-638] synthesizing module 'halfAdder' [C:/Users/zeyne/Desktop/Spring22-23/ee102/lab4/lab4/lab4.srcs/sources_1/new/halfAdder.vhd:10]
INFO: [Synth 8-256] done synthesizing module 'halfAdder' (1#1) [C:/Users/zeyne/Desktop/Spring22-23/ee102/lab4/lab4/lab4.srcs/sources_1/new/halfAdder.vhd:10]
INFO: [Synth 8-3491] module 'halfAdder' declared at 'C:/Users/zeyne/Desktop/Spring22-23/ee102/lab4/lab4/lab4.srcs/sources_1/new/halfAdder.vhd:4' bound to instance 'HA2' of component 'halfAdder' [C:/Users/zeyne/Desktop/Spring22-23/ee102/lab4/lab4/lab4.srcs/sources_1/new/fullAdder.vhd:23]
INFO: [Synth 8-256] done synthesizing module 'fullAdder' (2#1) [C:/Users/zeyne/Desktop/Spring22-23/ee102/lab4/lab4/lab4.srcs/sources_1/new/fullAdder.vhd:10]
INFO: [Synth 8-3491] module 'fullAdder' declared at 'C:/Users/zeyne/Desktop/Spring22-23/ee102/lab4/lab4/lab4.srcs/sources_1/new/fullAdder.vhd:4' bound to instance 'FA1' of component 'fullAdder' [C:/Users/zeyne/Desktop/Spring22-23/ee102/lab4/lab4/lab4.srcs/sources_1/new/addition.vhd:26]
INFO: [Synth 8-3491] module 'fullAdder' declared at 'C:/Users/zeyne/Desktop/Spring22-23/ee102/lab4/lab4/lab4.srcs/sources_1/new/fullAdder.vhd:4' bound to instance 'FA2' of component 'fullAdder' [C:/Users/zeyne/Desktop/Spring22-23/ee102/lab4/lab4/lab4.srcs/sources_1/new/addition.vhd:27]
INFO: [Synth 8-3491] module 'fullAdder' declared at 'C:/Users/zeyne/Desktop/Spring22-23/ee102/lab4/lab4/lab4.srcs/sources_1/new/fullAdder.vhd:4' bound to instance 'FA3' of component 'fullAdder' [C:/Users/zeyne/Desktop/Spring22-23/ee102/lab4/lab4/lab4.srcs/sources_1/new/addition.vhd:28]
INFO: [Synth 8-3491] module 'fullAdder' declared at 'C:/Users/zeyne/Desktop/Spring22-23/ee102/lab4/lab4/lab4.srcs/sources_1/new/fullAdder.vhd:4' bound to instance 'FA4' of component 'fullAdder' [C:/Users/zeyne/Desktop/Spring22-23/ee102/lab4/lab4/lab4.srcs/sources_1/new/addition.vhd:29]
INFO: [Synth 8-3491] module 'fullAdder' declared at 'C:/Users/zeyne/Desktop/Spring22-23/ee102/lab4/lab4/lab4.srcs/sources_1/new/fullAdder.vhd:4' bound to instance 'FA5' of component 'fullAdder' [C:/Users/zeyne/Desktop/Spring22-23/ee102/lab4/lab4/lab4.srcs/sources_1/new/addition.vhd:30]
INFO: [Synth 8-256] done synthesizing module 'addition' (3#1) [C:/Users/zeyne/Desktop/Spring22-23/ee102/lab4/lab4/lab4.srcs/sources_1/new/addition.vhd:11]
INFO: [Synth 8-3491] module 'subtraction' declared at 'C:/Users/zeyne/Desktop/Spring22-23/ee102/lab4/lab4/lab4.srcs/sources_1/new/subtraction.vhd:4' bound to instance 'F2' of component 'subtraction' [C:/Users/zeyne/Desktop/Spring22-23/ee102/lab4/lab4/lab4.srcs/sources_1/new/muxFile.vhd:72]
INFO: [Synth 8-638] synthesizing module 'subtraction' [C:/Users/zeyne/Desktop/Spring22-23/ee102/lab4/lab4/lab4.srcs/sources_1/new/subtraction.vhd:9]
INFO: [Synth 8-3491] module 'subFullAdder' declared at 'C:/Users/zeyne/Desktop/Spring22-23/ee102/lab4/lab4/lab4.srcs/sources_1/new/subFullAdder.vhd:5' bound to instance 'FA1' of component 'subFullAdder' [C:/Users/zeyne/Desktop/Spring22-23/ee102/lab4/lab4/lab4.srcs/sources_1/new/subtraction.vhd:21]
INFO: [Synth 8-638] synthesizing module 'subFullAdder' [C:/Users/zeyne/Desktop/Spring22-23/ee102/lab4/lab4/lab4.srcs/sources_1/new/subFullAdder.vhd:11]
INFO: [Synth 8-3491] module 'subHalfAdder' declared at 'C:/Users/zeyne/Desktop/Spring22-23/ee102/lab4/lab4/lab4.srcs/sources_1/new/subHalfAdder.vhd:4' bound to instance 'HA1' of component 'subHalfAdder' [C:/Users/zeyne/Desktop/Spring22-23/ee102/lab4/lab4/lab4.srcs/sources_1/new/subFullAdder.vhd:24]
INFO: [Synth 8-638] synthesizing module 'subHalfAdder' [C:/Users/zeyne/Desktop/Spring22-23/ee102/lab4/lab4/lab4.srcs/sources_1/new/subHalfAdder.vhd:10]
INFO: [Synth 8-256] done synthesizing module 'subHalfAdder' (4#1) [C:/Users/zeyne/Desktop/Spring22-23/ee102/lab4/lab4/lab4.srcs/sources_1/new/subHalfAdder.vhd:10]
INFO: [Synth 8-3491] module 'subHalfAdder' declared at 'C:/Users/zeyne/Desktop/Spring22-23/ee102/lab4/lab4/lab4.srcs/sources_1/new/subHalfAdder.vhd:4' bound to instance 'HA2' of component 'subHalfAdder' [C:/Users/zeyne/Desktop/Spring22-23/ee102/lab4/lab4/lab4.srcs/sources_1/new/subFullAdder.vhd:25]
INFO: [Synth 8-256] done synthesizing module 'subFullAdder' (5#1) [C:/Users/zeyne/Desktop/Spring22-23/ee102/lab4/lab4/lab4.srcs/sources_1/new/subFullAdder.vhd:11]
INFO: [Synth 8-3491] module 'subFullAdder' declared at 'C:/Users/zeyne/Desktop/Spring22-23/ee102/lab4/lab4/lab4.srcs/sources_1/new/subFullAdder.vhd:5' bound to instance 'FA2' of component 'subFullAdder' [C:/Users/zeyne/Desktop/Spring22-23/ee102/lab4/lab4/lab4.srcs/sources_1/new/subtraction.vhd:22]
INFO: [Synth 8-3491] module 'subFullAdder' declared at 'C:/Users/zeyne/Desktop/Spring22-23/ee102/lab4/lab4/lab4.srcs/sources_1/new/subFullAdder.vhd:5' bound to instance 'FA3' of component 'subFullAdder' [C:/Users/zeyne/Desktop/Spring22-23/ee102/lab4/lab4/lab4.srcs/sources_1/new/subtraction.vhd:23]
INFO: [Synth 8-3491] module 'subFullAdder' declared at 'C:/Users/zeyne/Desktop/Spring22-23/ee102/lab4/lab4/lab4.srcs/sources_1/new/subFullAdder.vhd:5' bound to instance 'FA4' of component 'subFullAdder' [C:/Users/zeyne/Desktop/Spring22-23/ee102/lab4/lab4/lab4.srcs/sources_1/new/subtraction.vhd:24]
INFO: [Synth 8-3491] module 'subFullAdder' declared at 'C:/Users/zeyne/Desktop/Spring22-23/ee102/lab4/lab4/lab4.srcs/sources_1/new/subFullAdder.vhd:5' bound to instance 'FA5' of component 'subFullAdder' [C:/Users/zeyne/Desktop/Spring22-23/ee102/lab4/lab4/lab4.srcs/sources_1/new/subtraction.vhd:25]
INFO: [Synth 8-3491] module 'subFullAdder' declared at 'C:/Users/zeyne/Desktop/Spring22-23/ee102/lab4/lab4/lab4.srcs/sources_1/new/subFullAdder.vhd:5' bound to instance 'FA6' of component 'subFullAdder' [C:/Users/zeyne/Desktop/Spring22-23/ee102/lab4/lab4/lab4.srcs/sources_1/new/subtraction.vhd:26]
INFO: [Synth 8-256] done synthesizing module 'subtraction' (6#1) [C:/Users/zeyne/Desktop/Spring22-23/ee102/lab4/lab4/lab4.srcs/sources_1/new/subtraction.vhd:9]
INFO: [Synth 8-3491] module 'logicalShiftLeft' declared at 'C:/Users/zeyne/Desktop/Spring22-23/ee102/lab4/lab4/lab4.srcs/sources_1/new/logicalShiftLeft.vhd:6' bound to instance 'F3' of component 'logicalShiftLeft' [C:/Users/zeyne/Desktop/Spring22-23/ee102/lab4/lab4/lab4.srcs/sources_1/new/muxFile.vhd:73]
INFO: [Synth 8-638] synthesizing module 'logicalShiftLeft' [C:/Users/zeyne/Desktop/Spring22-23/ee102/lab4/lab4/lab4.srcs/sources_1/new/logicalShiftLeft.vhd:11]
INFO: [Synth 8-256] done synthesizing module 'logicalShiftLeft' (7#1) [C:/Users/zeyne/Desktop/Spring22-23/ee102/lab4/lab4/lab4.srcs/sources_1/new/logicalShiftLeft.vhd:11]
INFO: [Synth 8-3491] module 'logicalShiftRight' declared at 'C:/Users/zeyne/Desktop/Spring22-23/ee102/lab4/lab4/lab4.srcs/sources_1/new/logicalShiftRight.vhd:6' bound to instance 'F4' of component 'logicalShiftRight' [C:/Users/zeyne/Desktop/Spring22-23/ee102/lab4/lab4/lab4.srcs/sources_1/new/muxFile.vhd:74]
INFO: [Synth 8-638] synthesizing module 'logicalShiftRight' [C:/Users/zeyne/Desktop/Spring22-23/ee102/lab4/lab4/lab4.srcs/sources_1/new/logicalShiftRight.vhd:11]
INFO: [Synth 8-256] done synthesizing module 'logicalShiftRight' (8#1) [C:/Users/zeyne/Desktop/Spring22-23/ee102/lab4/lab4/lab4.srcs/sources_1/new/logicalShiftRight.vhd:11]
INFO: [Synth 8-3491] module 'arithmeticShiftRight' declared at 'C:/Users/zeyne/Desktop/Spring22-23/ee102/lab4/lab4/lab4.srcs/sources_1/new/arithmeticShiftRight.vhd:6' bound to instance 'F5' of component 'arithmeticShiftRight' [C:/Users/zeyne/Desktop/Spring22-23/ee102/lab4/lab4/lab4.srcs/sources_1/new/muxFile.vhd:75]
INFO: [Synth 8-638] synthesizing module 'arithmeticShiftRight' [C:/Users/zeyne/Desktop/Spring22-23/ee102/lab4/lab4/lab4.srcs/sources_1/new/arithmeticShiftRight.vhd:11]
INFO: [Synth 8-256] done synthesizing module 'arithmeticShiftRight' (9#1) [C:/Users/zeyne/Desktop/Spring22-23/ee102/lab4/lab4/lab4.srcs/sources_1/new/arithmeticShiftRight.vhd:11]
INFO: [Synth 8-3491] module 'comparator' declared at 'C:/Users/zeyne/Desktop/Spring22-23/ee102/lab4/lab4/lab4.srcs/sources_1/new/comparator.vhd:6' bound to instance 'F6' of component 'comparator' [C:/Users/zeyne/Desktop/Spring22-23/ee102/lab4/lab4/lab4.srcs/sources_1/new/muxFile.vhd:76]
INFO: [Synth 8-638] synthesizing module 'comparator' [C:/Users/zeyne/Desktop/Spring22-23/ee102/lab4/lab4/lab4.srcs/sources_1/new/comparator.vhd:12]
INFO: [Synth 8-256] done synthesizing module 'comparator' (10#1) [C:/Users/zeyne/Desktop/Spring22-23/ee102/lab4/lab4/lab4.srcs/sources_1/new/comparator.vhd:12]
INFO: [Synth 8-3491] module 'rotateRight' declared at 'C:/Users/zeyne/Desktop/Spring22-23/ee102/lab4/lab4/lab4.srcs/sources_1/new/rotateRight.vhd:4' bound to instance 'F7' of component 'rotateRight' [C:/Users/zeyne/Desktop/Spring22-23/ee102/lab4/lab4/lab4.srcs/sources_1/new/muxFile.vhd:77]
INFO: [Synth 8-638] synthesizing module 'rotateRight' [C:/Users/zeyne/Desktop/Spring22-23/ee102/lab4/lab4/lab4.srcs/sources_1/new/rotateRight.vhd:9]
INFO: [Synth 8-256] done synthesizing module 'rotateRight' (11#1) [C:/Users/zeyne/Desktop/Spring22-23/ee102/lab4/lab4/lab4.srcs/sources_1/new/rotateRight.vhd:9]
INFO: [Synth 8-3491] module 'bitwiseXOR' declared at 'C:/Users/zeyne/Desktop/Spring22-23/ee102/lab4/lab4/lab4.srcs/sources_1/new/bitwiseXOR.vhd:4' bound to instance 'F8' of component 'bitwiseXOR' [C:/Users/zeyne/Desktop/Spring22-23/ee102/lab4/lab4/lab4.srcs/sources_1/new/muxFile.vhd:78]
INFO: [Synth 8-638] synthesizing module 'bitwiseXOR' [C:/Users/zeyne/Desktop/Spring22-23/ee102/lab4/lab4/lab4.srcs/sources_1/new/bitwiseXOR.vhd:9]
INFO: [Synth 8-256] done synthesizing module 'bitwiseXOR' (12#1) [C:/Users/zeyne/Desktop/Spring22-23/ee102/lab4/lab4/lab4.srcs/sources_1/new/bitwiseXOR.vhd:9]
WARNING: [Synth 8-614] signal 'selection' is read in the process but is not in the sensitivity list [C:/Users/zeyne/Desktop/Spring22-23/ee102/lab4/lab4/lab4.srcs/sources_1/new/muxFile.vhd:79]
INFO: [Synth 8-256] done synthesizing module 'muxFile' (13#1) [C:/Users/zeyne/Desktop/Spring22-23/ee102/lab4/lab4/lab4.srcs/sources_1/new/muxFile.vhd:11]
---------------------------------------------------------------------------------
Finished RTL Elaboration : Time (s): cpu = 00:00:03 ; elapsed = 00:00:05 . Memory (MB): peak = 4042.527 ; gain = 0.000
---------------------------------------------------------------------------------
---------------------------------------------------------------------------------
Start Handling Custom Attributes
---------------------------------------------------------------------------------
---------------------------------------------------------------------------------
Finished Handling Custom Attributes : Time (s): cpu = 00:00:03 ; elapsed = 00:00:05 . Memory (MB): peak = 4042.527 ; gain = 0.000
---------------------------------------------------------------------------------
---------------------------------------------------------------------------------
Finished RTL Optimization Phase 1 : Time (s): cpu = 00:00:03 ; elapsed = 00:00:05 . Memory (MB): peak = 4042.527 ; gain = 0.000
---------------------------------------------------------------------------------
Netlist sorting complete. Time (s): cpu = 00:00:00 ; elapsed = 00:00:00 . Memory (MB): peak = 4042.527 ; gain = 0.000
INFO: [Project 1-570] Preparing netlist for logic optimization

Processing XDC Constraints
Initializing timing engine
Parsing XDC File [C:/Users/zeyne/Desktop/Spring22-23/ee102/lab4/lab4/lab4.srcs/constrs_1/new/core.xdc]
Finished Parsing XDC File [C:/Users/zeyne/Desktop/Spring22-23/ee102/lab4/lab4/lab4.srcs/constrs_1/new/core.xdc]
Completed Processing XDC Constraints

Netlist sorting complete. Time (s): cpu = 00:00:00 ; elapsed = 00:00:00.001 . Memory (MB): peak = 4042.527 ; gain = 0.000
INFO: [Project 1-111] Unisim Transformation Summary:
No Unisim elements were transformed.

RTL Elaboration Complete:  : Time (s): cpu = 00:00:08 ; elapsed = 00:00:07 . Memory (MB): peak = 4042.527 ; gain = 0.000
52 Infos, 7 Warnings, 0 Critical Warnings and 0 Errors encountered.
synth_design completed successfully
synth_design: Time (s): cpu = 00:00:08 ; elapsed = 00:00:07 . Memory (MB): peak = 4042.527 ; gain = 0.000
exit
INFO: [Common 17-206] Exiting Vivado at Sun Apr 30 23:44:39 2023...
