#-----------------------------------------------------------
# Vivado v2020.2 (64-bit)
# SW Build 3064766 on Wed Nov 18 09:12:45 MST 2020
# IP Build 3064653 on Wed Nov 18 14:17:31 MST 2020
# Start of session at: Tue May 23 23:31:36 2023
# Process ID: 28416
# Current directory: C:/Users/zeyne/Desktop/Spring22-23/ee102/lab5/lab5
# Command line: vivado.exe -gui_launcher_event rodinguilauncherevent32752 C:\Users\zeyne\Desktop\Spring22-23\ee102\lab5\lab5\lab5.xpr
# Log file: C:/Users/zeyne/Desktop/Spring22-23/ee102/lab5/lab5/vivado.log
# Journal file: C:/Users/zeyne/Desktop/Spring22-23/ee102/lab5/lab5\vivado.jou
#-----------------------------------------------------------
start_gui
open_project C:/Users/zeyne/Desktop/Spring22-23/ee102/lab5/lab5/lab5.xpr
WARNING: [filemgmt 56-3] Default IP Output Path : Could not find the directory 'C:/Users/zeyne/Desktop/Spring22-23/ee102/lab5/lab5/lab5.gen/sources_1'.
Scanning sources...
Finished scanning sources
INFO: [IP_Flow 19-234] Refreshing IP repositories
INFO: [IP_Flow 19-1704] No user IP repositories specified
INFO: [IP_Flow 19-2313] Loaded Vivado IP repository 'C:/Xilinx/Vivado/2020.2/data/ip'.
open_project: Time (s): cpu = 00:00:06 ; elapsed = 00:00:06 . Memory (MB): peak = 1018.824 ; gain = 0.000
update_compile_order -fileset sources_1
exit
INFO: [Common 17-206] Exiting Vivado at Tue May 23 23:32:16 2023...
