#-----------------------------------------------------------
# Vivado v2020.2 (64-bit)
# SW Build 3064766 on Wed Nov 18 09:12:45 MST 2020
# IP Build 3064653 on Wed Nov 18 14:17:31 MST 2020
# Start of session at: Wed May 24 08:03:10 2023
# Process ID: 30244
# Current directory: C:/Users/zeyne/Desktop/lab6
# Command line: vivado.exe -gui_launcher_event rodinguilauncherevent24480 C:\Users\zeyne\Desktop\lab6\lab6.xpr
# Log file: C:/Users/zeyne/Desktop/lab6/vivado.log
# Journal file: C:/Users/zeyne/Desktop/lab6\vivado.jou
#-----------------------------------------------------------
start_guioopen_project C:/Users/zeyne/Desktop/lab6/lab6.xpr
WARNING: [filemgmt 56-3] Default IP Output Path : Could not find the directory 'C:/Users/zeyne/Desktop/lab6/lab6.gen/sources_1'.
Scanning sources...
Finished scanning sources
INFO: [IP_Flow 19-234] Refreshing IP repositories
INFO: [IP_Flow 19-1704] No user IP repositories specified
INFO: [IP_Flow 19-2313] Loaded Vivado IP repository 'C:/Xilinx/Vivado/2020.2/data/ip'.
open_project: Time (s): cpu = 00:00:13 ; elapsed = 00:00:07 . Memory (MB): peak = 1014.938 ; gain = 0.000uupdate_compile_order -fileset sources_1exit
INFO: [Common 17-206] Exiting Vivado at Wed May 24 08:03:46 2023...

